<!doctype html public "-//w3c//dtd html 4.0 transitional//en">
<html><head>
<title>Static Call Graph - [..\OBJ\UCOSII-sh-1.0.axf]</title></head>
<body><HR>
<H1>Static Call Graph for image ..\OBJ\UCOSII-sh-1.0.axf</H1><HR>
<BR><P>#&#060CALLGRAPH&#062# ARM Linker, 5.02 [Build 28]: Last Updated: Mon Oct 24 18:09:32 2016
<BR><P>
<H3>Maximum Stack Usage =        536 bytes + Unknown(Functions without stacksize, Cycles, Untraceable Function Pointers)</H3><H3>
Call chain for Maximum Stack Depth:</H3>
filter_task &rArr; get_GPS_data &rArr; atof &rArr; __strtod_int &rArr; _local_sscanf &rArr; _scanf_real &rArr; _scanf_really_real &rArr; _fp_value &rArr; _btod_etento &rArr; _btod_emul &rArr; _e2e
<P>
<H3>
Functions with no stack information
</H3><UL>
 <LI><a href="#[1dc]">__user_initial_stackheap</a>
 <LI><a href="#[9f]">OS_CPU_SR_Save</a>
 <LI><a href="#[a2]">OS_CPU_SR_Restore</a>
 <LI><a href="#[175]">OSStartHighRdy</a>
 <LI><a href="#[173]">OSCtxSw</a>
 <LI><a href="#[170]">OSIntCtxSw</a>
 <LI><a href="#[c]">PendSV_Handler</a>
</UL>
</UL>
<P>
<H3>
Mutually Recursive functions
</H3> <LI><a href="#[20]">ADC1_2_IRQHandler</a>&nbsp;&nbsp;&nbsp;&rArr;&nbsp;&nbsp;&nbsp;<a href="#[20]">ADC1_2_IRQHandler</a><BR>
</UL>
<P>
<H3>
Function Pointers
</H3><UL>
 <LI><a href="#[20]">ADC1_2_IRQHandler</a> from startup_stm32f10x_hd.o(.text) referenced from startup_stm32f10x_hd.o(RESET)
 <LI><a href="#[3d]">ADC3_IRQHandler</a> from startup_stm32f10x_hd.o(.text) referenced from startup_stm32f10x_hd.o(RESET)
 <LI><a href="#[8]">BusFault_Handler</a> from stm32f10x_it.o(.text) referenced from startup_stm32f10x_hd.o(RESET)
 <LI><a href="#[23]">CAN1_RX1_IRQHandler</a> from startup_stm32f10x_hd.o(.text) referenced from startup_stm32f10x_hd.o(RESET)
 <LI><a href="#[24]">CAN1_SCE_IRQHandler</a> from startup_stm32f10x_hd.o(.text) referenced from startup_stm32f10x_hd.o(RESET)
 <LI><a href="#[19]">DMA1_Channel1_IRQHandler</a> from startup_stm32f10x_hd.o(.text) referenced from startup_stm32f10x_hd.o(RESET)
 <LI><a href="#[1a]">DMA1_Channel2_IRQHandler</a> from startup_stm32f10x_hd.o(.text) referenced from startup_stm32f10x_hd.o(RESET)
 <LI><a href="#[1b]">DMA1_Channel3_IRQHandler</a> from startup_stm32f10x_hd.o(.text) referenced from startup_stm32f10x_hd.o(RESET)
 <LI><a href="#[1c]">DMA1_Channel4_IRQHandler</a> from startup_stm32f10x_hd.o(.text) referenced from startup_stm32f10x_hd.o(RESET)
 <LI><a href="#[1d]">DMA1_Channel5_IRQHandler</a> from startup_stm32f10x_hd.o(.text) referenced from startup_stm32f10x_hd.o(RESET)
 <LI><a href="#[1e]">DMA1_Channel6_IRQHandler</a> from startup_stm32f10x_hd.o(.text) referenced from startup_stm32f10x_hd.o(RESET)
 <LI><a href="#[1f]">DMA1_Channel7_IRQHandler</a> from startup_stm32f10x_hd.o(.text) referenced from startup_stm32f10x_hd.o(RESET)
 <LI><a href="#[46]">DMA2_Channel1_IRQHandler</a> from startup_stm32f10x_hd.o(.text) referenced from startup_stm32f10x_hd.o(RESET)
 <LI><a href="#[47]">DMA2_Channel2_IRQHandler</a> from startup_stm32f10x_hd.o(.text) referenced from startup_stm32f10x_hd.o(RESET)
 <LI><a href="#[48]">DMA2_Channel3_IRQHandler</a> from startup_stm32f10x_hd.o(.text) referenced from startup_stm32f10x_hd.o(RESET)
 <LI><a href="#[49]">DMA2_Channel4_5_IRQHandler</a> from startup_stm32f10x_hd.o(.text) referenced from startup_stm32f10x_hd.o(RESET)
 <LI><a href="#[b]">DebugMon_Handler</a> from stm32f10x_it.o(.text) referenced from startup_stm32f10x_hd.o(RESET)
 <LI><a href="#[14]">EXTI0_IRQHandler</a> from startup_stm32f10x_hd.o(.text) referenced from startup_stm32f10x_hd.o(RESET)
 <LI><a href="#[36]">EXTI15_10_IRQHandler</a> from startup_stm32f10x_hd.o(.text) referenced from startup_stm32f10x_hd.o(RESET)
 <LI><a href="#[15]">EXTI1_IRQHandler</a> from startup_stm32f10x_hd.o(.text) referenced from startup_stm32f10x_hd.o(RESET)
 <LI><a href="#[16]">EXTI2_IRQHandler</a> from startup_stm32f10x_hd.o(.text) referenced from startup_stm32f10x_hd.o(RESET)
 <LI><a href="#[17]">EXTI3_IRQHandler</a> from startup_stm32f10x_hd.o(.text) referenced from startup_stm32f10x_hd.o(RESET)
 <LI><a href="#[18]">EXTI4_IRQHandler</a> from startup_stm32f10x_hd.o(.text) referenced from startup_stm32f10x_hd.o(RESET)
 <LI><a href="#[25]">EXTI9_5_IRQHandler</a> from startup_stm32f10x_hd.o(.text) referenced from startup_stm32f10x_hd.o(RESET)
 <LI><a href="#[12]">FLASH_IRQHandler</a> from startup_stm32f10x_hd.o(.text) referenced from startup_stm32f10x_hd.o(RESET)
 <LI><a href="#[3e]">FSMC_IRQHandler</a> from startup_stm32f10x_hd.o(.text) referenced from startup_stm32f10x_hd.o(RESET)
 <LI><a href="#[6]">HardFault_Handler</a> from stm32f10x_it.o(.text) referenced from startup_stm32f10x_hd.o(RESET)
 <LI><a href="#[2e]">I2C1_ER_IRQHandler</a> from startup_stm32f10x_hd.o(.text) referenced from startup_stm32f10x_hd.o(RESET)
 <LI><a href="#[2d]">I2C1_EV_IRQHandler</a> from startup_stm32f10x_hd.o(.text) referenced from startup_stm32f10x_hd.o(RESET)
 <LI><a href="#[30]">I2C2_ER_IRQHandler</a> from startup_stm32f10x_hd.o(.text) referenced from startup_stm32f10x_hd.o(RESET)
 <LI><a href="#[2f]">I2C2_EV_IRQHandler</a> from startup_stm32f10x_hd.o(.text) referenced from startup_stm32f10x_hd.o(RESET)
 <LI><a href="#[7]">MemManage_Handler</a> from stm32f10x_it.o(.text) referenced from startup_stm32f10x_hd.o(RESET)
 <LI><a href="#[5]">NMI_Handler</a> from stm32f10x_it.o(.text) referenced from startup_stm32f10x_hd.o(RESET)
 <LI><a href="#[4e]">OSTaskSwHook</a> from os_cpu_c.o(.text) referenced from os_cpu_a.o(.text)
 <LI><a href="#[163]">OS_TaskIdle</a> from os_core.o(.text) referenced from os_core.o(.text)
 <LI><a href="#[15e]">OS_TaskStat</a> from os_core.o(.text) referenced from os_core.o(.text)
 <LI><a href="#[f]">PVD_IRQHandler</a> from startup_stm32f10x_hd.o(.text) referenced from startup_stm32f10x_hd.o(RESET)
 <LI><a href="#[c]">PendSV_Handler</a> from os_cpu_a.o(.text) referenced from startup_stm32f10x_hd.o(RESET)
 <LI><a href="#[13]">RCC_IRQHandler</a> from startup_stm32f10x_hd.o(.text) referenced from startup_stm32f10x_hd.o(RESET)
 <LI><a href="#[37]">RTCAlarm_IRQHandler</a> from startup_stm32f10x_hd.o(.text) referenced from startup_stm32f10x_hd.o(RESET)
 <LI><a href="#[11]">RTC_IRQHandler</a> from startup_stm32f10x_hd.o(.text) referenced from startup_stm32f10x_hd.o(RESET)
 <LI><a href="#[4]">Reset_Handler</a> from startup_stm32f10x_hd.o(.text) referenced from startup_stm32f10x_hd.o(RESET)
 <LI><a href="#[3f]">SDIO_IRQHandler</a> from startup_stm32f10x_hd.o(.text) referenced from startup_stm32f10x_hd.o(RESET)
 <LI><a href="#[31]">SPI1_IRQHandler</a> from startup_stm32f10x_hd.o(.text) referenced from startup_stm32f10x_hd.o(RESET)
 <LI><a href="#[32]">SPI2_IRQHandler</a> from startup_stm32f10x_hd.o(.text) referenced from startup_stm32f10x_hd.o(RESET)
 <LI><a href="#[41]">SPI3_IRQHandler</a> from startup_stm32f10x_hd.o(.text) referenced from startup_stm32f10x_hd.o(RESET)
 <LI><a href="#[a]">SVC_Handler</a> from stm32f10x_it.o(.text) referenced from startup_stm32f10x_hd.o(RESET)
 <LI><a href="#[d]">SysTick_Handler</a> from delay.o(.text) referenced from startup_stm32f10x_hd.o(RESET)
 <LI><a href="#[4c]">SystemInit</a> from system_stm32f10x.o(.text) referenced from startup_stm32f10x_hd.o(.text)
 <LI><a href="#[10]">TAMPER_IRQHandler</a> from startup_stm32f10x_hd.o(.text) referenced from startup_stm32f10x_hd.o(RESET)
 <LI><a href="#[26]">TIM1_BRK_IRQHandler</a> from startup_stm32f10x_hd.o(.text) referenced from startup_stm32f10x_hd.o(RESET)
 <LI><a href="#[29]">TIM1_CC_IRQHandler</a> from startup_stm32f10x_hd.o(.text) referenced from startup_stm32f10x_hd.o(RESET)
 <LI><a href="#[28]">TIM1_TRG_COM_IRQHandler</a> from startup_stm32f10x_hd.o(.text) referenced from startup_stm32f10x_hd.o(RESET)
 <LI><a href="#[27]">TIM1_UP_IRQHandler</a> from startup_stm32f10x_hd.o(.text) referenced from startup_stm32f10x_hd.o(RESET)
 <LI><a href="#[2a]">TIM2_IRQHandler</a> from timer.o(.text) referenced from startup_stm32f10x_hd.o(RESET)
 <LI><a href="#[2b]">TIM3_IRQHandler</a> from startup_stm32f10x_hd.o(.text) referenced from startup_stm32f10x_hd.o(RESET)
 <LI><a href="#[2c]">TIM4_IRQHandler</a> from startup_stm32f10x_hd.o(.text) referenced from startup_stm32f10x_hd.o(RESET)
 <LI><a href="#[40]">TIM5_IRQHandler</a> from startup_stm32f10x_hd.o(.text) referenced from startup_stm32f10x_hd.o(RESET)
 <LI><a href="#[44]">TIM6_IRQHandler</a> from startup_stm32f10x_hd.o(.text) referenced from startup_stm32f10x_hd.o(RESET)
 <LI><a href="#[45]">TIM7_IRQHandler</a> from startup_stm32f10x_hd.o(.text) referenced from startup_stm32f10x_hd.o(RESET)
 <LI><a href="#[39]">TIM8_BRK_IRQHandler</a> from startup_stm32f10x_hd.o(.text) referenced from startup_stm32f10x_hd.o(RESET)
 <LI><a href="#[3c]">TIM8_CC_IRQHandler</a> from startup_stm32f10x_hd.o(.text) referenced from startup_stm32f10x_hd.o(RESET)
 <LI><a href="#[3b]">TIM8_TRG_COM_IRQHandler</a> from startup_stm32f10x_hd.o(.text) referenced from startup_stm32f10x_hd.o(RESET)
 <LI><a href="#[3a]">TIM8_UP_IRQHandler</a> from startup_stm32f10x_hd.o(.text) referenced from startup_stm32f10x_hd.o(RESET)
 <LI><a href="#[42]">UART4_IRQHandler</a> from startup_stm32f10x_hd.o(.text) referenced from startup_stm32f10x_hd.o(RESET)
 <LI><a href="#[43]">UART5_IRQHandler</a> from startup_stm32f10x_hd.o(.text) referenced from startup_stm32f10x_hd.o(RESET)
 <LI><a href="#[33]">USART1_IRQHandler</a> from usart.o(.text) referenced from startup_stm32f10x_hd.o(RESET)
 <LI><a href="#[34]">USART2_IRQHandler</a> from usart.o(.text) referenced from startup_stm32f10x_hd.o(RESET)
 <LI><a href="#[35]">USART3_IRQHandler</a> from usart.o(.text) referenced from startup_stm32f10x_hd.o(RESET)
 <LI><a href="#[38]">USBWakeUp_IRQHandler</a> from startup_stm32f10x_hd.o(.text) referenced from startup_stm32f10x_hd.o(RESET)
 <LI><a href="#[21]">USB_HP_CAN1_TX_IRQHandler</a> from startup_stm32f10x_hd.o(.text) referenced from startup_stm32f10x_hd.o(RESET)
 <LI><a href="#[22]">USB_LP_CAN1_RX0_IRQHandler</a> from startup_stm32f10x_hd.o(.text) referenced from startup_stm32f10x_hd.o(RESET)
 <LI><a href="#[9]">UsageFault_Handler</a> from stm32f10x_it.o(.text) referenced from startup_stm32f10x_hd.o(RESET)
 <LI><a href="#[e]">WWDG_IRQHandler</a> from startup_stm32f10x_hd.o(.text) referenced from startup_stm32f10x_hd.o(RESET)
 <LI><a href="#[56]">__main</a> from __main.o(!!!main) referenced from startup_stm32f10x_hd.o(.text)
 <LI><a href="#[55]">_get_lc_ctype</a> from lc_ctype_c.o(locale$$code) referenced from rt_ctype_table.o(.text)
 <LI><a href="#[50]">_printf_input_char</a> from _printf_char_common.o(.text) referenced from _printf_char_common.o(.text)
 <LI><a href="#[53]">_sbackspace</a> from _sgetc.o(.text) referenced from strtod.o(.text)
 <LI><a href="#[52]">_sgetc</a> from _sgetc.o(.text) referenced from strtod.o(.text)
 <LI><a href="#[4f]">_sputc</a> from _sputc.o(.text) referenced from __2sprintf.o(.text)
 <LI><a href="#[8d]">data_task</a> from main.o(.text) referenced from main.o(.text)
 <LI><a href="#[99]">filter_task</a> from main.o(.text) referenced from main.o(.text)
 <LI><a href="#[51]">fputc</a> from usart.o(.text) referenced from _printf_char_file.o(.text)
 <LI><a href="#[54]">isspace</a> from isspace.o(.text) referenced from strtod.o(.text)
 <LI><a href="#[96]">lcd_task</a> from main.o(.text) referenced from main.o(.text)
 <LI><a href="#[4b]">s_proto_read</a> from lcd_rl.o(.text) referenced from lcd_rl.o(.text)
 <LI><a href="#[4a]">s_proto_write</a> from lcd_rl.o(.text) referenced from lcd_rl.o(.text)
 <LI><a href="#[9c]">start_task</a> from main.o(.text) referenced from main.o(.text)
</UL>
<P>
<H3>
Global Symbols
</H3>
<P><STRONG><a name="[56]"></a>__main</STRONG> (Thumb, 8 bytes, Stack size 0 bytes, __main.o(!!!main))
<BR><BR>[Calls]<UL><LI><a href="#[58]">&gt;&gt;</a>&nbsp;&nbsp;&nbsp;__rt_entry
<LI><a href="#[57]">&gt;&gt;</a>&nbsp;&nbsp;&nbsp;__scatterload
</UL>

<P><STRONG><a name="[57]"></a>__scatterload</STRONG> (Thumb, 0 bytes, Stack size unknown bytes, __scatter.o(!!!scatter))
<BR><BR>[Called By]<UL><LI><a href="#[56]">&gt;&gt;</a>&nbsp;&nbsp;&nbsp;__main
</UL>

<P><STRONG><a name="[59]"></a>__scatterload_rt2</STRONG> (Thumb, 44 bytes, Stack size unknown bytes, __scatter.o(!!!scatter), UNUSED)
<BR><BR>[Calls]<UL><LI><a href="#[58]">&gt;&gt;</a>&nbsp;&nbsp;&nbsp;__rt_entry
</UL>

<P><STRONG><a name="[20f]"></a>__scatterload_rt2_thumb_only</STRONG> (Thumb, 0 bytes, Stack size unknown bytes, __scatter.o(!!!scatter), UNUSED)

<P><STRONG><a name="[210]"></a>__scatterload_null</STRONG> (Thumb, 0 bytes, Stack size unknown bytes, __scatter.o(!!!scatter), UNUSED)

<P><STRONG><a name="[5a]"></a>__scatterload_copy</STRONG> (Thumb, 26 bytes, Stack size unknown bytes, __scatter_copy.o(!!handler_copy), UNUSED)
<BR><BR>[Calls]<UL><LI><a href="#[5a]">&gt;&gt;</a>&nbsp;&nbsp;&nbsp;__scatterload_copy
</UL>
<BR>[Called By]<UL><LI><a href="#[5a]">&gt;&gt;</a>&nbsp;&nbsp;&nbsp;__scatterload_copy
</UL>

<P><STRONG><a name="[211]"></a>__scatterload_zeroinit</STRONG> (Thumb, 28 bytes, Stack size unknown bytes, __scatter_zi.o(!!handler_zi), UNUSED)

<P><STRONG><a name="[5b]"></a>_printf_n</STRONG> (Thumb, 0 bytes, Stack size unknown bytes, _printf_n.o(.ARM.Collect$$_printf_percent$$00000001))
<BR><BR>[Calls]<UL><LI><a href="#[5c]">&gt;&gt;</a>&nbsp;&nbsp;&nbsp;_printf_charcount
</UL>

<P><STRONG><a name="[1b9]"></a>_printf_percent</STRONG> (Thumb, 0 bytes, Stack size unknown bytes, _printf_percent.o(.ARM.Collect$$_printf_percent$$00000000))
<BR><BR>[Called By]<UL><LI><a href="#[1b7]">&gt;&gt;</a>&nbsp;&nbsp;&nbsp;__printf
</UL>

<P><STRONG><a name="[5d]"></a>_printf_p</STRONG> (Thumb, 0 bytes, Stack size unknown bytes, _printf_p.o(.ARM.Collect$$_printf_percent$$00000002))
<BR><BR>[Stack]<UL><LI>Max Depth = 64 + Unknown Stack Size
<LI>Call Chain = _printf_p &rArr; _printf_hex_ptr &rArr; _printf_longlong_hex &rArr; _printf_int_common &rArr; _printf_post_padding
</UL>
<BR>[Calls]<UL><LI><a href="#[5e]">&gt;&gt;</a>&nbsp;&nbsp;&nbsp;_printf_hex_ptr
</UL>

<P><STRONG><a name="[5f]"></a>_printf_f</STRONG> (Thumb, 0 bytes, Stack size unknown bytes, _printf_f.o(.ARM.Collect$$_printf_percent$$00000003))
<BR><BR>[Stack]<UL><LI>Max Depth = 320 + Unknown Stack Size
<LI>Call Chain = _printf_f &rArr; _printf_fp_dec &rArr; _printf_fp_dec_real &rArr; _fp_digits &rArr; _btod_etento &rArr; _btod_emul &rArr; _e2e
</UL>
<BR>[Calls]<UL><LI><a href="#[60]">&gt;&gt;</a>&nbsp;&nbsp;&nbsp;_printf_fp_dec
</UL>

<P><STRONG><a name="[61]"></a>_printf_e</STRONG> (Thumb, 0 bytes, Stack size unknown bytes, _printf_e.o(.ARM.Collect$$_printf_percent$$00000004))
<BR><BR>[Stack]<UL><LI>Max Depth = 320 + Unknown Stack Size
<LI>Call Chain = _printf_e &rArr; _printf_fp_dec &rArr; _printf_fp_dec_real &rArr; _fp_digits &rArr; _btod_etento &rArr; _btod_emul &rArr; _e2e
</UL>
<BR>[Calls]<UL><LI><a href="#[60]">&gt;&gt;</a>&nbsp;&nbsp;&nbsp;_printf_fp_dec
</UL>

<P><STRONG><a name="[62]"></a>_printf_g</STRONG> (Thumb, 0 bytes, Stack size unknown bytes, _printf_g.o(.ARM.Collect$$_printf_percent$$00000005))
<BR><BR>[Stack]<UL><LI>Max Depth = 320 + Unknown Stack Size
<LI>Call Chain = _printf_g &rArr; _printf_fp_dec &rArr; _printf_fp_dec_real &rArr; _fp_digits &rArr; _btod_etento &rArr; _btod_emul &rArr; _e2e
</UL>
<BR>[Calls]<UL><LI><a href="#[60]">&gt;&gt;</a>&nbsp;&nbsp;&nbsp;_printf_fp_dec
</UL>

<P><STRONG><a name="[63]"></a>_printf_a</STRONG> (Thumb, 0 bytes, Stack size unknown bytes, _printf_a.o(.ARM.Collect$$_printf_percent$$00000006))
<BR><BR>[Stack]<UL><LI>Max Depth = 112 + Unknown Stack Size
<LI>Call Chain = _printf_a &rArr; _printf_fp_hex &rArr; _printf_fp_hex_real &rArr; _printf_fp_infnan &rArr; _printf_post_padding
</UL>
<BR>[Calls]<UL><LI><a href="#[64]">&gt;&gt;</a>&nbsp;&nbsp;&nbsp;_printf_fp_hex
</UL>

<P><STRONG><a name="[212]"></a>_printf_ll</STRONG> (Thumb, 0 bytes, Stack size unknown bytes, _printf_ll.o(.ARM.Collect$$_printf_percent$$00000007))

<P><STRONG><a name="[65]"></a>_printf_i</STRONG> (Thumb, 0 bytes, Stack size unknown bytes, _printf_i.o(.ARM.Collect$$_printf_percent$$00000008))
<BR><BR>[Stack]<UL><LI>Max Depth = 72 + Unknown Stack Size
<LI>Call Chain = _printf_i &rArr; _printf_int_dec &rArr; _printf_int_common &rArr; _printf_post_padding
</UL>
<BR>[Calls]<UL><LI><a href="#[66]">&gt;&gt;</a>&nbsp;&nbsp;&nbsp;_printf_int_dec
</UL>

<P><STRONG><a name="[67]"></a>_printf_d</STRONG> (Thumb, 0 bytes, Stack size unknown bytes, _printf_d.o(.ARM.Collect$$_printf_percent$$00000009))
<BR><BR>[Stack]<UL><LI>Max Depth = 72 + Unknown Stack Size
<LI>Call Chain = _printf_d &rArr; _printf_int_dec &rArr; _printf_int_common &rArr; _printf_post_padding
</UL>
<BR>[Calls]<UL><LI><a href="#[66]">&gt;&gt;</a>&nbsp;&nbsp;&nbsp;_printf_int_dec
</UL>

<P><STRONG><a name="[68]"></a>_printf_u</STRONG> (Thumb, 0 bytes, Stack size unknown bytes, _printf_u.o(.ARM.Collect$$_printf_percent$$0000000A))
<BR><BR>[Stack]<UL><LI>Max Depth = 72 + Unknown Stack Size
<LI>Call Chain = _printf_u &rArr; _printf_int_dec &rArr; _printf_int_common &rArr; _printf_post_padding
</UL>
<BR>[Calls]<UL><LI><a href="#[66]">&gt;&gt;</a>&nbsp;&nbsp;&nbsp;_printf_int_dec
</UL>

<P><STRONG><a name="[69]"></a>_printf_o</STRONG> (Thumb, 0 bytes, Stack size unknown bytes, _printf_o.o(.ARM.Collect$$_printf_percent$$0000000B))
<BR><BR>[Stack]<UL><LI>Max Depth = 64 + Unknown Stack Size
<LI>Call Chain = _printf_o &rArr; _printf_int_oct &rArr; _printf_longlong_oct &rArr; _printf_int_common &rArr; _printf_post_padding
</UL>
<BR>[Calls]<UL><LI><a href="#[6a]">&gt;&gt;</a>&nbsp;&nbsp;&nbsp;_printf_int_oct
</UL>

<P><STRONG><a name="[6b]"></a>_printf_x</STRONG> (Thumb, 0 bytes, Stack size unknown bytes, _printf_x.o(.ARM.Collect$$_printf_percent$$0000000C))
<BR><BR>[Stack]<UL><LI>Max Depth = 80 + Unknown Stack Size
<LI>Call Chain = _printf_x &rArr; _printf_int_hex &rArr; _printf_longlong_hex &rArr; _printf_int_common &rArr; _printf_post_padding
</UL>
<BR>[Calls]<UL><LI><a href="#[6c]">&gt;&gt;</a>&nbsp;&nbsp;&nbsp;_printf_int_hex
</UL>

<P><STRONG><a name="[6d]"></a>_printf_lli</STRONG> (Thumb, 0 bytes, Stack size unknown bytes, _printf_lli.o(.ARM.Collect$$_printf_percent$$0000000D))
<BR><BR>[Stack]<UL><LI>Max Depth = 72 + Unknown Stack Size
<LI>Call Chain = _printf_lli &rArr; _printf_longlong_dec &rArr; _printf_int_common &rArr; _printf_post_padding
</UL>
<BR>[Calls]<UL><LI><a href="#[6e]">&gt;&gt;</a>&nbsp;&nbsp;&nbsp;_printf_longlong_dec
</UL>

<P><STRONG><a name="[6f]"></a>_printf_lld</STRONG> (Thumb, 0 bytes, Stack size unknown bytes, _printf_lld.o(.ARM.Collect$$_printf_percent$$0000000E))
<BR><BR>[Stack]<UL><LI>Max Depth = 72 + Unknown Stack Size
<LI>Call Chain = _printf_lld &rArr; _printf_longlong_dec &rArr; _printf_int_common &rArr; _printf_post_padding
</UL>
<BR>[Calls]<UL><LI><a href="#[6e]">&gt;&gt;</a>&nbsp;&nbsp;&nbsp;_printf_longlong_dec
</UL>

<P><STRONG><a name="[70]"></a>_printf_llu</STRONG> (Thumb, 0 bytes, Stack size unknown bytes, _printf_llu.o(.ARM.Collect$$_printf_percent$$0000000F))
<BR><BR>[Stack]<UL><LI>Max Depth = 72 + Unknown Stack Size
<LI>Call Chain = _printf_llu &rArr; _printf_longlong_dec &rArr; _printf_int_common &rArr; _printf_post_padding
</UL>
<BR>[Calls]<UL><LI><a href="#[6e]">&gt;&gt;</a>&nbsp;&nbsp;&nbsp;_printf_longlong_dec
</UL>

<P><STRONG><a name="[71]"></a>_printf_llo</STRONG> (Thumb, 0 bytes, Stack size unknown bytes, _printf_llo.o(.ARM.Collect$$_printf_percent$$00000010))
<BR><BR>[Stack]<UL><LI>Max Depth = 56 + Unknown Stack Size
<LI>Call Chain = _printf_llo &rArr; _printf_ll_oct &rArr; _printf_longlong_oct &rArr; _printf_int_common &rArr; _printf_post_padding
</UL>
<BR>[Calls]<UL><LI><a href="#[72]">&gt;&gt;</a>&nbsp;&nbsp;&nbsp;_printf_ll_oct
</UL>

<P><STRONG><a name="[73]"></a>_printf_llx</STRONG> (Thumb, 0 bytes, Stack size unknown bytes, _printf_llx.o(.ARM.Collect$$_printf_percent$$00000011))
<BR><BR>[Stack]<UL><LI>Max Depth = 64 + Unknown Stack Size
<LI>Call Chain = _printf_llx &rArr; _printf_ll_hex &rArr; _printf_longlong_hex &rArr; _printf_int_common &rArr; _printf_post_padding
</UL>
<BR>[Calls]<UL><LI><a href="#[74]">&gt;&gt;</a>&nbsp;&nbsp;&nbsp;_printf_ll_hex
</UL>

<P><STRONG><a name="[213]"></a>_printf_l</STRONG> (Thumb, 0 bytes, Stack size unknown bytes, _printf_l.o(.ARM.Collect$$_printf_percent$$00000012))

<P><STRONG><a name="[75]"></a>_printf_c</STRONG> (Thumb, 0 bytes, Stack size unknown bytes, _printf_c.o(.ARM.Collect$$_printf_percent$$00000013))
<BR><BR>[Stack]<UL><LI>Max Depth = 40 + Unknown Stack Size
<LI>Call Chain = _printf_c &rArr; _printf_char &rArr; _printf_cs_common &rArr; _printf_str &rArr; _printf_post_padding
</UL>
<BR>[Calls]<UL><LI><a href="#[76]">&gt;&gt;</a>&nbsp;&nbsp;&nbsp;_printf_char
</UL>

<P><STRONG><a name="[77]"></a>_printf_s</STRONG> (Thumb, 0 bytes, Stack size unknown bytes, _printf_s.o(.ARM.Collect$$_printf_percent$$00000014))
<BR><BR>[Stack]<UL><LI>Max Depth = 40 + Unknown Stack Size
<LI>Call Chain = _printf_s &rArr; _printf_string &rArr; _printf_cs_common &rArr; _printf_str &rArr; _printf_post_padding
</UL>
<BR>[Calls]<UL><LI><a href="#[78]">&gt;&gt;</a>&nbsp;&nbsp;&nbsp;_printf_string
</UL>

<P><STRONG><a name="[79]"></a>_printf_lc</STRONG> (Thumb, 0 bytes, Stack size unknown bytes, _printf_lc.o(.ARM.Collect$$_printf_percent$$00000015))
<BR><BR>[Stack]<UL><LI>Max Depth = 88 + Unknown Stack Size
<LI>Call Chain = _printf_lc &rArr; _printf_wchar &rArr; _printf_lcs_common &rArr; _printf_wctomb &rArr; _wcrtomb &rArr; __rt_ctype_table
</UL>
<BR>[Calls]<UL><LI><a href="#[7a]">&gt;&gt;</a>&nbsp;&nbsp;&nbsp;_printf_wchar
</UL>

<P><STRONG><a name="[7b]"></a>_printf_ls</STRONG> (Thumb, 0 bytes, Stack size unknown bytes, _printf_ls.o(.ARM.Collect$$_printf_percent$$00000016))
<BR><BR>[Stack]<UL><LI>Max Depth = 88 + Unknown Stack Size
<LI>Call Chain = _printf_ls &rArr; _printf_wstring &rArr; _printf_lcs_common &rArr; _printf_wctomb &rArr; _wcrtomb &rArr; __rt_ctype_table
</UL>
<BR>[Calls]<UL><LI><a href="#[7c]">&gt;&gt;</a>&nbsp;&nbsp;&nbsp;_printf_wstring
</UL>

<P><STRONG><a name="[214]"></a>_printf_percent_end</STRONG> (Thumb, 0 bytes, Stack size unknown bytes, _printf_percent_end.o(.ARM.Collect$$_printf_percent$$00000017))

<P><STRONG><a name="[85]"></a>__rt_lib_init</STRONG> (Thumb, 0 bytes, Stack size unknown bytes, libinit.o(.ARM.Collect$$libinit$$00000000))
<BR><BR>[Called By]<UL><LI><a href="#[84]">&gt;&gt;</a>&nbsp;&nbsp;&nbsp;__rt_entry_li
</UL>

<P><STRONG><a name="[215]"></a>__rt_lib_init_fp_1</STRONG> (Thumb, 0 bytes, Stack size unknown bytes, libinit2.o(.ARM.Collect$$libinit$$00000002))

<P><STRONG><a name="[216]"></a>__rt_lib_init_heap_1</STRONG> (Thumb, 0 bytes, Stack size unknown bytes, libinit2.o(.ARM.Collect$$libinit$$00000008))

<P><STRONG><a name="[7d]"></a>__rt_lib_init_lc_common</STRONG> (Thumb, 0 bytes, Stack size unknown bytes, libinit2.o(.ARM.Collect$$libinit$$0000000D))
<BR><BR>[Calls]<UL><LI><a href="#[7e]">&gt;&gt;</a>&nbsp;&nbsp;&nbsp;__rt_locale
</UL>

<P><STRONG><a name="[217]"></a>__rt_lib_init_rand_1</STRONG> (Thumb, 0 bytes, Stack size unknown bytes, libinit2.o(.ARM.Collect$$libinit$$0000000C))

<P><STRONG><a name="[218]"></a>__rt_lib_init_user_alloc_1</STRONG> (Thumb, 0 bytes, Stack size unknown bytes, libinit2.o(.ARM.Collect$$libinit$$0000000A))

<P><STRONG><a name="[219]"></a>__rt_lib_init_lc_collate_1</STRONG> (Thumb, 0 bytes, Stack size unknown bytes, libinit2.o(.ARM.Collect$$libinit$$0000000F))

<P><STRONG><a name="[7f]"></a>__rt_lib_init_lc_ctype_2</STRONG> (Thumb, 0 bytes, Stack size unknown bytes, libinit2.o(.ARM.Collect$$libinit$$00000010))
<BR><BR>[Stack]<UL><LI>Max Depth = 8 + Unknown Stack Size
<LI>Call Chain = __rt_lib_init_lc_ctype_2 &rArr; _get_lc_ctype
</UL>
<BR>[Calls]<UL><LI><a href="#[55]">&gt;&gt;</a>&nbsp;&nbsp;&nbsp;_get_lc_ctype
</UL>

<P><STRONG><a name="[21a]"></a>__rt_lib_init_lc_ctype_1</STRONG> (Thumb, 0 bytes, Stack size unknown bytes, libinit2.o(.ARM.Collect$$libinit$$00000011))

<P><STRONG><a name="[21b]"></a>__rt_lib_init_lc_monetary_1</STRONG> (Thumb, 0 bytes, Stack size unknown bytes, libinit2.o(.ARM.Collect$$libinit$$00000013))

<P><STRONG><a name="[80]"></a>__rt_lib_init_lc_numeric_2</STRONG> (Thumb, 0 bytes, Stack size unknown bytes, libinit2.o(.ARM.Collect$$libinit$$00000014))
<BR><BR>[Stack]<UL><LI>Max Depth = 8 + Unknown Stack Size
<LI>Call Chain = __rt_lib_init_lc_numeric_2 &rArr; _get_lc_numeric
</UL>
<BR>[Calls]<UL><LI><a href="#[81]">&gt;&gt;</a>&nbsp;&nbsp;&nbsp;_get_lc_numeric
</UL>

<P><STRONG><a name="[21c]"></a>__rt_lib_init_alloca_1</STRONG> (Thumb, 0 bytes, Stack size unknown bytes, libinit2.o(.ARM.Collect$$libinit$$0000002C))

<P><STRONG><a name="[21d]"></a>__rt_lib_init_argv_1</STRONG> (Thumb, 0 bytes, Stack size unknown bytes, libinit2.o(.ARM.Collect$$libinit$$0000002A))

<P><STRONG><a name="[21e]"></a>__rt_lib_init_atexit_1</STRONG> (Thumb, 0 bytes, Stack size unknown bytes, libinit2.o(.ARM.Collect$$libinit$$00000019))

<P><STRONG><a name="[21f]"></a>__rt_lib_init_clock_1</STRONG> (Thumb, 0 bytes, Stack size unknown bytes, libinit2.o(.ARM.Collect$$libinit$$0000001F))

<P><STRONG><a name="[220]"></a>__rt_lib_init_cpp_1</STRONG> (Thumb, 0 bytes, Stack size unknown bytes, libinit2.o(.ARM.Collect$$libinit$$00000030))

<P><STRONG><a name="[221]"></a>__rt_lib_init_exceptions_1</STRONG> (Thumb, 0 bytes, Stack size unknown bytes, libinit2.o(.ARM.Collect$$libinit$$0000002E))

<P><STRONG><a name="[222]"></a>__rt_lib_init_fp_trap_1</STRONG> (Thumb, 0 bytes, Stack size unknown bytes, libinit2.o(.ARM.Collect$$libinit$$0000001D))

<P><STRONG><a name="[223]"></a>__rt_lib_init_getenv_1</STRONG> (Thumb, 0 bytes, Stack size unknown bytes, libinit2.o(.ARM.Collect$$libinit$$00000021))

<P><STRONG><a name="[224]"></a>__rt_lib_init_lc_numeric_1</STRONG> (Thumb, 0 bytes, Stack size unknown bytes, libinit2.o(.ARM.Collect$$libinit$$00000015))

<P><STRONG><a name="[225]"></a>__rt_lib_init_lc_time_1</STRONG> (Thumb, 0 bytes, Stack size unknown bytes, libinit2.o(.ARM.Collect$$libinit$$00000017))

<P><STRONG><a name="[226]"></a>__rt_lib_init_return</STRONG> (Thumb, 0 bytes, Stack size unknown bytes, libinit2.o(.ARM.Collect$$libinit$$00000031))

<P><STRONG><a name="[227]"></a>__rt_lib_init_signal_1</STRONG> (Thumb, 0 bytes, Stack size unknown bytes, libinit2.o(.ARM.Collect$$libinit$$0000001B))

<P><STRONG><a name="[228]"></a>__rt_lib_init_stdio_1</STRONG> (Thumb, 0 bytes, Stack size unknown bytes, libinit2.o(.ARM.Collect$$libinit$$00000023))

<P><STRONG><a name="[8a]"></a>__rt_lib_shutdown</STRONG> (Thumb, 0 bytes, Stack size unknown bytes, libshutdown.o(.ARM.Collect$$libshutdown$$00000000))
<BR><BR>[Called By]<UL><LI><a href="#[89]">&gt;&gt;</a>&nbsp;&nbsp;&nbsp;__rt_exit_ls
</UL>

<P><STRONG><a name="[229]"></a>__rt_lib_shutdown_fp_trap_1</STRONG> (Thumb, 0 bytes, Stack size unknown bytes, libshutdown2.o(.ARM.Collect$$libshutdown$$00000006))

<P><STRONG><a name="[22a]"></a>__rt_lib_shutdown_heap_1</STRONG> (Thumb, 0 bytes, Stack size unknown bytes, libshutdown2.o(.ARM.Collect$$libshutdown$$0000000E))

<P><STRONG><a name="[22b]"></a>__rt_lib_shutdown_return</STRONG> (Thumb, 0 bytes, Stack size unknown bytes, libshutdown2.o(.ARM.Collect$$libshutdown$$0000000F))

<P><STRONG><a name="[22c]"></a>__rt_lib_shutdown_signal_1</STRONG> (Thumb, 0 bytes, Stack size unknown bytes, libshutdown2.o(.ARM.Collect$$libshutdown$$00000009))

<P><STRONG><a name="[22d]"></a>__rt_lib_shutdown_stdio_1</STRONG> (Thumb, 0 bytes, Stack size unknown bytes, libshutdown2.o(.ARM.Collect$$libshutdown$$00000003))

<P><STRONG><a name="[22e]"></a>__rt_lib_shutdown_user_alloc_1</STRONG> (Thumb, 0 bytes, Stack size unknown bytes, libshutdown2.o(.ARM.Collect$$libshutdown$$0000000B))

<P><STRONG><a name="[58]"></a>__rt_entry</STRONG> (Thumb, 0 bytes, Stack size unknown bytes, rtentry.o(.ARM.Collect$$rtentry$$00000000))
<BR><BR>[Called By]<UL><LI><a href="#[56]">&gt;&gt;</a>&nbsp;&nbsp;&nbsp;__main
<LI><a href="#[59]">&gt;&gt;</a>&nbsp;&nbsp;&nbsp;__scatterload_rt2
</UL>

<P><STRONG><a name="[22f]"></a>__rt_entry_presh_1</STRONG> (Thumb, 0 bytes, Stack size unknown bytes, rtentry2.o(.ARM.Collect$$rtentry$$00000002))

<P><STRONG><a name="[82]"></a>__rt_entry_sh</STRONG> (Thumb, 0 bytes, Stack size unknown bytes, rtentry4.o(.ARM.Collect$$rtentry$$00000004))
<BR><BR>[Stack]<UL><LI>Max Depth = 8 + Unknown Stack Size
<LI>Call Chain = __rt_entry_sh &rArr; __user_setup_stackheap
</UL>
<BR>[Calls]<UL><LI><a href="#[83]">&gt;&gt;</a>&nbsp;&nbsp;&nbsp;__user_setup_stackheap
</UL>

<P><STRONG><a name="[84]"></a>__rt_entry_li</STRONG> (Thumb, 0 bytes, Stack size unknown bytes, rtentry2.o(.ARM.Collect$$rtentry$$0000000A))
<BR><BR>[Calls]<UL><LI><a href="#[85]">&gt;&gt;</a>&nbsp;&nbsp;&nbsp;__rt_lib_init
</UL>

<P><STRONG><a name="[230]"></a>__rt_entry_postsh_1</STRONG> (Thumb, 0 bytes, Stack size unknown bytes, rtentry2.o(.ARM.Collect$$rtentry$$00000009))

<P><STRONG><a name="[86]"></a>__rt_entry_main</STRONG> (Thumb, 0 bytes, Stack size unknown bytes, rtentry2.o(.ARM.Collect$$rtentry$$0000000D))
<BR><BR>[Stack]<UL><LI>Max Depth = 444 + Unknown Stack Size
<LI>Call Chain = __rt_entry_main &rArr; main &rArr; sim808_init &rArr; GSM_gprs_test &rArr; STMFLASH_Write &rArr; STMFLASH_Write_NoCheck &rArr; FLASH_ProgramHalfWord &rArr; FLASH_WaitForLastOperation
</UL>
<BR>[Calls]<UL><LI><a href="#[87]">&gt;&gt;</a>&nbsp;&nbsp;&nbsp;main
<LI><a href="#[88]">&gt;&gt;</a>&nbsp;&nbsp;&nbsp;exit
</UL>

<P><STRONG><a name="[231]"></a>__rt_entry_postli_1</STRONG> (Thumb, 0 bytes, Stack size unknown bytes, rtentry2.o(.ARM.Collect$$rtentry$$0000000C))

<P><STRONG><a name="[1e4]"></a>__rt_exit</STRONG> (Thumb, 0 bytes, Stack size unknown bytes, rtexit.o(.ARM.Collect$$rtexit$$00000000))
<BR><BR>[Called By]<UL><LI><a href="#[88]">&gt;&gt;</a>&nbsp;&nbsp;&nbsp;exit
</UL>

<P><STRONG><a name="[89]"></a>__rt_exit_ls</STRONG> (Thumb, 0 bytes, Stack size unknown bytes, rtexit2.o(.ARM.Collect$$rtexit$$00000003))
<BR><BR>[Calls]<UL><LI><a href="#[8a]">&gt;&gt;</a>&nbsp;&nbsp;&nbsp;__rt_lib_shutdown
</UL>

<P><STRONG><a name="[232]"></a>__rt_exit_prels_1</STRONG> (Thumb, 0 bytes, Stack size unknown bytes, rtexit2.o(.ARM.Collect$$rtexit$$00000002))

<P><STRONG><a name="[8b]"></a>__rt_exit_exit</STRONG> (Thumb, 0 bytes, Stack size unknown bytes, rtexit2.o(.ARM.Collect$$rtexit$$00000004))
<BR><BR>[Calls]<UL><LI><a href="#[8c]">&gt;&gt;</a>&nbsp;&nbsp;&nbsp;_sys_exit
</UL>

<P><STRONG><a name="[8d]"></a>data_task</STRONG> (Thumb, 110 bytes, Stack size 0 bytes, main.o(.text))
<BR><BR>[Stack]<UL><LI>Max Depth = 208 + Unknown Stack Size
<LI>Call Chain = data_task &rArr; get_pressure_1 &rArr; __2sprintf &rArr; _printf_char_common &rArr; __printf
</UL>
<BR>[Calls]<UL><LI><a href="#[90]">&gt;&gt;</a>&nbsp;&nbsp;&nbsp;itoa
<LI><a href="#[94]">&gt;&gt;</a>&nbsp;&nbsp;&nbsp;get_pressure_2
<LI><a href="#[93]">&gt;&gt;</a>&nbsp;&nbsp;&nbsp;get_pressure_1
<LI><a href="#[95]">&gt;&gt;</a>&nbsp;&nbsp;&nbsp;delay_ms
<LI><a href="#[92]">&gt;&gt;</a>&nbsp;&nbsp;&nbsp;MAX31855_ReadData_3
<LI><a href="#[91]">&gt;&gt;</a>&nbsp;&nbsp;&nbsp;MAX31855_ReadData_2
<LI><a href="#[8e]">&gt;&gt;</a>&nbsp;&nbsp;&nbsp;MAX31855_ReadData_1
<LI><a href="#[8f]">&gt;&gt;</a>&nbsp;&nbsp;&nbsp;__aeabi_f2iz
</UL>
<BR>[Address Reference Count : 1]<UL><LI> main.o(.text)
</UL>
<P><STRONG><a name="[96]"></a>lcd_task</STRONG> (Thumb, 20 bytes, Stack size 0 bytes, main.o(.text))
<BR><BR>[Stack]<UL><LI>Max Depth = 120 + Unknown Stack Size
<LI>Call Chain = lcd_task &rArr; lcd_showdata &rArr; atoi &rArr; strtol &rArr; _strtoul
</UL>
<BR>[Calls]<UL><LI><a href="#[98]">&gt;&gt;</a>&nbsp;&nbsp;&nbsp;lcd_showdata
<LI><a href="#[95]">&gt;&gt;</a>&nbsp;&nbsp;&nbsp;delay_ms
<LI><a href="#[97]">&gt;&gt;</a>&nbsp;&nbsp;&nbsp;CLR_Buf3
</UL>
<BR>[Address Reference Count : 1]<UL><LI> main.o(.text)
</UL>
<P><STRONG><a name="[99]"></a>filter_task</STRONG> (Thumb, 20 bytes, Stack size 0 bytes, main.o(.text))
<BR><BR>[Stack]<UL><LI>Max Depth = 536 + Unknown Stack Size
<LI>Call Chain = filter_task &rArr; get_GPS_data &rArr; atof &rArr; __strtod_int &rArr; _local_sscanf &rArr; _scanf_real &rArr; _scanf_really_real &rArr; _fp_value &rArr; _btod_etento &rArr; _btod_emul &rArr; _e2e
</UL>
<BR>[Calls]<UL><LI><a href="#[9a]">&gt;&gt;</a>&nbsp;&nbsp;&nbsp;get_GPS_data
<LI><a href="#[9b]">&gt;&gt;</a>&nbsp;&nbsp;&nbsp;filter_platform
<LI><a href="#[95]">&gt;&gt;</a>&nbsp;&nbsp;&nbsp;delay_ms
</UL>
<BR>[Address Reference Count : 1]<UL><LI> main.o(.text)
</UL>
<P><STRONG><a name="[9c]"></a>start_task</STRONG> (Thumb, 102 bytes, Stack size 16 bytes, main.o(.text))
<BR><BR>[Stack]<UL><LI>Max Depth = 104 + Unknown Stack Size
<LI>Call Chain = start_task &rArr; OSTaskCreate &rArr; OS_TCBInit
</UL>
<BR>[Calls]<UL><LI><a href="#[9f]">&gt;&gt;</a>&nbsp;&nbsp;&nbsp;OS_CPU_SR_Save
<LI><a href="#[a2]">&gt;&gt;</a>&nbsp;&nbsp;&nbsp;OS_CPU_SR_Restore
<LI><a href="#[a1]">&gt;&gt;</a>&nbsp;&nbsp;&nbsp;OSTaskSuspend
<LI><a href="#[a0]">&gt;&gt;</a>&nbsp;&nbsp;&nbsp;OSTaskCreate
<LI><a href="#[9e]">&gt;&gt;</a>&nbsp;&nbsp;&nbsp;OSStatInit
<LI><a href="#[9d]">&gt;&gt;</a>&nbsp;&nbsp;&nbsp;OSSemCreate
</UL>
<BR>[Address Reference Count : 1]<UL><LI> main.o(.text)
</UL>
<P><STRONG><a name="[87]"></a>main</STRONG> (Thumb, 98 bytes, Stack size 8 bytes, main.o(.text))
<BR><BR>[Stack]<UL><LI>Max Depth = 444 + Unknown Stack Size
<LI>Call Chain = main &rArr; sim808_init &rArr; GSM_gprs_test &rArr; STMFLASH_Write &rArr; STMFLASH_Write_NoCheck &rArr; FLASH_ProgramHalfWord &rArr; FLASH_WaitForLastOperation
</UL>
<BR>[Calls]<UL><LI><a href="#[a7]">&gt;&gt;</a>&nbsp;&nbsp;&nbsp;uart_init
<LI><a href="#[ad]">&gt;&gt;</a>&nbsp;&nbsp;&nbsp;sim808_init
<LI><a href="#[ac]">&gt;&gt;</a>&nbsp;&nbsp;&nbsp;lcd_init
<LI><a href="#[a3]">&gt;&gt;</a>&nbsp;&nbsp;&nbsp;delay_init
<LI><a href="#[a9]">&gt;&gt;</a>&nbsp;&nbsp;&nbsp;USART3_Init_Config
<LI><a href="#[a8]">&gt;&gt;</a>&nbsp;&nbsp;&nbsp;USART2_Init_Config
<LI><a href="#[a4]">&gt;&gt;</a>&nbsp;&nbsp;&nbsp;Timer2_Init_Config
<LI><a href="#[a0]">&gt;&gt;</a>&nbsp;&nbsp;&nbsp;OSTaskCreate
<LI><a href="#[af]">&gt;&gt;</a>&nbsp;&nbsp;&nbsp;OSStart
<LI><a href="#[ae]">&gt;&gt;</a>&nbsp;&nbsp;&nbsp;OSInit
<LI><a href="#[a5]">&gt;&gt;</a>&nbsp;&nbsp;&nbsp;NVIC_Configuration
<LI><a href="#[ab]">&gt;&gt;</a>&nbsp;&nbsp;&nbsp;MAX31855_Init
<LI><a href="#[a6]">&gt;&gt;</a>&nbsp;&nbsp;&nbsp;GPIO_Config
<LI><a href="#[aa]">&gt;&gt;</a>&nbsp;&nbsp;&nbsp;Adc_Init
</UL>
<BR>[Called By]<UL><LI><a href="#[86]">&gt;&gt;</a>&nbsp;&nbsp;&nbsp;__rt_entry_main
</UL>

<P><STRONG><a name="[4c]"></a>SystemInit</STRONG> (Thumb, 78 bytes, Stack size 8 bytes, system_stm32f10x.o(.text))
<BR><BR>[Stack]<UL><LI>Max Depth = 16<LI>Call Chain = SystemInit &rArr; SetSysClock
</UL>
<BR>[Calls]<UL><LI><a href="#[b0]">&gt;&gt;</a>&nbsp;&nbsp;&nbsp;SetSysClock
</UL>
<BR>[Address Reference Count : 1]<UL><LI> startup_stm32f10x_hd.o(.text)
</UL>
<P><STRONG><a name="[233]"></a>SystemCoreClockUpdate</STRONG> (Thumb, 142 bytes, Stack size 8 bytes, system_stm32f10x.o(.text), UNUSED)

<P><STRONG><a name="[5]"></a>NMI_Handler</STRONG> (Thumb, 2 bytes, Stack size 0 bytes, stm32f10x_it.o(.text))
<BR>[Address Reference Count : 1]<UL><LI> startup_stm32f10x_hd.o(RESET)
</UL>
<P><STRONG><a name="[6]"></a>HardFault_Handler</STRONG> (Thumb, 4 bytes, Stack size 0 bytes, stm32f10x_it.o(.text))
<BR>[Address Reference Count : 1]<UL><LI> startup_stm32f10x_hd.o(RESET)
</UL>
<P><STRONG><a name="[7]"></a>MemManage_Handler</STRONG> (Thumb, 4 bytes, Stack size 0 bytes, stm32f10x_it.o(.text))
<BR>[Address Reference Count : 1]<UL><LI> startup_stm32f10x_hd.o(RESET)
</UL>
<P><STRONG><a name="[8]"></a>BusFault_Handler</STRONG> (Thumb, 4 bytes, Stack size 0 bytes, stm32f10x_it.o(.text))
<BR>[Address Reference Count : 1]<UL><LI> startup_stm32f10x_hd.o(RESET)
</UL>
<P><STRONG><a name="[9]"></a>UsageFault_Handler</STRONG> (Thumb, 4 bytes, Stack size 0 bytes, stm32f10x_it.o(.text))
<BR>[Address Reference Count : 1]<UL><LI> startup_stm32f10x_hd.o(RESET)
</UL>
<P><STRONG><a name="[a]"></a>SVC_Handler</STRONG> (Thumb, 2 bytes, Stack size 0 bytes, stm32f10x_it.o(.text))
<BR>[Address Reference Count : 1]<UL><LI> startup_stm32f10x_hd.o(RESET)
</UL>
<P><STRONG><a name="[b]"></a>DebugMon_Handler</STRONG> (Thumb, 2 bytes, Stack size 0 bytes, stm32f10x_it.o(.text))
<BR>[Address Reference Count : 1]<UL><LI> startup_stm32f10x_hd.o(RESET)
</UL>
<P><STRONG><a name="[b2]"></a>LED_ALL_OFF</STRONG> (Thumb, 14 bytes, Stack size 8 bytes, led.o(.text))
<BR><BR>[Stack]<UL><LI>Max Depth = 8<LI>Call Chain = LED_ALL_OFF
</UL>
<BR>[Calls]<UL><LI><a href="#[b3]">&gt;&gt;</a>&nbsp;&nbsp;&nbsp;GPIO_ResetBits
</UL>
<BR>[Called By]<UL><LI><a href="#[a6]">&gt;&gt;</a>&nbsp;&nbsp;&nbsp;GPIO_Config
</UL>

<P><STRONG><a name="[a6]"></a>GPIO_Config</STRONG> (Thumb, 44 bytes, Stack size 8 bytes, led.o(.text))
<BR><BR>[Stack]<UL><LI>Max Depth = 32<LI>Call Chain = GPIO_Config &rArr; GPIO_Init
</UL>
<BR>[Calls]<UL><LI><a href="#[b4]">&gt;&gt;</a>&nbsp;&nbsp;&nbsp;RCC_APB2PeriphClockCmd
<LI><a href="#[b5]">&gt;&gt;</a>&nbsp;&nbsp;&nbsp;GPIO_Init
<LI><a href="#[b2]">&gt;&gt;</a>&nbsp;&nbsp;&nbsp;LED_ALL_OFF
</UL>
<BR>[Called By]<UL><LI><a href="#[87]">&gt;&gt;</a>&nbsp;&nbsp;&nbsp;main
</UL>

<P><STRONG><a name="[b6]"></a>LED1_ON</STRONG> (Thumb, 12 bytes, Stack size 8 bytes, led.o(.text), UNUSED)
<BR><BR>[Calls]<UL><LI><a href="#[b7]">&gt;&gt;</a>&nbsp;&nbsp;&nbsp;GPIO_SetBits
</UL>

<P><STRONG><a name="[b8]"></a>LED1_OFF</STRONG> (Thumb, 12 bytes, Stack size 8 bytes, led.o(.text), UNUSED)
<BR><BR>[Calls]<UL><LI><a href="#[b3]">&gt;&gt;</a>&nbsp;&nbsp;&nbsp;GPIO_ResetBits
</UL>

<P><STRONG><a name="[b9]"></a>LED2_ON</STRONG> (Thumb, 12 bytes, Stack size 8 bytes, led.o(.text), UNUSED)
<BR><BR>[Calls]<UL><LI><a href="#[b7]">&gt;&gt;</a>&nbsp;&nbsp;&nbsp;GPIO_SetBits
</UL>

<P><STRONG><a name="[ba]"></a>LED2_OFF</STRONG> (Thumb, 12 bytes, Stack size 8 bytes, led.o(.text), UNUSED)
<BR><BR>[Calls]<UL><LI><a href="#[b3]">&gt;&gt;</a>&nbsp;&nbsp;&nbsp;GPIO_ResetBits
</UL>

<P><STRONG><a name="[bb]"></a>LED3_ON</STRONG> (Thumb, 12 bytes, Stack size 8 bytes, led.o(.text), UNUSED)
<BR><BR>[Calls]<UL><LI><a href="#[b7]">&gt;&gt;</a>&nbsp;&nbsp;&nbsp;GPIO_SetBits
</UL>

<P><STRONG><a name="[bc]"></a>LED3_OFF</STRONG> (Thumb, 12 bytes, Stack size 8 bytes, led.o(.text), UNUSED)
<BR><BR>[Calls]<UL><LI><a href="#[b3]">&gt;&gt;</a>&nbsp;&nbsp;&nbsp;GPIO_ResetBits
</UL>

<P><STRONG><a name="[bd]"></a>LED4_ON</STRONG> (Thumb, 14 bytes, Stack size 8 bytes, led.o(.text))
<BR><BR>[Stack]<UL><LI>Max Depth = 8<LI>Call Chain = LED4_ON
</UL>
<BR>[Calls]<UL><LI><a href="#[b7]">&gt;&gt;</a>&nbsp;&nbsp;&nbsp;GPIO_SetBits
</UL>
<BR>[Called By]<UL><LI><a href="#[2a]">&gt;&gt;</a>&nbsp;&nbsp;&nbsp;TIM2_IRQHandler
</UL>

<P><STRONG><a name="[be]"></a>LED4_OFF</STRONG> (Thumb, 14 bytes, Stack size 8 bytes, led.o(.text))
<BR><BR>[Stack]<UL><LI>Max Depth = 8<LI>Call Chain = LED4_OFF
</UL>
<BR>[Calls]<UL><LI><a href="#[b3]">&gt;&gt;</a>&nbsp;&nbsp;&nbsp;GPIO_ResetBits
</UL>
<BR>[Called By]<UL><LI><a href="#[2a]">&gt;&gt;</a>&nbsp;&nbsp;&nbsp;TIM2_IRQHandler
</UL>

<P><STRONG><a name="[bf]"></a>LED_ALL_ON</STRONG> (Thumb, 14 bytes, Stack size 8 bytes, led.o(.text), UNUSED)
<BR><BR>[Calls]<UL><LI><a href="#[b7]">&gt;&gt;</a>&nbsp;&nbsp;&nbsp;GPIO_SetBits
</UL>

<P><STRONG><a name="[c3]"></a>STMFLASH_ReadHalfWord</STRONG> (Thumb, 6 bytes, Stack size 0 bytes, flash.o(.text))
<BR><BR>[Called By]<UL><LI><a href="#[c2]">&gt;&gt;</a>&nbsp;&nbsp;&nbsp;STMFLASH_Read
</UL>

<P><STRONG><a name="[c0]"></a>STMFLASH_Write_NoCheck</STRONG> (Thumb, 38 bytes, Stack size 24 bytes, flash.o(.text))
<BR><BR>[Stack]<UL><LI>Max Depth = 44<LI>Call Chain = STMFLASH_Write_NoCheck &rArr; FLASH_ProgramHalfWord &rArr; FLASH_WaitForLastOperation
</UL>
<BR>[Calls]<UL><LI><a href="#[c1]">&gt;&gt;</a>&nbsp;&nbsp;&nbsp;FLASH_ProgramHalfWord
</UL>
<BR>[Called By]<UL><LI><a href="#[c4]">&gt;&gt;</a>&nbsp;&nbsp;&nbsp;STMFLASH_Write
</UL>

<P><STRONG><a name="[c2]"></a>STMFLASH_Read</STRONG> (Thumb, 34 bytes, Stack size 12 bytes, flash.o(.text))
<BR><BR>[Stack]<UL><LI>Max Depth = 12<LI>Call Chain = STMFLASH_Read
</UL>
<BR>[Calls]<UL><LI><a href="#[c3]">&gt;&gt;</a>&nbsp;&nbsp;&nbsp;STMFLASH_ReadHalfWord
</UL>
<BR>[Called By]<UL><LI><a href="#[d3]">&gt;&gt;</a>&nbsp;&nbsp;&nbsp;GSM_gprs_test
<LI><a href="#[c4]">&gt;&gt;</a>&nbsp;&nbsp;&nbsp;STMFLASH_Write
<LI><a href="#[ad]">&gt;&gt;</a>&nbsp;&nbsp;&nbsp;sim808_init
</UL>

<P><STRONG><a name="[c4]"></a>STMFLASH_Write</STRONG> (Thumb, 222 bytes, Stack size 40 bytes, flash.o(.text))
<BR><BR>[Stack]<UL><LI>Max Depth = 84<LI>Call Chain = STMFLASH_Write &rArr; STMFLASH_Write_NoCheck &rArr; FLASH_ProgramHalfWord &rArr; FLASH_WaitForLastOperation
</UL>
<BR>[Calls]<UL><LI><a href="#[c5]">&gt;&gt;</a>&nbsp;&nbsp;&nbsp;FLASH_Unlock
<LI><a href="#[c7]">&gt;&gt;</a>&nbsp;&nbsp;&nbsp;FLASH_Lock
<LI><a href="#[c6]">&gt;&gt;</a>&nbsp;&nbsp;&nbsp;FLASH_ErasePage
<LI><a href="#[c2]">&gt;&gt;</a>&nbsp;&nbsp;&nbsp;STMFLASH_Read
<LI><a href="#[c0]">&gt;&gt;</a>&nbsp;&nbsp;&nbsp;STMFLASH_Write_NoCheck
</UL>
<BR>[Called By]<UL><LI><a href="#[d3]">&gt;&gt;</a>&nbsp;&nbsp;&nbsp;GSM_gprs_test
<LI><a href="#[c8]">&gt;&gt;</a>&nbsp;&nbsp;&nbsp;Test_Write
</UL>

<P><STRONG><a name="[c8]"></a>Test_Write</STRONG> (Thumb, 16 bytes, Stack size 16 bytes, flash.o(.text), UNUSED)
<BR><BR>[Calls]<UL><LI><a href="#[c4]">&gt;&gt;</a>&nbsp;&nbsp;&nbsp;STMFLASH_Write
</UL>

<P><STRONG><a name="[c9]"></a>GSM_send_cmd</STRONG> (Thumb, 108 bytes, Stack size 24 bytes, gsm.o(.text))
<BR><BR>[Stack]<UL><LI>Max Depth = 36<LI>Call Chain = GSM_send_cmd &rArr; strstr
</UL>
<BR>[Calls]<UL><LI><a href="#[cc]">&gt;&gt;</a>&nbsp;&nbsp;&nbsp;USART_SendData
<LI><a href="#[cb]">&gt;&gt;</a>&nbsp;&nbsp;&nbsp;USART_GetFlagStatus
<LI><a href="#[cd]">&gt;&gt;</a>&nbsp;&nbsp;&nbsp;UART2_SendString
<LI><a href="#[ca]">&gt;&gt;</a>&nbsp;&nbsp;&nbsp;CLR_Buf2
<LI><a href="#[ce]">&gt;&gt;</a>&nbsp;&nbsp;&nbsp;strstr
</UL>
<BR>[Called By]<UL><LI><a href="#[115]">&gt;&gt;</a>&nbsp;&nbsp;&nbsp;GSM_mtest
<LI><a href="#[d0]">&gt;&gt;</a>&nbsp;&nbsp;&nbsp;GSM_gsminfo
<LI><a href="#[d6]">&gt;&gt;</a>&nbsp;&nbsp;&nbsp;sim808_conn_init
<LI><a href="#[ad]">&gt;&gt;</a>&nbsp;&nbsp;&nbsp;sim808_init
<LI><a href="#[9b]">&gt;&gt;</a>&nbsp;&nbsp;&nbsp;filter_platform
</UL>

<P><STRONG><a name="[ad]"></a>sim808_init</STRONG> (Thumb, 258 bytes, Stack size 8 bytes, gsm.o(.text))
<BR><BR>[Stack]<UL><LI>Max Depth = 436 + Unknown Stack Size
<LI>Call Chain = sim808_init &rArr; GSM_gprs_test &rArr; STMFLASH_Write &rArr; STMFLASH_Write_NoCheck &rArr; FLASH_ProgramHalfWord &rArr; FLASH_WaitForLastOperation
</UL>
<BR>[Calls]<UL><LI><a href="#[d1]">&gt;&gt;</a>&nbsp;&nbsp;&nbsp;gps_init
<LI><a href="#[cf]">&gt;&gt;</a>&nbsp;&nbsp;&nbsp;UART1_SendString
<LI><a href="#[d0]">&gt;&gt;</a>&nbsp;&nbsp;&nbsp;GSM_gsminfo
<LI><a href="#[d3]">&gt;&gt;</a>&nbsp;&nbsp;&nbsp;GSM_gprs_test
<LI><a href="#[c9]">&gt;&gt;</a>&nbsp;&nbsp;&nbsp;GSM_send_cmd
<LI><a href="#[c2]">&gt;&gt;</a>&nbsp;&nbsp;&nbsp;STMFLASH_Read
<LI><a href="#[95]">&gt;&gt;</a>&nbsp;&nbsp;&nbsp;delay_ms
<LI><a href="#[d2]">&gt;&gt;</a>&nbsp;&nbsp;&nbsp;strlen
<LI><a href="#[ce]">&gt;&gt;</a>&nbsp;&nbsp;&nbsp;strstr
</UL>
<BR>[Called By]<UL><LI><a href="#[87]">&gt;&gt;</a>&nbsp;&nbsp;&nbsp;main
</UL>

<P><STRONG><a name="[d4]"></a>Find</STRONG> (Thumb, 22 bytes, Stack size 8 bytes, gsm.o(.text))
<BR><BR>[Stack]<UL><LI>Max Depth = 20<LI>Call Chain = Find &rArr; strstr
</UL>
<BR>[Calls]<UL><LI><a href="#[ce]">&gt;&gt;</a>&nbsp;&nbsp;&nbsp;strstr
</UL>
<BR>[Called By]<UL><LI><a href="#[d5]">&gt;&gt;</a>&nbsp;&nbsp;&nbsp;Second_AT_Command
</UL>

<P><STRONG><a name="[d5]"></a>Second_AT_Command</STRONG> (Thumb, 112 bytes, Stack size 24 bytes, gsm.o(.text))
<BR><BR>[Stack]<UL><LI>Max Depth = 44<LI>Call Chain = Second_AT_Command &rArr; Find &rArr; strstr
</UL>
<BR>[Calls]<UL><LI><a href="#[cc]">&gt;&gt;</a>&nbsp;&nbsp;&nbsp;USART_SendData
<LI><a href="#[cb]">&gt;&gt;</a>&nbsp;&nbsp;&nbsp;USART_GetFlagStatus
<LI><a href="#[cd]">&gt;&gt;</a>&nbsp;&nbsp;&nbsp;UART2_SendString
<LI><a href="#[ca]">&gt;&gt;</a>&nbsp;&nbsp;&nbsp;CLR_Buf2
<LI><a href="#[d4]">&gt;&gt;</a>&nbsp;&nbsp;&nbsp;Find
</UL>
<BR>[Called By]<UL><LI><a href="#[d1]">&gt;&gt;</a>&nbsp;&nbsp;&nbsp;gps_init
<LI><a href="#[d6]">&gt;&gt;</a>&nbsp;&nbsp;&nbsp;sim808_conn_init
<LI><a href="#[9a]">&gt;&gt;</a>&nbsp;&nbsp;&nbsp;get_GPS_data
</UL>

<P><STRONG><a name="[d6]"></a>sim808_conn_init</STRONG> (Thumb, 80 bytes, Stack size 8 bytes, gsm.o(.text), UNUSED)
<BR><BR>[Calls]<UL><LI><a href="#[cd]">&gt;&gt;</a>&nbsp;&nbsp;&nbsp;UART2_SendString
<LI><a href="#[d5]">&gt;&gt;</a>&nbsp;&nbsp;&nbsp;Second_AT_Command
<LI><a href="#[c9]">&gt;&gt;</a>&nbsp;&nbsp;&nbsp;GSM_send_cmd
</UL>

<P><STRONG><a name="[aa]"></a>Adc_Init</STRONG> (Thumb, 132 bytes, Stack size 32 bytes, pressure.o(.text))
<BR><BR>[Stack]<UL><LI>Max Depth = 56<LI>Call Chain = Adc_Init &rArr; GPIO_Init
</UL>
<BR>[Calls]<UL><LI><a href="#[d7]">&gt;&gt;</a>&nbsp;&nbsp;&nbsp;RCC_ADCCLKConfig
<LI><a href="#[dd]">&gt;&gt;</a>&nbsp;&nbsp;&nbsp;ADC_StartCalibration
<LI><a href="#[db]">&gt;&gt;</a>&nbsp;&nbsp;&nbsp;ADC_ResetCalibration
<LI><a href="#[d9]">&gt;&gt;</a>&nbsp;&nbsp;&nbsp;ADC_Init
<LI><a href="#[dc]">&gt;&gt;</a>&nbsp;&nbsp;&nbsp;ADC_GetResetCalibrationStatus
<LI><a href="#[de]">&gt;&gt;</a>&nbsp;&nbsp;&nbsp;ADC_GetCalibrationStatus
<LI><a href="#[d8]">&gt;&gt;</a>&nbsp;&nbsp;&nbsp;ADC_DeInit
<LI><a href="#[da]">&gt;&gt;</a>&nbsp;&nbsp;&nbsp;ADC_Cmd
<LI><a href="#[b4]">&gt;&gt;</a>&nbsp;&nbsp;&nbsp;RCC_APB2PeriphClockCmd
<LI><a href="#[b5]">&gt;&gt;</a>&nbsp;&nbsp;&nbsp;GPIO_Init
</UL>
<BR>[Called By]<UL><LI><a href="#[87]">&gt;&gt;</a>&nbsp;&nbsp;&nbsp;main
</UL>

<P><STRONG><a name="[df]"></a>Get_Adc</STRONG> (Thumb, 46 bytes, Stack size 8 bytes, pressure.o(.text))
<BR><BR>[Stack]<UL><LI>Max Depth = 28<LI>Call Chain = Get_Adc &rArr; ADC_RegularChannelConfig
</UL>
<BR>[Calls]<UL><LI><a href="#[e1]">&gt;&gt;</a>&nbsp;&nbsp;&nbsp;ADC_SoftwareStartConvCmd
<LI><a href="#[e0]">&gt;&gt;</a>&nbsp;&nbsp;&nbsp;ADC_RegularChannelConfig
<LI><a href="#[e2]">&gt;&gt;</a>&nbsp;&nbsp;&nbsp;ADC_GetFlagStatus
<LI><a href="#[e3]">&gt;&gt;</a>&nbsp;&nbsp;&nbsp;ADC_GetConversionValue
</UL>
<BR>[Called By]<UL><LI><a href="#[e4]">&gt;&gt;</a>&nbsp;&nbsp;&nbsp;Get_Adc_Average
</UL>

<P><STRONG><a name="[e4]"></a>Get_Adc_Average</STRONG> (Thumb, 46 bytes, Stack size 24 bytes, pressure.o(.text))
<BR><BR>[Stack]<UL><LI>Max Depth = 64 + Unknown Stack Size
<LI>Call Chain = Get_Adc_Average &rArr; delay_ms &rArr; OSTimeDly &rArr; OS_Sched
</UL>
<BR>[Calls]<UL><LI><a href="#[df]">&gt;&gt;</a>&nbsp;&nbsp;&nbsp;Get_Adc
<LI><a href="#[95]">&gt;&gt;</a>&nbsp;&nbsp;&nbsp;delay_ms
</UL>
<BR>[Called By]<UL><LI><a href="#[e5]">&gt;&gt;</a>&nbsp;&nbsp;&nbsp;get_pressure_3
<LI><a href="#[94]">&gt;&gt;</a>&nbsp;&nbsp;&nbsp;get_pressure_2
<LI><a href="#[93]">&gt;&gt;</a>&nbsp;&nbsp;&nbsp;get_pressure_1
</UL>

<P><STRONG><a name="[e5]"></a>get_pressure_3</STRONG> (Thumb, 138 bytes, Stack size 64 bytes, pressure.o(.text), UNUSED)
<BR><BR>[Calls]<UL><LI><a href="#[e4]">&gt;&gt;</a>&nbsp;&nbsp;&nbsp;Get_Adc_Average
<LI><a href="#[ea]">&gt;&gt;</a>&nbsp;&nbsp;&nbsp;__aeabi_fmul
<LI><a href="#[e6]">&gt;&gt;</a>&nbsp;&nbsp;&nbsp;__aeabi_ui2f
<LI><a href="#[ee]">&gt;&gt;</a>&nbsp;&nbsp;&nbsp;__aeabi_f2uiz
<LI><a href="#[e7]">&gt;&gt;</a>&nbsp;&nbsp;&nbsp;__aeabi_f2d
<LI><a href="#[e8]">&gt;&gt;</a>&nbsp;&nbsp;&nbsp;__aeabi_dmul
<LI><a href="#[ed]">&gt;&gt;</a>&nbsp;&nbsp;&nbsp;__aeabi_ddiv
<LI><a href="#[ec]">&gt;&gt;</a>&nbsp;&nbsp;&nbsp;__aeabi_dsub
<LI><a href="#[e9]">&gt;&gt;</a>&nbsp;&nbsp;&nbsp;__aeabi_d2f
<LI><a href="#[eb]">&gt;&gt;</a>&nbsp;&nbsp;&nbsp;__2sprintf
</UL>

<P><STRONG><a name="[94]"></a>get_pressure_2</STRONG> (Thumb, 138 bytes, Stack size 64 bytes, pressure.o(.text))
<BR><BR>[Stack]<UL><LI>Max Depth = 200 + Unknown Stack Size
<LI>Call Chain = get_pressure_2 &rArr; __2sprintf &rArr; _printf_char_common &rArr; __printf
</UL>
<BR>[Calls]<UL><LI><a href="#[e4]">&gt;&gt;</a>&nbsp;&nbsp;&nbsp;Get_Adc_Average
<LI><a href="#[ea]">&gt;&gt;</a>&nbsp;&nbsp;&nbsp;__aeabi_fmul
<LI><a href="#[e6]">&gt;&gt;</a>&nbsp;&nbsp;&nbsp;__aeabi_ui2f
<LI><a href="#[ee]">&gt;&gt;</a>&nbsp;&nbsp;&nbsp;__aeabi_f2uiz
<LI><a href="#[e7]">&gt;&gt;</a>&nbsp;&nbsp;&nbsp;__aeabi_f2d
<LI><a href="#[e8]">&gt;&gt;</a>&nbsp;&nbsp;&nbsp;__aeabi_dmul
<LI><a href="#[ed]">&gt;&gt;</a>&nbsp;&nbsp;&nbsp;__aeabi_ddiv
<LI><a href="#[ec]">&gt;&gt;</a>&nbsp;&nbsp;&nbsp;__aeabi_dsub
<LI><a href="#[e9]">&gt;&gt;</a>&nbsp;&nbsp;&nbsp;__aeabi_d2f
<LI><a href="#[eb]">&gt;&gt;</a>&nbsp;&nbsp;&nbsp;__2sprintf
</UL>
<BR>[Called By]<UL><LI><a href="#[8d]">&gt;&gt;</a>&nbsp;&nbsp;&nbsp;data_task
</UL>

<P><STRONG><a name="[93]"></a>get_pressure_1</STRONG> (Thumb, 140 bytes, Stack size 72 bytes, pressure.o(.text))
<BR><BR>[Stack]<UL><LI>Max Depth = 208 + Unknown Stack Size
<LI>Call Chain = get_pressure_1 &rArr; __2sprintf &rArr; _printf_char_common &rArr; __printf
</UL>
<BR>[Calls]<UL><LI><a href="#[e4]">&gt;&gt;</a>&nbsp;&nbsp;&nbsp;Get_Adc_Average
<LI><a href="#[ea]">&gt;&gt;</a>&nbsp;&nbsp;&nbsp;__aeabi_fmul
<LI><a href="#[e6]">&gt;&gt;</a>&nbsp;&nbsp;&nbsp;__aeabi_ui2f
<LI><a href="#[e7]">&gt;&gt;</a>&nbsp;&nbsp;&nbsp;__aeabi_f2d
<LI><a href="#[e8]">&gt;&gt;</a>&nbsp;&nbsp;&nbsp;__aeabi_dmul
<LI><a href="#[ef]">&gt;&gt;</a>&nbsp;&nbsp;&nbsp;__aeabi_d2uiz
<LI><a href="#[ed]">&gt;&gt;</a>&nbsp;&nbsp;&nbsp;__aeabi_ddiv
<LI><a href="#[ec]">&gt;&gt;</a>&nbsp;&nbsp;&nbsp;__aeabi_dsub
<LI><a href="#[e9]">&gt;&gt;</a>&nbsp;&nbsp;&nbsp;__aeabi_d2f
<LI><a href="#[eb]">&gt;&gt;</a>&nbsp;&nbsp;&nbsp;__2sprintf
</UL>
<BR>[Called By]<UL><LI><a href="#[8d]">&gt;&gt;</a>&nbsp;&nbsp;&nbsp;data_task
</UL>

<P><STRONG><a name="[234]"></a>Change</STRONG> (Thumb, 106 bytes, Stack size 12 bytes, radix.o(.text), UNUSED)

<P><STRONG><a name="[f1]"></a>tohex</STRONG> (Thumb, 26 bytes, Stack size 0 bytes, radix.o(.text), UNUSED)
<BR><BR>[Called By]<UL><LI><a href="#[f2]">&gt;&gt;</a>&nbsp;&nbsp;&nbsp;expand2hex
<LI><a href="#[f0]">&gt;&gt;</a>&nbsp;&nbsp;&nbsp;data2hex
</UL>

<P><STRONG><a name="[f0]"></a>data2hex</STRONG> (Thumb, 138 bytes, Stack size 20 bytes, radix.o(.text), UNUSED)
<BR><BR>[Calls]<UL><LI><a href="#[f1]">&gt;&gt;</a>&nbsp;&nbsp;&nbsp;tohex
</UL>

<P><STRONG><a name="[f2]"></a>expand2hex</STRONG> (Thumb, 138 bytes, Stack size 20 bytes, radix.o(.text), UNUSED)
<BR><BR>[Calls]<UL><LI><a href="#[f1]">&gt;&gt;</a>&nbsp;&nbsp;&nbsp;tohex
</UL>

<P><STRONG><a name="[235]"></a>hex_to_int</STRONG> (Thumb, 48 bytes, Stack size 8 bytes, radix.o(.text), UNUSED)

<P><STRONG><a name="[236]"></a>change_str_Data</STRONG> (Thumb, 38 bytes, Stack size 12 bytes, radix.o(.text), UNUSED)

<P><STRONG><a name="[f4]"></a>Swap</STRONG> (Thumb, 10 bytes, Stack size 0 bytes, radix.o(.text), UNUSED)
<BR><BR>[Called By]<UL><LI><a href="#[f3]">&gt;&gt;</a>&nbsp;&nbsp;&nbsp;change_Data_str
</UL>

<P><STRONG><a name="[f3]"></a>change_Data_str</STRONG> (Thumb, 76 bytes, Stack size 20 bytes, radix.o(.text), UNUSED)
<BR><BR>[Calls]<UL><LI><a href="#[f4]">&gt;&gt;</a>&nbsp;&nbsp;&nbsp;Swap
</UL>

<P><STRONG><a name="[237]"></a>change_hex_str</STRONG> (Thumb, 110 bytes, Stack size 20 bytes, radix.o(.text), UNUSED)

<P><STRONG><a name="[f6]"></a>valueToHexCh</STRONG> (Thumb, 36 bytes, Stack size 0 bytes, radix.o(.text), UNUSED)
<BR><BR>[Called By]<UL><LI><a href="#[f5]">&gt;&gt;</a>&nbsp;&nbsp;&nbsp;strToHex
</UL>

<P><STRONG><a name="[f5]"></a>strToHex</STRONG> (Thumb, 86 bytes, Stack size 24 bytes, radix.o(.text), UNUSED)
<BR><BR>[Calls]<UL><LI><a href="#[f6]">&gt;&gt;</a>&nbsp;&nbsp;&nbsp;valueToHexCh
<LI><a href="#[d2]">&gt;&gt;</a>&nbsp;&nbsp;&nbsp;strlen
</UL>
<BR>[Called By]<UL><LI><a href="#[11c]">&gt;&gt;</a>&nbsp;&nbsp;&nbsp;get_gps_time
</UL>

<P><STRONG><a name="[90]"></a>itoa</STRONG> (Thumb, 150 bytes, Stack size 56 bytes, radix.o(.text))
<BR><BR>[Stack]<UL><LI>Max Depth = 64<LI>Call Chain = itoa &rArr; __aeabi_memcpy4
</UL>
<BR>[Calls]<UL><LI><a href="#[f7]">&gt;&gt;</a>&nbsp;&nbsp;&nbsp;__aeabi_memcpy4
</UL>
<BR>[Called By]<UL><LI><a href="#[8d]">&gt;&gt;</a>&nbsp;&nbsp;&nbsp;data_task
</UL>

<P><STRONG><a name="[a4]"></a>Timer2_Init_Config</STRONG> (Thumb, 92 bytes, Stack size 24 bytes, timer.o(.text))
<BR><BR>[Stack]<UL><LI>Max Depth = 40<LI>Call Chain = Timer2_Init_Config &rArr; NVIC_Init
</UL>
<BR>[Calls]<UL><LI><a href="#[f9]">&gt;&gt;</a>&nbsp;&nbsp;&nbsp;TIM_TimeBaseInit
<LI><a href="#[fb]">&gt;&gt;</a>&nbsp;&nbsp;&nbsp;TIM_ITConfig
<LI><a href="#[fc]">&gt;&gt;</a>&nbsp;&nbsp;&nbsp;TIM_Cmd
<LI><a href="#[f8]">&gt;&gt;</a>&nbsp;&nbsp;&nbsp;RCC_APB1PeriphClockCmd
<LI><a href="#[fa]">&gt;&gt;</a>&nbsp;&nbsp;&nbsp;NVIC_Init
</UL>
<BR>[Called By]<UL><LI><a href="#[87]">&gt;&gt;</a>&nbsp;&nbsp;&nbsp;main
</UL>

<P><STRONG><a name="[2a]"></a>TIM2_IRQHandler</STRONG> (Thumb, 252 bytes, Stack size 8 bytes, timer.o(.text))
<BR><BR>[Stack]<UL><LI>Max Depth = 20<LI>Call Chain = TIM2_IRQHandler &rArr; TIM_GetITStatus
</UL>
<BR>[Calls]<UL><LI><a href="#[fd]">&gt;&gt;</a>&nbsp;&nbsp;&nbsp;TIM_GetITStatus
<LI><a href="#[fe]">&gt;&gt;</a>&nbsp;&nbsp;&nbsp;TIM_ClearITPendingBit
<LI><a href="#[be]">&gt;&gt;</a>&nbsp;&nbsp;&nbsp;LED4_OFF
<LI><a href="#[bd]">&gt;&gt;</a>&nbsp;&nbsp;&nbsp;LED4_ON
</UL>
<BR>[Address Reference Count : 1]<UL><LI> startup_stm32f10x_hd.o(RESET)
</UL>
<P><STRONG><a name="[8c]"></a>_sys_exit</STRONG> (Thumb, 4 bytes, Stack size 0 bytes, usart.o(.text))
<BR><BR>[Called By]<UL><LI><a href="#[8b]">&gt;&gt;</a>&nbsp;&nbsp;&nbsp;__rt_exit_exit
</UL>

<P><STRONG><a name="[51]"></a>fputc</STRONG> (Thumb, 22 bytes, Stack size 0 bytes, usart.o(.text))
<BR>[Address Reference Count : 1]<UL><LI> _printf_char_file.o(.text)
</UL>
<P><STRONG><a name="[a7]"></a>uart_init</STRONG> (Thumb, 152 bytes, Stack size 32 bytes, usart.o(.text))
<BR><BR>[Stack]<UL><LI>Max Depth = 100<LI>Call Chain = uart_init &rArr; USART_Init &rArr; RCC_GetClocksFreq
</UL>
<BR>[Calls]<UL><LI><a href="#[ff]">&gt;&gt;</a>&nbsp;&nbsp;&nbsp;USART_Init
<LI><a href="#[100]">&gt;&gt;</a>&nbsp;&nbsp;&nbsp;USART_ITConfig
<LI><a href="#[101]">&gt;&gt;</a>&nbsp;&nbsp;&nbsp;USART_Cmd
<LI><a href="#[fa]">&gt;&gt;</a>&nbsp;&nbsp;&nbsp;NVIC_Init
<LI><a href="#[b4]">&gt;&gt;</a>&nbsp;&nbsp;&nbsp;RCC_APB2PeriphClockCmd
<LI><a href="#[b5]">&gt;&gt;</a>&nbsp;&nbsp;&nbsp;GPIO_Init
</UL>
<BR>[Called By]<UL><LI><a href="#[87]">&gt;&gt;</a>&nbsp;&nbsp;&nbsp;main
</UL>

<P><STRONG><a name="[33]"></a>USART1_IRQHandler</STRONG> (Thumb, 130 bytes, Stack size 8 bytes, usart.o(.text))
<BR><BR>[Stack]<UL><LI>Max Depth = 24 + Unknown Stack Size
<LI>Call Chain = USART1_IRQHandler &rArr; USART_GetITStatus
</UL>
<BR>[Calls]<UL><LI><a href="#[104]">&gt;&gt;</a>&nbsp;&nbsp;&nbsp;USART_ReceiveData
<LI><a href="#[103]">&gt;&gt;</a>&nbsp;&nbsp;&nbsp;USART_GetITStatus
<LI><a href="#[105]">&gt;&gt;</a>&nbsp;&nbsp;&nbsp;OSIntExit
<LI><a href="#[102]">&gt;&gt;</a>&nbsp;&nbsp;&nbsp;OSIntEnter
</UL>
<BR>[Address Reference Count : 1]<UL><LI> startup_stm32f10x_hd.o(RESET)
</UL>
<P><STRONG><a name="[cf]"></a>UART1_SendString</STRONG> (Thumb, 38 bytes, Stack size 8 bytes, usart.o(.text))
<BR><BR>[Stack]<UL><LI>Max Depth = 8<LI>Call Chain = UART1_SendString
</UL>
<BR>[Calls]<UL><LI><a href="#[cc]">&gt;&gt;</a>&nbsp;&nbsp;&nbsp;USART_SendData
<LI><a href="#[cb]">&gt;&gt;</a>&nbsp;&nbsp;&nbsp;USART_GetFlagStatus
</UL>
<BR>[Called By]<UL><LI><a href="#[122]">&gt;&gt;</a>&nbsp;&nbsp;&nbsp;filter_data_request
<LI><a href="#[115]">&gt;&gt;</a>&nbsp;&nbsp;&nbsp;GSM_mtest
<LI><a href="#[d1]">&gt;&gt;</a>&nbsp;&nbsp;&nbsp;gps_init
<LI><a href="#[d0]">&gt;&gt;</a>&nbsp;&nbsp;&nbsp;GSM_gsminfo
<LI><a href="#[d3]">&gt;&gt;</a>&nbsp;&nbsp;&nbsp;GSM_gprs_test
<LI><a href="#[ad]">&gt;&gt;</a>&nbsp;&nbsp;&nbsp;sim808_init
<LI><a href="#[9a]">&gt;&gt;</a>&nbsp;&nbsp;&nbsp;get_GPS_data
<LI><a href="#[9b]">&gt;&gt;</a>&nbsp;&nbsp;&nbsp;filter_platform
</UL>

<P><STRONG><a name="[106]"></a>UART1_Data</STRONG> (Thumb, 28 bytes, Stack size 8 bytes, usart.o(.text), UNUSED)
<BR><BR>[Calls]<UL><LI><a href="#[cc]">&gt;&gt;</a>&nbsp;&nbsp;&nbsp;USART_SendData
<LI><a href="#[cb]">&gt;&gt;</a>&nbsp;&nbsp;&nbsp;USART_GetFlagStatus
</UL>

<P><STRONG><a name="[107]"></a>UART1_Send_Len</STRONG> (Thumb, 44 bytes, Stack size 16 bytes, usart.o(.text))
<BR><BR>[Stack]<UL><LI>Max Depth = 16<LI>Call Chain = UART1_Send_Len
</UL>
<BR>[Calls]<UL><LI><a href="#[cc]">&gt;&gt;</a>&nbsp;&nbsp;&nbsp;USART_SendData
<LI><a href="#[cb]">&gt;&gt;</a>&nbsp;&nbsp;&nbsp;USART_GetFlagStatus
</UL>
<BR>[Called By]<UL><LI><a href="#[115]">&gt;&gt;</a>&nbsp;&nbsp;&nbsp;GSM_mtest
<LI><a href="#[d0]">&gt;&gt;</a>&nbsp;&nbsp;&nbsp;GSM_gsminfo
</UL>

<P><STRONG><a name="[112]"></a>CLR_Buf1</STRONG> (Thumb, 26 bytes, Stack size 0 bytes, usart.o(.text))
<BR><BR>[Called By]<UL><LI><a href="#[d3]">&gt;&gt;</a>&nbsp;&nbsp;&nbsp;GSM_gprs_test
<LI><a href="#[9b]">&gt;&gt;</a>&nbsp;&nbsp;&nbsp;filter_platform
</UL>

<P><STRONG><a name="[a8]"></a>USART2_Init_Config</STRONG> (Thumb, 170 bytes, Stack size 32 bytes, usart.o(.text))
<BR><BR>[Stack]<UL><LI>Max Depth = 100<LI>Call Chain = USART2_Init_Config &rArr; USART_Init &rArr; RCC_GetClocksFreq
</UL>
<BR>[Calls]<UL><LI><a href="#[ff]">&gt;&gt;</a>&nbsp;&nbsp;&nbsp;USART_Init
<LI><a href="#[100]">&gt;&gt;</a>&nbsp;&nbsp;&nbsp;USART_ITConfig
<LI><a href="#[108]">&gt;&gt;</a>&nbsp;&nbsp;&nbsp;USART_DeInit
<LI><a href="#[101]">&gt;&gt;</a>&nbsp;&nbsp;&nbsp;USART_Cmd
<LI><a href="#[109]">&gt;&gt;</a>&nbsp;&nbsp;&nbsp;USART_ClearFlag
<LI><a href="#[f8]">&gt;&gt;</a>&nbsp;&nbsp;&nbsp;RCC_APB1PeriphClockCmd
<LI><a href="#[fa]">&gt;&gt;</a>&nbsp;&nbsp;&nbsp;NVIC_Init
<LI><a href="#[b4]">&gt;&gt;</a>&nbsp;&nbsp;&nbsp;RCC_APB2PeriphClockCmd
<LI><a href="#[b5]">&gt;&gt;</a>&nbsp;&nbsp;&nbsp;GPIO_Init
</UL>
<BR>[Called By]<UL><LI><a href="#[87]">&gt;&gt;</a>&nbsp;&nbsp;&nbsp;main
</UL>

<P><STRONG><a name="[34]"></a>USART2_IRQHandler</STRONG> (Thumb, 52 bytes, Stack size 8 bytes, usart.o(.text))
<BR><BR>[Stack]<UL><LI>Max Depth = 8<LI>Call Chain = USART2_IRQHandler
</UL>
<BR>[Calls]<UL><LI><a href="#[104]">&gt;&gt;</a>&nbsp;&nbsp;&nbsp;USART_ReceiveData
</UL>
<BR>[Address Reference Count : 1]<UL><LI> startup_stm32f10x_hd.o(RESET)
</UL>
<P><STRONG><a name="[10a]"></a>UART2_Data</STRONG> (Thumb, 28 bytes, Stack size 8 bytes, usart.o(.text))
<BR><BR>[Stack]<UL><LI>Max Depth = 8<LI>Call Chain = UART2_Data
</UL>
<BR>[Calls]<UL><LI><a href="#[cc]">&gt;&gt;</a>&nbsp;&nbsp;&nbsp;USART_SendData
<LI><a href="#[cb]">&gt;&gt;</a>&nbsp;&nbsp;&nbsp;USART_GetFlagStatus
</UL>
<BR>[Called By]<UL><LI><a href="#[9b]">&gt;&gt;</a>&nbsp;&nbsp;&nbsp;filter_platform
</UL>

<P><STRONG><a name="[cd]"></a>UART2_SendString</STRONG> (Thumb, 38 bytes, Stack size 8 bytes, usart.o(.text))
<BR><BR>[Stack]<UL><LI>Max Depth = 8<LI>Call Chain = UART2_SendString
</UL>
<BR>[Calls]<UL><LI><a href="#[cc]">&gt;&gt;</a>&nbsp;&nbsp;&nbsp;USART_SendData
<LI><a href="#[cb]">&gt;&gt;</a>&nbsp;&nbsp;&nbsp;USART_GetFlagStatus
</UL>
<BR>[Called By]<UL><LI><a href="#[d6]">&gt;&gt;</a>&nbsp;&nbsp;&nbsp;sim808_conn_init
<LI><a href="#[d5]">&gt;&gt;</a>&nbsp;&nbsp;&nbsp;Second_AT_Command
<LI><a href="#[c9]">&gt;&gt;</a>&nbsp;&nbsp;&nbsp;GSM_send_cmd
<LI><a href="#[9b]">&gt;&gt;</a>&nbsp;&nbsp;&nbsp;filter_platform
</UL>

<P><STRONG><a name="[10b]"></a>UART2_Send_Len</STRONG> (Thumb, 44 bytes, Stack size 16 bytes, usart.o(.text), UNUSED)
<BR><BR>[Calls]<UL><LI><a href="#[cc]">&gt;&gt;</a>&nbsp;&nbsp;&nbsp;USART_SendData
<LI><a href="#[cb]">&gt;&gt;</a>&nbsp;&nbsp;&nbsp;USART_GetFlagStatus
</UL>

<P><STRONG><a name="[ca]"></a>CLR_Buf2</STRONG> (Thumb, 26 bytes, Stack size 0 bytes, usart.o(.text))
<BR><BR>[Called By]<UL><LI><a href="#[115]">&gt;&gt;</a>&nbsp;&nbsp;&nbsp;GSM_mtest
<LI><a href="#[d1]">&gt;&gt;</a>&nbsp;&nbsp;&nbsp;gps_init
<LI><a href="#[d0]">&gt;&gt;</a>&nbsp;&nbsp;&nbsp;GSM_gsminfo
<LI><a href="#[d5]">&gt;&gt;</a>&nbsp;&nbsp;&nbsp;Second_AT_Command
<LI><a href="#[c9]">&gt;&gt;</a>&nbsp;&nbsp;&nbsp;GSM_send_cmd
<LI><a href="#[9a]">&gt;&gt;</a>&nbsp;&nbsp;&nbsp;get_GPS_data
<LI><a href="#[9b]">&gt;&gt;</a>&nbsp;&nbsp;&nbsp;filter_platform
</UL>

<P><STRONG><a name="[a9]"></a>USART3_Init_Config</STRONG> (Thumb, 172 bytes, Stack size 32 bytes, usart.o(.text))
<BR><BR>[Stack]<UL><LI>Max Depth = 100<LI>Call Chain = USART3_Init_Config &rArr; USART_Init &rArr; RCC_GetClocksFreq
</UL>
<BR>[Calls]<UL><LI><a href="#[ff]">&gt;&gt;</a>&nbsp;&nbsp;&nbsp;USART_Init
<LI><a href="#[100]">&gt;&gt;</a>&nbsp;&nbsp;&nbsp;USART_ITConfig
<LI><a href="#[108]">&gt;&gt;</a>&nbsp;&nbsp;&nbsp;USART_DeInit
<LI><a href="#[101]">&gt;&gt;</a>&nbsp;&nbsp;&nbsp;USART_Cmd
<LI><a href="#[109]">&gt;&gt;</a>&nbsp;&nbsp;&nbsp;USART_ClearFlag
<LI><a href="#[f8]">&gt;&gt;</a>&nbsp;&nbsp;&nbsp;RCC_APB1PeriphClockCmd
<LI><a href="#[fa]">&gt;&gt;</a>&nbsp;&nbsp;&nbsp;NVIC_Init
<LI><a href="#[b4]">&gt;&gt;</a>&nbsp;&nbsp;&nbsp;RCC_APB2PeriphClockCmd
<LI><a href="#[b5]">&gt;&gt;</a>&nbsp;&nbsp;&nbsp;GPIO_Init
</UL>
<BR>[Called By]<UL><LI><a href="#[87]">&gt;&gt;</a>&nbsp;&nbsp;&nbsp;main
</UL>

<P><STRONG><a name="[35]"></a>USART3_IRQHandler</STRONG> (Thumb, 110 bytes, Stack size 8 bytes, usart.o(.text))
<BR><BR>[Stack]<UL><LI>Max Depth = 8<LI>Call Chain = USART3_IRQHandler
</UL>
<BR>[Calls]<UL><LI><a href="#[104]">&gt;&gt;</a>&nbsp;&nbsp;&nbsp;USART_ReceiveData
</UL>
<BR>[Address Reference Count : 1]<UL><LI> startup_stm32f10x_hd.o(RESET)
</UL>
<P><STRONG><a name="[10c]"></a>UART3_Data</STRONG> (Thumb, 28 bytes, Stack size 8 bytes, usart.o(.text), UNUSED)
<BR><BR>[Calls]<UL><LI><a href="#[cc]">&gt;&gt;</a>&nbsp;&nbsp;&nbsp;USART_SendData
<LI><a href="#[cb]">&gt;&gt;</a>&nbsp;&nbsp;&nbsp;USART_GetFlagStatus
</UL>

<P><STRONG><a name="[10d]"></a>UART3_SendString</STRONG> (Thumb, 38 bytes, Stack size 8 bytes, usart.o(.text), UNUSED)
<BR><BR>[Calls]<UL><LI><a href="#[cc]">&gt;&gt;</a>&nbsp;&nbsp;&nbsp;USART_SendData
<LI><a href="#[cb]">&gt;&gt;</a>&nbsp;&nbsp;&nbsp;USART_GetFlagStatus
</UL>

<P><STRONG><a name="[10e]"></a>UART3_Send_Len</STRONG> (Thumb, 44 bytes, Stack size 16 bytes, usart.o(.text), UNUSED)
<BR><BR>[Calls]<UL><LI><a href="#[cc]">&gt;&gt;</a>&nbsp;&nbsp;&nbsp;USART_SendData
<LI><a href="#[cb]">&gt;&gt;</a>&nbsp;&nbsp;&nbsp;USART_GetFlagStatus
</UL>

<P><STRONG><a name="[97]"></a>CLR_Buf3</STRONG> (Thumb, 26 bytes, Stack size 0 bytes, usart.o(.text))
<BR><BR>[Called By]<UL><LI><a href="#[96]">&gt;&gt;</a>&nbsp;&nbsp;&nbsp;lcd_task
</UL>

<P><STRONG><a name="[10f]"></a>idcheck</STRONG> (Thumb, 66 bytes, Stack size 24 bytes, gprs_jiankong.o(.text))
<BR><BR>[Stack]<UL><LI>Max Depth = 32<LI>Call Chain = idcheck &rArr; strlen
</UL>
<BR>[Calls]<UL><LI><a href="#[d2]">&gt;&gt;</a>&nbsp;&nbsp;&nbsp;strlen
</UL>
<BR>[Called By]<UL><LI><a href="#[d3]">&gt;&gt;</a>&nbsp;&nbsp;&nbsp;GSM_gprs_test
</UL>

<P><STRONG><a name="[d3]"></a>GSM_gprs_test</STRONG> (Thumb, 1644 bytes, Stack size 344 bytes, gprs_jiankong.o(.text))
<BR><BR>[Stack]<UL><LI>Max Depth = 428<LI>Call Chain = GSM_gprs_test &rArr; STMFLASH_Write &rArr; STMFLASH_Write_NoCheck &rArr; FLASH_ProgramHalfWord &rArr; FLASH_WaitForLastOperation
</UL>
<BR>[Calls]<UL><LI><a href="#[10f]">&gt;&gt;</a>&nbsp;&nbsp;&nbsp;idcheck
<LI><a href="#[112]">&gt;&gt;</a>&nbsp;&nbsp;&nbsp;CLR_Buf1
<LI><a href="#[cf]">&gt;&gt;</a>&nbsp;&nbsp;&nbsp;UART1_SendString
<LI><a href="#[c4]">&gt;&gt;</a>&nbsp;&nbsp;&nbsp;STMFLASH_Write
<LI><a href="#[c2]">&gt;&gt;</a>&nbsp;&nbsp;&nbsp;STMFLASH_Read
<LI><a href="#[114]">&gt;&gt;</a>&nbsp;&nbsp;&nbsp;__aeabi_memclr4
<LI><a href="#[113]">&gt;&gt;</a>&nbsp;&nbsp;&nbsp;__aeabi_memclr
<LI><a href="#[111]">&gt;&gt;</a>&nbsp;&nbsp;&nbsp;__aeabi_memcpy
<LI><a href="#[d2]">&gt;&gt;</a>&nbsp;&nbsp;&nbsp;strlen
<LI><a href="#[110]">&gt;&gt;</a>&nbsp;&nbsp;&nbsp;strcpy
<LI><a href="#[ce]">&gt;&gt;</a>&nbsp;&nbsp;&nbsp;strstr
</UL>
<BR>[Called By]<UL><LI><a href="#[ad]">&gt;&gt;</a>&nbsp;&nbsp;&nbsp;sim808_init
</UL>

<P><STRONG><a name="[115]"></a>GSM_mtest</STRONG> (Thumb, 174 bytes, Stack size 16 bytes, gprs_jiankong.o(.text), UNUSED)
<BR><BR>[Calls]<UL><LI><a href="#[107]">&gt;&gt;</a>&nbsp;&nbsp;&nbsp;UART1_Send_Len
<LI><a href="#[cf]">&gt;&gt;</a>&nbsp;&nbsp;&nbsp;UART1_SendString
<LI><a href="#[ca]">&gt;&gt;</a>&nbsp;&nbsp;&nbsp;CLR_Buf2
<LI><a href="#[c9]">&gt;&gt;</a>&nbsp;&nbsp;&nbsp;GSM_send_cmd
<LI><a href="#[ce]">&gt;&gt;</a>&nbsp;&nbsp;&nbsp;strstr
</UL>

<P><STRONG><a name="[d0]"></a>GSM_gsminfo</STRONG> (Thumb, 178 bytes, Stack size 16 bytes, gprs_jiankong.o(.text))
<BR><BR>[Stack]<UL><LI>Max Depth = 52<LI>Call Chain = GSM_gsminfo &rArr; GSM_send_cmd &rArr; strstr
</UL>
<BR>[Calls]<UL><LI><a href="#[107]">&gt;&gt;</a>&nbsp;&nbsp;&nbsp;UART1_Send_Len
<LI><a href="#[cf]">&gt;&gt;</a>&nbsp;&nbsp;&nbsp;UART1_SendString
<LI><a href="#[ca]">&gt;&gt;</a>&nbsp;&nbsp;&nbsp;CLR_Buf2
<LI><a href="#[c9]">&gt;&gt;</a>&nbsp;&nbsp;&nbsp;GSM_send_cmd
<LI><a href="#[ce]">&gt;&gt;</a>&nbsp;&nbsp;&nbsp;strstr
</UL>
<BR>[Called By]<UL><LI><a href="#[ad]">&gt;&gt;</a>&nbsp;&nbsp;&nbsp;sim808_init
</UL>

<P><STRONG><a name="[9a]"></a>get_GPS_data</STRONG> (Thumb, 1120 bytes, Stack size 88 bytes, gprs_jiankong.o(.text))
<BR><BR>[Stack]<UL><LI>Max Depth = 536 + Unknown Stack Size
<LI>Call Chain = get_GPS_data &rArr; atof &rArr; __strtod_int &rArr; _local_sscanf &rArr; _scanf_real &rArr; _scanf_really_real &rArr; _fp_value &rArr; _btod_etento &rArr; _btod_emul &rArr; _e2e
</UL>
<BR>[Calls]<UL><LI><a href="#[cf]">&gt;&gt;</a>&nbsp;&nbsp;&nbsp;UART1_SendString
<LI><a href="#[ca]">&gt;&gt;</a>&nbsp;&nbsp;&nbsp;CLR_Buf2
<LI><a href="#[d5]">&gt;&gt;</a>&nbsp;&nbsp;&nbsp;Second_AT_Command
<LI><a href="#[11a]">&gt;&gt;</a>&nbsp;&nbsp;&nbsp;atof
<LI><a href="#[e8]">&gt;&gt;</a>&nbsp;&nbsp;&nbsp;__aeabi_dmul
<LI><a href="#[119]">&gt;&gt;</a>&nbsp;&nbsp;&nbsp;__aeabi_i2d
<LI><a href="#[ed]">&gt;&gt;</a>&nbsp;&nbsp;&nbsp;__aeabi_ddiv
<LI><a href="#[11b]">&gt;&gt;</a>&nbsp;&nbsp;&nbsp;__aeabi_dadd
<LI><a href="#[113]">&gt;&gt;</a>&nbsp;&nbsp;&nbsp;__aeabi_memclr
<LI><a href="#[111]">&gt;&gt;</a>&nbsp;&nbsp;&nbsp;__aeabi_memcpy
<LI><a href="#[d2]">&gt;&gt;</a>&nbsp;&nbsp;&nbsp;strlen
<LI><a href="#[110]">&gt;&gt;</a>&nbsp;&nbsp;&nbsp;strcpy
<LI><a href="#[ce]">&gt;&gt;</a>&nbsp;&nbsp;&nbsp;strstr
<LI><a href="#[117]">&gt;&gt;</a>&nbsp;&nbsp;&nbsp;strtok
<LI><a href="#[118]">&gt;&gt;</a>&nbsp;&nbsp;&nbsp;atoi
<LI><a href="#[eb]">&gt;&gt;</a>&nbsp;&nbsp;&nbsp;__2sprintf
<LI><a href="#[116]">&gt;&gt;</a>&nbsp;&nbsp;&nbsp;__2printf
</UL>
<BR>[Called By]<UL><LI><a href="#[99]">&gt;&gt;</a>&nbsp;&nbsp;&nbsp;filter_task
</UL>

<P><STRONG><a name="[d1]"></a>gps_init</STRONG> (Thumb, 44 bytes, Stack size 8 bytes, gprs_jiankong.o(.text))
<BR><BR>[Stack]<UL><LI>Max Depth = 52 + Unknown Stack Size
<LI>Call Chain = gps_init &rArr; Second_AT_Command &rArr; Find &rArr; strstr
</UL>
<BR>[Calls]<UL><LI><a href="#[cf]">&gt;&gt;</a>&nbsp;&nbsp;&nbsp;UART1_SendString
<LI><a href="#[ca]">&gt;&gt;</a>&nbsp;&nbsp;&nbsp;CLR_Buf2
<LI><a href="#[d5]">&gt;&gt;</a>&nbsp;&nbsp;&nbsp;Second_AT_Command
<LI><a href="#[95]">&gt;&gt;</a>&nbsp;&nbsp;&nbsp;delay_ms
</UL>
<BR>[Called By]<UL><LI><a href="#[ad]">&gt;&gt;</a>&nbsp;&nbsp;&nbsp;sim808_init
</UL>

<P><STRONG><a name="[11c]"></a>get_gps_time</STRONG> (Thumb, 268 bytes, Stack size 8 bytes, gprs_jiankong.o(.text), UNUSED)
<BR><BR>[Calls]<UL><LI><a href="#[f5]">&gt;&gt;</a>&nbsp;&nbsp;&nbsp;strToHex
<LI><a href="#[113]">&gt;&gt;</a>&nbsp;&nbsp;&nbsp;__aeabi_memclr
<LI><a href="#[d2]">&gt;&gt;</a>&nbsp;&nbsp;&nbsp;strlen
<LI><a href="#[116]">&gt;&gt;</a>&nbsp;&nbsp;&nbsp;__2printf
<LI><a href="#[11d]">&gt;&gt;</a>&nbsp;&nbsp;&nbsp;printf
</UL>

<P><STRONG><a name="[11e]"></a>MAX31855_RCCConfig</STRONG> (Thumb, 44 bytes, Stack size 8 bytes, max31855.o(.text))
<BR><BR>[Stack]<UL><LI>Max Depth = 8<LI>Call Chain = MAX31855_RCCConfig
</UL>
<BR>[Calls]<UL><LI><a href="#[b4]">&gt;&gt;</a>&nbsp;&nbsp;&nbsp;RCC_APB2PeriphClockCmd
</UL>
<BR>[Called By]<UL><LI><a href="#[ab]">&gt;&gt;</a>&nbsp;&nbsp;&nbsp;MAX31855_Init
</UL>

<P><STRONG><a name="[11f]"></a>MAX31855_GPIOConfig</STRONG> (Thumb, 116 bytes, Stack size 8 bytes, max31855.o(.text))
<BR><BR>[Stack]<UL><LI>Max Depth = 32<LI>Call Chain = MAX31855_GPIOConfig &rArr; GPIO_Init
</UL>
<BR>[Calls]<UL><LI><a href="#[b5]">&gt;&gt;</a>&nbsp;&nbsp;&nbsp;GPIO_Init
</UL>
<BR>[Called By]<UL><LI><a href="#[ab]">&gt;&gt;</a>&nbsp;&nbsp;&nbsp;MAX31855_Init
</UL>

<P><STRONG><a name="[ab]"></a>MAX31855_Init</STRONG> (Thumb, 12 bytes, Stack size 8 bytes, max31855.o(.text))
<BR><BR>[Stack]<UL><LI>Max Depth = 40<LI>Call Chain = MAX31855_Init &rArr; MAX31855_GPIOConfig &rArr; GPIO_Init
</UL>
<BR>[Calls]<UL><LI><a href="#[11f]">&gt;&gt;</a>&nbsp;&nbsp;&nbsp;MAX31855_GPIOConfig
<LI><a href="#[11e]">&gt;&gt;</a>&nbsp;&nbsp;&nbsp;MAX31855_RCCConfig
</UL>
<BR>[Called By]<UL><LI><a href="#[87]">&gt;&gt;</a>&nbsp;&nbsp;&nbsp;main
</UL>

<P><STRONG><a name="[8e]"></a>MAX31855_ReadData_1</STRONG> (Thumb, 254 bytes, Stack size 40 bytes, max31855.o(.text))
<BR><BR>[Stack]<UL><LI>Max Depth = 72<LI>Call Chain = MAX31855_ReadData_1 &rArr; __aeabi_dmul
</UL>
<BR>[Calls]<UL><LI><a href="#[120]">&gt;&gt;</a>&nbsp;&nbsp;&nbsp;GPIO_ReadInputDataBit
<LI><a href="#[121]">&gt;&gt;</a>&nbsp;&nbsp;&nbsp;delay_us
<LI><a href="#[b7]">&gt;&gt;</a>&nbsp;&nbsp;&nbsp;GPIO_SetBits
<LI><a href="#[b3]">&gt;&gt;</a>&nbsp;&nbsp;&nbsp;GPIO_ResetBits
<LI><a href="#[e8]">&gt;&gt;</a>&nbsp;&nbsp;&nbsp;__aeabi_dmul
<LI><a href="#[119]">&gt;&gt;</a>&nbsp;&nbsp;&nbsp;__aeabi_i2d
<LI><a href="#[ed]">&gt;&gt;</a>&nbsp;&nbsp;&nbsp;__aeabi_ddiv
<LI><a href="#[e9]">&gt;&gt;</a>&nbsp;&nbsp;&nbsp;__aeabi_d2f
</UL>
<BR>[Called By]<UL><LI><a href="#[8d]">&gt;&gt;</a>&nbsp;&nbsp;&nbsp;data_task
</UL>

<P><STRONG><a name="[91]"></a>MAX31855_ReadData_2</STRONG> (Thumb, 254 bytes, Stack size 40 bytes, max31855.o(.text))
<BR><BR>[Stack]<UL><LI>Max Depth = 72<LI>Call Chain = MAX31855_ReadData_2 &rArr; __aeabi_dmul
</UL>
<BR>[Calls]<UL><LI><a href="#[120]">&gt;&gt;</a>&nbsp;&nbsp;&nbsp;GPIO_ReadInputDataBit
<LI><a href="#[121]">&gt;&gt;</a>&nbsp;&nbsp;&nbsp;delay_us
<LI><a href="#[b7]">&gt;&gt;</a>&nbsp;&nbsp;&nbsp;GPIO_SetBits
<LI><a href="#[b3]">&gt;&gt;</a>&nbsp;&nbsp;&nbsp;GPIO_ResetBits
<LI><a href="#[e8]">&gt;&gt;</a>&nbsp;&nbsp;&nbsp;__aeabi_dmul
<LI><a href="#[119]">&gt;&gt;</a>&nbsp;&nbsp;&nbsp;__aeabi_i2d
<LI><a href="#[ed]">&gt;&gt;</a>&nbsp;&nbsp;&nbsp;__aeabi_ddiv
<LI><a href="#[e9]">&gt;&gt;</a>&nbsp;&nbsp;&nbsp;__aeabi_d2f
</UL>
<BR>[Called By]<UL><LI><a href="#[8d]">&gt;&gt;</a>&nbsp;&nbsp;&nbsp;data_task
</UL>

<P><STRONG><a name="[92]"></a>MAX31855_ReadData_3</STRONG> (Thumb, 258 bytes, Stack size 40 bytes, max31855.o(.text))
<BR><BR>[Stack]<UL><LI>Max Depth = 72<LI>Call Chain = MAX31855_ReadData_3 &rArr; __aeabi_dmul
</UL>
<BR>[Calls]<UL><LI><a href="#[120]">&gt;&gt;</a>&nbsp;&nbsp;&nbsp;GPIO_ReadInputDataBit
<LI><a href="#[121]">&gt;&gt;</a>&nbsp;&nbsp;&nbsp;delay_us
<LI><a href="#[b7]">&gt;&gt;</a>&nbsp;&nbsp;&nbsp;GPIO_SetBits
<LI><a href="#[b3]">&gt;&gt;</a>&nbsp;&nbsp;&nbsp;GPIO_ResetBits
<LI><a href="#[e8]">&gt;&gt;</a>&nbsp;&nbsp;&nbsp;__aeabi_dmul
<LI><a href="#[119]">&gt;&gt;</a>&nbsp;&nbsp;&nbsp;__aeabi_i2d
<LI><a href="#[ed]">&gt;&gt;</a>&nbsp;&nbsp;&nbsp;__aeabi_ddiv
<LI><a href="#[e9]">&gt;&gt;</a>&nbsp;&nbsp;&nbsp;__aeabi_d2f
</UL>
<BR>[Called By]<UL><LI><a href="#[8d]">&gt;&gt;</a>&nbsp;&nbsp;&nbsp;data_task
</UL>

<P><STRONG><a name="[122]"></a>filter_data_request</STRONG> (Thumb, 934 bytes, Stack size 104 bytes, filter.o(.text))
<BR><BR>[Stack]<UL><LI>Max Depth = 248 + Unknown Stack Size
<LI>Call Chain = filter_data_request &rArr; __2printf &rArr; _printf_char_file &rArr; _printf_char_common &rArr; __printf
</UL>
<BR>[Calls]<UL><LI><a href="#[cf]">&gt;&gt;</a>&nbsp;&nbsp;&nbsp;UART1_SendString
<LI><a href="#[119]">&gt;&gt;</a>&nbsp;&nbsp;&nbsp;__aeabi_i2d
<LI><a href="#[ed]">&gt;&gt;</a>&nbsp;&nbsp;&nbsp;__aeabi_ddiv
<LI><a href="#[113]">&gt;&gt;</a>&nbsp;&nbsp;&nbsp;__aeabi_memclr
<LI><a href="#[f7]">&gt;&gt;</a>&nbsp;&nbsp;&nbsp;__aeabi_memcpy4
<LI><a href="#[123]">&gt;&gt;</a>&nbsp;&nbsp;&nbsp;strcat
<LI><a href="#[d2]">&gt;&gt;</a>&nbsp;&nbsp;&nbsp;strlen
<LI><a href="#[118]">&gt;&gt;</a>&nbsp;&nbsp;&nbsp;atoi
<LI><a href="#[eb]">&gt;&gt;</a>&nbsp;&nbsp;&nbsp;__2sprintf
<LI><a href="#[116]">&gt;&gt;</a>&nbsp;&nbsp;&nbsp;__2printf
</UL>
<BR>[Called By]<UL><LI><a href="#[9b]">&gt;&gt;</a>&nbsp;&nbsp;&nbsp;filter_platform
</UL>

<P><STRONG><a name="[9b]"></a>filter_platform</STRONG> (Thumb, 636 bytes, Stack size 32 bytes, filter.o(.text))
<BR><BR>[Stack]<UL><LI>Max Depth = 280 + Unknown Stack Size
<LI>Call Chain = filter_platform &rArr; filter_data_request &rArr; __2printf &rArr; _printf_char_file &rArr; _printf_char_common &rArr; __printf
</UL>
<BR>[Calls]<UL><LI><a href="#[122]">&gt;&gt;</a>&nbsp;&nbsp;&nbsp;filter_data_request
<LI><a href="#[10a]">&gt;&gt;</a>&nbsp;&nbsp;&nbsp;UART2_Data
<LI><a href="#[112]">&gt;&gt;</a>&nbsp;&nbsp;&nbsp;CLR_Buf1
<LI><a href="#[cd]">&gt;&gt;</a>&nbsp;&nbsp;&nbsp;UART2_SendString
<LI><a href="#[cf]">&gt;&gt;</a>&nbsp;&nbsp;&nbsp;UART1_SendString
<LI><a href="#[ca]">&gt;&gt;</a>&nbsp;&nbsp;&nbsp;CLR_Buf2
<LI><a href="#[c9]">&gt;&gt;</a>&nbsp;&nbsp;&nbsp;GSM_send_cmd
<LI><a href="#[ce]">&gt;&gt;</a>&nbsp;&nbsp;&nbsp;strstr
<LI><a href="#[116]">&gt;&gt;</a>&nbsp;&nbsp;&nbsp;__2printf
</UL>
<BR>[Called By]<UL><LI><a href="#[99]">&gt;&gt;</a>&nbsp;&nbsp;&nbsp;filter_task
</UL>

<P><STRONG><a name="[12e]"></a>proto_set_fn</STRONG> (Thumb, 14 bytes, Stack size 0 bytes, proto.o(.text))
<BR><BR>[Called By]<UL><LI><a href="#[ac]">&gt;&gt;</a>&nbsp;&nbsp;&nbsp;lcd_init
</UL>

<P><STRONG><a name="[124]"></a>proto_read_frame</STRONG> (Thumb, 224 bytes, Stack size 48 bytes, proto.o(.text), UNUSED)
<BR><BR>[Calls]<UL><LI><a href="#[125]">&gt;&gt;</a>&nbsp;&nbsp;&nbsp;proto_calc_lrc
</UL>

<P><STRONG><a name="[126]"></a>proto_write_frame</STRONG> (Thumb, 72 bytes, Stack size 24 bytes, proto.o(.text))
<BR><BR>[Stack]<UL><LI>Max Depth = 32<LI>Call Chain = proto_write_frame &rArr; proto_calc_lrc
</UL>
<BR>[Calls]<UL><LI><a href="#[125]">&gt;&gt;</a>&nbsp;&nbsp;&nbsp;proto_calc_lrc
</UL>
<BR>[Called By]<UL><LI><a href="#[131]">&gt;&gt;</a>&nbsp;&nbsp;&nbsp;lcd_beep_off
<LI><a href="#[130]">&gt;&gt;</a>&nbsp;&nbsp;&nbsp;lcd_beep_one
<LI><a href="#[12f]">&gt;&gt;</a>&nbsp;&nbsp;&nbsp;lcd_led_on
<LI><a href="#[12c]">&gt;&gt;</a>&nbsp;&nbsp;&nbsp;led_red
<LI><a href="#[12b]">&gt;&gt;</a>&nbsp;&nbsp;&nbsp;led_yellow
<LI><a href="#[12a]">&gt;&gt;</a>&nbsp;&nbsp;&nbsp;lcd_beep_on
<LI><a href="#[129]">&gt;&gt;</a>&nbsp;&nbsp;&nbsp;led_green
<LI><a href="#[128]">&gt;&gt;</a>&nbsp;&nbsp;&nbsp;lcd_led_off
<LI><a href="#[127]">&gt;&gt;</a>&nbsp;&nbsp;&nbsp;led_offs
<LI><a href="#[98]">&gt;&gt;</a>&nbsp;&nbsp;&nbsp;lcd_showdata
</UL>

<P><STRONG><a name="[127]"></a>led_offs</STRONG> (Thumb, 34 bytes, Stack size 16 bytes, lcd_rl.o(.text))
<BR><BR>[Stack]<UL><LI>Max Depth = 48<LI>Call Chain = led_offs &rArr; proto_write_frame &rArr; proto_calc_lrc
</UL>
<BR>[Calls]<UL><LI><a href="#[126]">&gt;&gt;</a>&nbsp;&nbsp;&nbsp;proto_write_frame
</UL>
<BR>[Called By]<UL><LI><a href="#[ac]">&gt;&gt;</a>&nbsp;&nbsp;&nbsp;lcd_init
</UL>

<P><STRONG><a name="[128]"></a>lcd_led_off</STRONG> (Thumb, 34 bytes, Stack size 16 bytes, lcd_rl.o(.text))
<BR><BR>[Stack]<UL><LI>Max Depth = 48<LI>Call Chain = lcd_led_off &rArr; proto_write_frame &rArr; proto_calc_lrc
</UL>
<BR>[Calls]<UL><LI><a href="#[126]">&gt;&gt;</a>&nbsp;&nbsp;&nbsp;proto_write_frame
</UL>
<BR>[Called By]<UL><LI><a href="#[ac]">&gt;&gt;</a>&nbsp;&nbsp;&nbsp;lcd_init
</UL>

<P><STRONG><a name="[129]"></a>led_green</STRONG> (Thumb, 34 bytes, Stack size 16 bytes, lcd_rl.o(.text))
<BR><BR>[Stack]<UL><LI>Max Depth = 48<LI>Call Chain = led_green &rArr; proto_write_frame &rArr; proto_calc_lrc
</UL>
<BR>[Calls]<UL><LI><a href="#[126]">&gt;&gt;</a>&nbsp;&nbsp;&nbsp;proto_write_frame
</UL>
<BR>[Called By]<UL><LI><a href="#[98]">&gt;&gt;</a>&nbsp;&nbsp;&nbsp;lcd_showdata
</UL>

<P><STRONG><a name="[12a]"></a>lcd_beep_on</STRONG> (Thumb, 32 bytes, Stack size 16 bytes, lcd_rl.o(.text))
<BR><BR>[Stack]<UL><LI>Max Depth = 48<LI>Call Chain = lcd_beep_on &rArr; proto_write_frame &rArr; proto_calc_lrc
</UL>
<BR>[Calls]<UL><LI><a href="#[126]">&gt;&gt;</a>&nbsp;&nbsp;&nbsp;proto_write_frame
</UL>
<BR>[Called By]<UL><LI><a href="#[98]">&gt;&gt;</a>&nbsp;&nbsp;&nbsp;lcd_showdata
</UL>

<P><STRONG><a name="[12b]"></a>led_yellow</STRONG> (Thumb, 34 bytes, Stack size 16 bytes, lcd_rl.o(.text))
<BR><BR>[Stack]<UL><LI>Max Depth = 48<LI>Call Chain = led_yellow &rArr; proto_write_frame &rArr; proto_calc_lrc
</UL>
<BR>[Calls]<UL><LI><a href="#[126]">&gt;&gt;</a>&nbsp;&nbsp;&nbsp;proto_write_frame
</UL>
<BR>[Called By]<UL><LI><a href="#[98]">&gt;&gt;</a>&nbsp;&nbsp;&nbsp;lcd_showdata
</UL>

<P><STRONG><a name="[12c]"></a>led_red</STRONG> (Thumb, 32 bytes, Stack size 16 bytes, lcd_rl.o(.text))
<BR><BR>[Stack]<UL><LI>Max Depth = 48<LI>Call Chain = led_red &rArr; proto_write_frame &rArr; proto_calc_lrc
</UL>
<BR>[Calls]<UL><LI><a href="#[126]">&gt;&gt;</a>&nbsp;&nbsp;&nbsp;proto_write_frame
</UL>
<BR>[Called By]<UL><LI><a href="#[98]">&gt;&gt;</a>&nbsp;&nbsp;&nbsp;lcd_showdata
</UL>

<P><STRONG><a name="[98]"></a>lcd_showdata</STRONG> (Thumb, 228 bytes, Stack size 32 bytes, lcd_rl.o(.text))
<BR><BR>[Stack]<UL><LI>Max Depth = 120<LI>Call Chain = lcd_showdata &rArr; atoi &rArr; strtol &rArr; _strtoul
</UL>
<BR>[Calls]<UL><LI><a href="#[12c]">&gt;&gt;</a>&nbsp;&nbsp;&nbsp;led_red
<LI><a href="#[12b]">&gt;&gt;</a>&nbsp;&nbsp;&nbsp;led_yellow
<LI><a href="#[12a]">&gt;&gt;</a>&nbsp;&nbsp;&nbsp;lcd_beep_on
<LI><a href="#[129]">&gt;&gt;</a>&nbsp;&nbsp;&nbsp;led_green
<LI><a href="#[12d]">&gt;&gt;</a>&nbsp;&nbsp;&nbsp;uint16_to_be16_bytes
<LI><a href="#[126]">&gt;&gt;</a>&nbsp;&nbsp;&nbsp;proto_write_frame
<LI><a href="#[118]">&gt;&gt;</a>&nbsp;&nbsp;&nbsp;atoi
</UL>
<BR>[Called By]<UL><LI><a href="#[ac]">&gt;&gt;</a>&nbsp;&nbsp;&nbsp;lcd_init
<LI><a href="#[96]">&gt;&gt;</a>&nbsp;&nbsp;&nbsp;lcd_task
</UL>

<P><STRONG><a name="[ac]"></a>lcd_init</STRONG> (Thumb, 28 bytes, Stack size 8 bytes, lcd_rl.o(.text))
<BR><BR>[Stack]<UL><LI>Max Depth = 128<LI>Call Chain = lcd_init &rArr; lcd_showdata &rArr; atoi &rArr; strtol &rArr; _strtoul
</UL>
<BR>[Calls]<UL><LI><a href="#[128]">&gt;&gt;</a>&nbsp;&nbsp;&nbsp;lcd_led_off
<LI><a href="#[127]">&gt;&gt;</a>&nbsp;&nbsp;&nbsp;led_offs
<LI><a href="#[12e]">&gt;&gt;</a>&nbsp;&nbsp;&nbsp;proto_set_fn
<LI><a href="#[98]">&gt;&gt;</a>&nbsp;&nbsp;&nbsp;lcd_showdata
</UL>
<BR>[Called By]<UL><LI><a href="#[87]">&gt;&gt;</a>&nbsp;&nbsp;&nbsp;main
</UL>

<P><STRONG><a name="[12f]"></a>lcd_led_on</STRONG> (Thumb, 34 bytes, Stack size 16 bytes, lcd_rl.o(.text), UNUSED)
<BR><BR>[Calls]<UL><LI><a href="#[126]">&gt;&gt;</a>&nbsp;&nbsp;&nbsp;proto_write_frame
</UL>

<P><STRONG><a name="[130]"></a>lcd_beep_one</STRONG> (Thumb, 32 bytes, Stack size 16 bytes, lcd_rl.o(.text), UNUSED)
<BR><BR>[Calls]<UL><LI><a href="#[126]">&gt;&gt;</a>&nbsp;&nbsp;&nbsp;proto_write_frame
</UL>

<P><STRONG><a name="[131]"></a>lcd_beep_off</STRONG> (Thumb, 32 bytes, Stack size 16 bytes, lcd_rl.o(.text), UNUSED)
<BR><BR>[Calls]<UL><LI><a href="#[126]">&gt;&gt;</a>&nbsp;&nbsp;&nbsp;proto_write_frame
</UL>

<P><STRONG><a name="[d]"></a>SysTick_Handler</STRONG> (Thumb, 16 bytes, Stack size 8 bytes, delay.o(.text))
<BR><BR>[Stack]<UL><LI>Max Depth = 24 + Unknown Stack Size
<LI>Call Chain = SysTick_Handler &rArr; OSTimeTick
</UL>
<BR>[Calls]<UL><LI><a href="#[105]">&gt;&gt;</a>&nbsp;&nbsp;&nbsp;OSIntExit
<LI><a href="#[102]">&gt;&gt;</a>&nbsp;&nbsp;&nbsp;OSIntEnter
<LI><a href="#[132]">&gt;&gt;</a>&nbsp;&nbsp;&nbsp;OSTimeTick
</UL>
<BR>[Address Reference Count : 1]<UL><LI> startup_stm32f10x_hd.o(RESET)
</UL>
<P><STRONG><a name="[a3]"></a>delay_init</STRONG> (Thumb, 76 bytes, Stack size 8 bytes, delay.o(.text))
<BR><BR>[Stack]<UL><LI>Max Depth = 8<LI>Call Chain = delay_init
</UL>
<BR>[Calls]<UL><LI><a href="#[133]">&gt;&gt;</a>&nbsp;&nbsp;&nbsp;SysTick_CLKSourceConfig
</UL>
<BR>[Called By]<UL><LI><a href="#[87]">&gt;&gt;</a>&nbsp;&nbsp;&nbsp;main
</UL>

<P><STRONG><a name="[135]"></a>delay_us</STRONG> (Thumb, 70 bytes, Stack size 16 bytes, delay.o(.text))
[...]

<P><STRONG><a name="[201]"></a>_dfixu</STRONG> (Thumb, 90 bytes, Stack size 32 bytes, dfixu.o(x$fpl$dfixu), UNUSED)
<BR><BR>[Calls]<UL><LI><a href="#[1f8]">&gt;&gt;</a>&nbsp;&nbsp;&nbsp;__fpl_dnaninf
</UL>

<P><STRONG><a name="[119]"></a>__aeabi_i2d</STRONG> (Thumb, 0 bytes, Stack size 0 bytes, dflt_clz.o(x$fpl$dflt))
<BR><BR>[Called By]<UL><LI><a href="#[122]">&gt;&gt;</a>&nbsp;&nbsp;&nbsp;filter_data_request
<LI><a href="#[9a]">&gt;&gt;</a>&nbsp;&nbsp;&nbsp;get_GPS_data
<LI><a href="#[92]">&gt;&gt;</a>&nbsp;&nbsp;&nbsp;MAX31855_ReadData_3
<LI><a href="#[91]">&gt;&gt;</a>&nbsp;&nbsp;&nbsp;MAX31855_ReadData_2
<LI><a href="#[8e]">&gt;&gt;</a>&nbsp;&nbsp;&nbsp;MAX31855_ReadData_1
</UL>

<P><STRONG><a name="[2ef]"></a>_dflt</STRONG> (Thumb, 46 bytes, Stack size 0 bytes, dflt_clz.o(x$fpl$dflt), UNUSED)

<P><STRONG><a name="[2f0]"></a>__aeabi_cdcmple</STRONG> (Thumb, 0 bytes, Stack size 32 bytes, dleqf.o(x$fpl$dleqf), UNUSED)

<P><STRONG><a name="[202]"></a>_dcmple</STRONG> (Thumb, 120 bytes, Stack size 32 bytes, dleqf.o(x$fpl$dleqf), UNUSED)
<BR><BR>[Calls]<UL><LI><a href="#[1f8]">&gt;&gt;</a>&nbsp;&nbsp;&nbsp;__fpl_dnaninf
<LI><a href="#[200]">&gt;&gt;</a>&nbsp;&nbsp;&nbsp;__fpl_dcmp_Inf
</UL>

<P><STRONG><a name="[205]"></a>__fpl_dcmple_InfNaN</STRONG> (Thumb, 0 bytes, Stack size unknown bytes, dleqf.o(x$fpl$dleqf), UNUSED)
<BR><BR>[Called By]<UL><LI><a href="#[204]">&gt;&gt;</a>&nbsp;&nbsp;&nbsp;_drcmple
</UL>

<P><STRONG><a name="[e8]"></a>__aeabi_dmul</STRONG> (Thumb, 0 bytes, Stack size 32 bytes, dmul.o(x$fpl$dmul))
<BR><BR>[Stack]<UL><LI>Max Depth = 32<LI>Call Chain = __aeabi_dmul
</UL>
<BR>[Called By]<UL><LI><a href="#[e5]">&gt;&gt;</a>&nbsp;&nbsp;&nbsp;get_pressure_3
<LI><a href="#[94]">&gt;&gt;</a>&nbsp;&nbsp;&nbsp;get_pressure_2
<LI><a href="#[93]">&gt;&gt;</a>&nbsp;&nbsp;&nbsp;get_pressure_1
<LI><a href="#[9a]">&gt;&gt;</a>&nbsp;&nbsp;&nbsp;get_GPS_data
<LI><a href="#[92]">&gt;&gt;</a>&nbsp;&nbsp;&nbsp;MAX31855_ReadData_3
<LI><a href="#[91]">&gt;&gt;</a>&nbsp;&nbsp;&nbsp;MAX31855_ReadData_2
<LI><a href="#[8e]">&gt;&gt;</a>&nbsp;&nbsp;&nbsp;MAX31855_ReadData_1
</UL>

<P><STRONG><a name="[203]"></a>_dmul</STRONG> (Thumb, 332 bytes, Stack size 32 bytes, dmul.o(x$fpl$dmul), UNUSED)
<BR><BR>[Calls]<UL><LI><a href="#[1fb]">&gt;&gt;</a>&nbsp;&nbsp;&nbsp;__fpl_dretinf
<LI><a href="#[1f8]">&gt;&gt;</a>&nbsp;&nbsp;&nbsp;__fpl_dnaninf
</UL>

<P><STRONG><a name="[1f8]"></a>__fpl_dnaninf</STRONG> (Thumb, 156 bytes, Stack size 16 bytes, dnaninf.o(x$fpl$dnaninf), UNUSED)
<BR><BR>[Called By]<UL><LI><a href="#[203]">&gt;&gt;</a>&nbsp;&nbsp;&nbsp;_dmul
<LI><a href="#[201]">&gt;&gt;</a>&nbsp;&nbsp;&nbsp;_dfixu
<LI><a href="#[1fe]">&gt;&gt;</a>&nbsp;&nbsp;&nbsp;_ddiv
<LI><a href="#[206]">&gt;&gt;</a>&nbsp;&nbsp;&nbsp;_dsub
<LI><a href="#[1f9]">&gt;&gt;</a>&nbsp;&nbsp;&nbsp;_dadd
<LI><a href="#[1f6]">&gt;&gt;</a>&nbsp;&nbsp;&nbsp;_d2f
<LI><a href="#[202]">&gt;&gt;</a>&nbsp;&nbsp;&nbsp;_dcmple
<LI><a href="#[1ff]">&gt;&gt;</a>&nbsp;&nbsp;&nbsp;_dcmpeq
</UL>

<P><STRONG><a name="[1fb]"></a>__fpl_dretinf</STRONG> (Thumb, 12 bytes, Stack size 0 bytes, dretinf.o(x$fpl$dretinf), UNUSED)
<BR><BR>[Called By]<UL><LI><a href="#[208]">&gt;&gt;</a>&nbsp;&nbsp;&nbsp;_f2d
<LI><a href="#[203]">&gt;&gt;</a>&nbsp;&nbsp;&nbsp;_dmul
<LI><a href="#[1fe]">&gt;&gt;</a>&nbsp;&nbsp;&nbsp;_ddiv
<LI><a href="#[1f9]">&gt;&gt;</a>&nbsp;&nbsp;&nbsp;_dadd
</UL>

<P><STRONG><a name="[1f3]"></a>__aeabi_cdrcmple</STRONG> (Thumb, 0 bytes, Stack size 16 bytes, drleqf.o(x$fpl$drleqf))
<BR><BR>[Stack]<UL><LI>Max Depth = 16<LI>Call Chain = __aeabi_cdrcmple
</UL>
<BR>[Called By]<UL><LI><a href="#[1f0]">&gt;&gt;</a>&nbsp;&nbsp;&nbsp;__mathlib_tofloat
</UL>

<P><STRONG><a name="[204]"></a>_drcmple</STRONG> (Thumb, 108 bytes, Stack size 16 bytes, drleqf.o(x$fpl$drleqf), UNUSED)
<BR><BR>[Calls]<UL><LI><a href="#[205]">&gt;&gt;</a>&nbsp;&nbsp;&nbsp;__fpl_dcmple_InfNaN
</UL>

<P><STRONG><a name="[ec]"></a>__aeabi_dsub</STRONG> (Thumb, 0 bytes, Stack size 32 bytes, daddsub_clz.o(x$fpl$dsub))
<BR><BR>[Stack]<UL><LI>Max Depth = 32<LI>Call Chain = __aeabi_dsub
</UL>
<BR>[Called By]<UL><LI><a href="#[e5]">&gt;&gt;</a>&nbsp;&nbsp;&nbsp;get_pressure_3
<LI><a href="#[94]">&gt;&gt;</a>&nbsp;&nbsp;&nbsp;get_pressure_2
<LI><a href="#[93]">&gt;&gt;</a>&nbsp;&nbsp;&nbsp;get_pressure_1
</UL>

<P><STRONG><a name="[206]"></a>_dsub</STRONG> (Thumb, 464 bytes, Stack size 32 bytes, daddsub_clz.o(x$fpl$dsub), UNUSED)
<BR><BR>[Calls]<UL><LI><a href="#[1f8]">&gt;&gt;</a>&nbsp;&nbsp;&nbsp;__fpl_dnaninf
<LI><a href="#[207]">&gt;&gt;</a>&nbsp;&nbsp;&nbsp;_dadd1
</UL>

<P><STRONG><a name="[e7]"></a>__aeabi_f2d</STRONG> (Thumb, 0 bytes, Stack size 16 bytes, f2d.o(x$fpl$f2d))
<BR><BR>[Stack]<UL><LI>Max Depth = 16<LI>Call Chain = __aeabi_f2d
</UL>
<BR>[Called By]<UL><LI><a href="#[e5]">&gt;&gt;</a>&nbsp;&nbsp;&nbsp;get_pressure_3
<LI><a href="#[94]">&gt;&gt;</a>&nbsp;&nbsp;&nbsp;get_pressure_2
<LI><a href="#[93]">&gt;&gt;</a>&nbsp;&nbsp;&nbsp;get_pressure_1
</UL>

<P><STRONG><a name="[208]"></a>_f2d</STRONG> (Thumb, 86 bytes, Stack size 16 bytes, f2d.o(x$fpl$f2d), UNUSED)
<BR><BR>[Calls]<UL><LI><a href="#[209]">&gt;&gt;</a>&nbsp;&nbsp;&nbsp;__fpl_fnaninf
<LI><a href="#[1fb]">&gt;&gt;</a>&nbsp;&nbsp;&nbsp;__fpl_dretinf
</UL>

<P><STRONG><a name="[8f]"></a>__aeabi_f2iz</STRONG> (Thumb, 0 bytes, Stack size 16 bytes, ffix.o(x$fpl$ffix))
<BR><BR>[Stack]<UL><LI>Max Depth = 16<LI>Call Chain = __aeabi_f2iz
</UL>
<BR>[Called By]<UL><LI><a href="#[8d]">&gt;&gt;</a>&nbsp;&nbsp;&nbsp;data_task
</UL>

<P><STRONG><a name="[20a]"></a>_ffix</STRONG> (Thumb, 54 bytes, Stack size 16 bytes, ffix.o(x$fpl$ffix), UNUSED)
<BR><BR>[Calls]<UL><LI><a href="#[209]">&gt;&gt;</a>&nbsp;&nbsp;&nbsp;__fpl_fnaninf
</UL>

<P><STRONG><a name="[ee]"></a>__aeabi_f2uiz</STRONG> (Thumb, 0 bytes, Stack size 16 bytes, ffixu.o(x$fpl$ffixu))
<BR><BR>[Stack]<UL><LI>Max Depth = 16<LI>Call Chain = __aeabi_f2uiz
</UL>
<BR>[Called By]<UL><LI><a href="#[e5]">&gt;&gt;</a>&nbsp;&nbsp;&nbsp;get_pressure_3
<LI><a href="#[94]">&gt;&gt;</a>&nbsp;&nbsp;&nbsp;get_pressure_2
</UL>

<P><STRONG><a name="[20b]"></a>_ffixu</STRONG> (Thumb, 62 bytes, Stack size 16 bytes, ffixu.o(x$fpl$ffixu), UNUSED)
<BR><BR>[Calls]<UL><LI><a href="#[209]">&gt;&gt;</a>&nbsp;&nbsp;&nbsp;__fpl_fnaninf
</UL>

<P><STRONG><a name="[e6]"></a>__aeabi_ui2f</STRONG> (Thumb, 0 bytes, Stack size 0 bytes, fflt_clz.o(x$fpl$ffltu))
<BR><BR>[Called By]<UL><LI><a href="#[e5]">&gt;&gt;</a>&nbsp;&nbsp;&nbsp;get_pressure_3
<LI><a href="#[94]">&gt;&gt;</a>&nbsp;&nbsp;&nbsp;get_pressure_2
<LI><a href="#[93]">&gt;&gt;</a>&nbsp;&nbsp;&nbsp;get_pressure_1
</UL>

<P><STRONG><a name="[2f1]"></a>_ffltu</STRONG> (Thumb, 38 bytes, Stack size 0 bytes, fflt_clz.o(x$fpl$ffltu), UNUSED)

<P><STRONG><a name="[ea]"></a>__aeabi_fmul</STRONG> (Thumb, 0 bytes, Stack size 16 bytes, fmul.o(x$fpl$fmul))
<BR><BR>[Stack]<UL><LI>Max Depth = 16<LI>Call Chain = __aeabi_fmul
</UL>
<BR>[Called By]<UL><LI><a href="#[e5]">&gt;&gt;</a>&nbsp;&nbsp;&nbsp;get_pressure_3
<LI><a href="#[94]">&gt;&gt;</a>&nbsp;&nbsp;&nbsp;get_pressure_2
<LI><a href="#[93]">&gt;&gt;</a>&nbsp;&nbsp;&nbsp;get_pressure_1
</UL>

<P><STRONG><a name="[20c]"></a>_fmul</STRONG> (Thumb, 258 bytes, Stack size 16 bytes, fmul.o(x$fpl$fmul), UNUSED)
<BR><BR>[Calls]<UL><LI><a href="#[1f7]">&gt;&gt;</a>&nbsp;&nbsp;&nbsp;__fpl_fretinf
<LI><a href="#[209]">&gt;&gt;</a>&nbsp;&nbsp;&nbsp;__fpl_fnaninf
</UL>

<P><STRONG><a name="[209]"></a>__fpl_fnaninf</STRONG> (Thumb, 140 bytes, Stack size 8 bytes, fnaninf.o(x$fpl$fnaninf), UNUSED)
<BR><BR>[Called By]<UL><LI><a href="#[20c]">&gt;&gt;</a>&nbsp;&nbsp;&nbsp;_fmul
<LI><a href="#[20b]">&gt;&gt;</a>&nbsp;&nbsp;&nbsp;_ffixu
<LI><a href="#[20a]">&gt;&gt;</a>&nbsp;&nbsp;&nbsp;_ffix
<LI><a href="#[208]">&gt;&gt;</a>&nbsp;&nbsp;&nbsp;_f2d
</UL>

<P><STRONG><a name="[1f7]"></a>__fpl_fretinf</STRONG> (Thumb, 10 bytes, Stack size 0 bytes, fretinf.o(x$fpl$fretinf), UNUSED)
<BR><BR>[Called By]<UL><LI><a href="#[20c]">&gt;&gt;</a>&nbsp;&nbsp;&nbsp;_fmul
<LI><a href="#[1f6]">&gt;&gt;</a>&nbsp;&nbsp;&nbsp;_d2f
</UL>

<P><STRONG><a name="[60]"></a>_printf_fp_dec</STRONG> (Thumb, 4 bytes, Stack size 0 bytes, printf1.o(x$fpl$printf1))
<BR><BR>[Stack]<UL><LI>Max Depth = 320<LI>Call Chain = _printf_fp_dec &rArr; _printf_fp_dec_real &rArr; _fp_digits &rArr; _btod_etento &rArr; _btod_emul &rArr; _e2e
</UL>
<BR>[Calls]<UL><LI><a href="#[1c8]">&gt;&gt;</a>&nbsp;&nbsp;&nbsp;_printf_fp_dec_real
</UL>
<BR>[Called By]<UL><LI><a href="#[62]">&gt;&gt;</a>&nbsp;&nbsp;&nbsp;_printf_g
<LI><a href="#[61]">&gt;&gt;</a>&nbsp;&nbsp;&nbsp;_printf_e
<LI><a href="#[5f]">&gt;&gt;</a>&nbsp;&nbsp;&nbsp;_printf_f
</UL>

<P><STRONG><a name="[64]"></a>_printf_fp_hex</STRONG> (Thumb, 4 bytes, Stack size 0 bytes, printf2.o(x$fpl$printf2))
<BR><BR>[Stack]<UL><LI>Max Depth = 112<LI>Call Chain = _printf_fp_hex &rArr; _printf_fp_hex_real &rArr; _printf_fp_infnan &rArr; _printf_post_padding
</UL>
<BR>[Calls]<UL><LI><a href="#[1d8]">&gt;&gt;</a>&nbsp;&nbsp;&nbsp;_printf_fp_hex_real
</UL>
<BR>[Called By]<UL><LI><a href="#[63]">&gt;&gt;</a>&nbsp;&nbsp;&nbsp;_printf_a
</UL>

<P><STRONG><a name="[1fd]"></a>__fpl_return_NaN</STRONG> (Thumb, 100 bytes, Stack size 0 bytes, retnan.o(x$fpl$retnan))
<BR><BR>[Calls]<UL><LI><a href="#[20d]">&gt;&gt;</a>&nbsp;&nbsp;&nbsp;__fpl_cmpreturn
</UL>
<BR>[Called By]<UL><LI><a href="#[1fc]">&gt;&gt;</a>&nbsp;&nbsp;&nbsp;__fpl_dcheck_NaN1
</UL>

<P><STRONG><a name="[1ef]"></a>__ARM_scalbn</STRONG> (Thumb, 92 bytes, Stack size 0 bytes, scalbn.o(x$fpl$scalbn))
<BR><BR>[Calls]<UL><LI><a href="#[1fc]">&gt;&gt;</a>&nbsp;&nbsp;&nbsp;__fpl_dcheck_NaN1
</UL>
<BR>[Called By]<UL><LI><a href="#[1ee]">&gt;&gt;</a>&nbsp;&nbsp;&nbsp;__mathlib_dbl_underflow
<LI><a href="#[1f4]">&gt;&gt;</a>&nbsp;&nbsp;&nbsp;ldexp
<LI><a href="#[1f1]">&gt;&gt;</a>&nbsp;&nbsp;&nbsp;frexp
</UL>

<P><STRONG><a name="[1d2]"></a>_scanf_real</STRONG> (Thumb, 4 bytes, Stack size 0 bytes, scanf1.o(x$fpl$scanf1))
<BR><BR>[Stack]<UL><LI>Max Depth = 328<LI>Call Chain = _scanf_real &rArr; _scanf_really_real &rArr; _fp_value &rArr; _btod_etento &rArr; _btod_emul &rArr; _e2e
</UL>
<BR>[Calls]<UL><LI><a href="#[1e0]">&gt;&gt;</a>&nbsp;&nbsp;&nbsp;_scanf_really_real
</UL>
<BR>[Called By]<UL><LI><a href="#[1d1]">&gt;&gt;</a>&nbsp;&nbsp;&nbsp;_local_sscanf
</UL>

<P><STRONG><a name="[1e2]"></a>_scanf_hex_real</STRONG> (Thumb, 4 bytes, Stack size 0 bytes, scanf2.o(x$fpl$scanf2))
<BR><BR>[Stack]<UL><LI>Max Depth = 144<LI>Call Chain = _scanf_hex_real &rArr; _scanf_really_hex_real &rArr; __support_ldexp &rArr; ldexp &rArr; __aeabi_cdcmpeq
</UL>
<BR>[Calls]<UL><LI><a href="#[1e5]">&gt;&gt;</a>&nbsp;&nbsp;&nbsp;_scanf_really_hex_real
</UL>
<BR>[Called By]<UL><LI><a href="#[1e0]">&gt;&gt;</a>&nbsp;&nbsp;&nbsp;_scanf_really_real
</UL>

<P><STRONG><a name="[1e1]"></a>_scanf_infnan</STRONG> (Thumb, 4 bytes, Stack size 0 bytes, scanf2.o(x$fpl$scanf2))
<BR><BR>[Stack]<UL><LI>Max Depth = 72<LI>Call Chain = _scanf_infnan &rArr; _scanf_really_infnan
</UL>
<BR>[Calls]<UL><LI><a href="#[20e]">&gt;&gt;</a>&nbsp;&nbsp;&nbsp;_scanf_really_infnan
</UL>
<BR>[Called By]<UL><LI><a href="#[1e0]">&gt;&gt;</a>&nbsp;&nbsp;&nbsp;_scanf_really_real
</UL>

<P><STRONG><a name="[20d]"></a>__fpl_cmpreturn</STRONG> (Thumb, 48 bytes, Stack size 0 bytes, trapv.o(x$fpl$trapveneer))
<BR><BR>[Called By]<UL><LI><a href="#[1fd]">&gt;&gt;</a>&nbsp;&nbsp;&nbsp;__fpl_return_NaN
</UL>
<P>
<H3>
Local Symbols
</H3>
<P><STRONG><a name="[b1]"></a>SetSysClockTo72</STRONG> (Thumb, 192 bytes, Stack size 0 bytes, system_stm32f10x.o(.text))
<BR><BR>[Called By]<UL><LI><a href="#[b0]">&gt;&gt;</a>&nbsp;&nbsp;&nbsp;SetSysClock
</UL>

<P><STRONG><a name="[b0]"></a>SetSysClock</STRONG> (Thumb, 8 bytes, Stack size 8 bytes, system_stm32f10x.o(.text))
<BR><BR>[Stack]<UL><LI>Max Depth = 8<LI>Call Chain = SetSysClock
</UL>
<BR>[Calls]<UL><LI><a href="#[b1]">&gt;&gt;</a>&nbsp;&nbsp;&nbsp;SetSysClockTo72
</UL>
<BR>[Called By]<UL><LI><a href="#[4c]">&gt;&gt;</a>&nbsp;&nbsp;&nbsp;SystemInit
</UL>

<P><STRONG><a name="[121]"></a>delay_us</STRONG> (Thumb, 30 bytes, Stack size 0 bytes, max31855.o(.text))
<BR><BR>[Called By]<UL><LI><a href="#[92]">&gt;&gt;</a>&nbsp;&nbsp;&nbsp;MAX31855_ReadData_3
<LI><a href="#[91]">&gt;&gt;</a>&nbsp;&nbsp;&nbsp;MAX31855_ReadData_2
<LI><a href="#[8e]">&gt;&gt;</a>&nbsp;&nbsp;&nbsp;MAX31855_ReadData_1
</UL>

<P><STRONG><a name="[125]"></a>proto_calc_lrc</STRONG> (Thumb, 20 bytes, Stack size 8 bytes, proto.o(.text))
<BR><BR>[Stack]<UL><LI>Max Depth = 8<LI>Call Chain = proto_calc_lrc
</UL>
<BR>[Called By]<UL><LI><a href="#[126]">&gt;&gt;</a>&nbsp;&nbsp;&nbsp;proto_write_frame
<LI><a href="#[124]">&gt;&gt;</a>&nbsp;&nbsp;&nbsp;proto_read_frame
</UL>

<P><STRONG><a name="[4b]"></a>s_proto_read</STRONG> (Thumb, 6 bytes, Stack size 0 bytes, lcd_rl.o(.text))
<BR>[Address Reference Count : 1]<UL><LI> lcd_rl.o(.text)
</UL>
<P><STRONG><a name="[4a]"></a>s_proto_write</STRONG> (Thumb, 32 bytes, Stack size 16 bytes, lcd_rl.o(.text))
<BR><BR>[Stack]<UL><LI>Max Depth = 16<LI>Call Chain = s_proto_write
</UL>
<BR>[Calls]<UL><LI><a href="#[cc]">&gt;&gt;</a>&nbsp;&nbsp;&nbsp;USART_SendData
<LI><a href="#[cb]">&gt;&gt;</a>&nbsp;&nbsp;&nbsp;USART_GetFlagStatus
</UL>
<BR>[Address Reference Count : 1]<UL><LI> lcd_rl.o(.text)
</UL>
<P><STRONG><a name="[12d]"></a>uint16_to_be16_bytes</STRONG> (Thumb, 8 bytes, Stack size 0 bytes, lcd_rl.o(.text))
<BR><BR>[Called By]<UL><LI><a href="#[98]">&gt;&gt;</a>&nbsp;&nbsp;&nbsp;lcd_showdata
</UL>

<P><STRONG><a name="[147]"></a>TI4_Config</STRONG> (Thumb, 130 bytes, Stack size 20 bytes, stm32f10x_tim.o(.text), UNUSED)
<BR><BR>[Called By]<UL><LI><a href="#[140]">&gt;&gt;</a>&nbsp;&nbsp;&nbsp;TIM_ICInit
</UL>

<P><STRONG><a name="[145]"></a>TI3_Config</STRONG> (Thumb, 122 bytes, Stack size 20 bytes, stm32f10x_tim.o(.text), UNUSED)
<BR><BR>[Called By]<UL><LI><a href="#[140]">&gt;&gt;</a>&nbsp;&nbsp;&nbsp;TIM_ICInit
</UL>

<P><STRONG><a name="[143]"></a>TI2_Config</STRONG> (Thumb, 130 bytes, Stack size 20 bytes, stm32f10x_tim.o(.text), UNUSED)
<BR><BR>[Called By]<UL><LI><a href="#[14c]">&gt;&gt;</a>&nbsp;&nbsp;&nbsp;TIM_TIxExternalClockConfig
<LI><a href="#[149]">&gt;&gt;</a>&nbsp;&nbsp;&nbsp;TIM_PWMIConfig
<LI><a href="#[140]">&gt;&gt;</a>&nbsp;&nbsp;&nbsp;TIM_ICInit
</UL>

<P><STRONG><a name="[141]"></a>TI1_Config</STRONG> (Thumb, 108 bytes, Stack size 20 bytes, stm32f10x_tim.o(.text), UNUSED)
<BR><BR>[Called By]<UL><LI><a href="#[14c]">&gt;&gt;</a>&nbsp;&nbsp;&nbsp;TIM_TIxExternalClockConfig
<LI><a href="#[149]">&gt;&gt;</a>&nbsp;&nbsp;&nbsp;TIM_PWMIConfig
<LI><a href="#[140]">&gt;&gt;</a>&nbsp;&nbsp;&nbsp;TIM_ICInit
</UL>

<P><STRONG><a name="[160]"></a>OS_InitTaskStat</STRONG> (Thumb, 52 bytes, Stack size 32 bytes, os_core.o(.text))
<BR><BR>[Stack]<UL><LI>Max Depth = 128 + Unknown Stack Size
<LI>Call Chain = OS_InitTaskStat &rArr; OSTaskCreateExt &rArr; OS_TCBInit
</UL>
<BR>[Calls]<UL><LI><a href="#[162]">&gt;&gt;</a>&nbsp;&nbsp;&nbsp;OSTaskNameSet
<LI><a href="#[161]">&gt;&gt;</a>&nbsp;&nbsp;&nbsp;OSTaskCreateExt
</UL>
<BR>[Called By]<UL><LI><a href="#[ae]">&gt;&gt;</a>&nbsp;&nbsp;&nbsp;OSInit
</UL>

<P><STRONG><a name="[165]"></a>OS_InitTaskIdle</STRONG> (Thumb, 52 bytes, Stack size 32 bytes, os_core.o(.text))
<BR><BR>[Stack]<UL><LI>Max Depth = 128 + Unknown Stack Size
<LI>Call Chain = OS_InitTaskIdle &rArr; OSTaskCreateExt &rArr; OS_TCBInit
</UL>
<BR>[Calls]<UL><LI><a href="#[162]">&gt;&gt;</a>&nbsp;&nbsp;&nbsp;OSTaskNameSet
<LI><a href="#[161]">&gt;&gt;</a>&nbsp;&nbsp;&nbsp;OSTaskCreateExt
</UL>
<BR>[Called By]<UL><LI><a href="#[ae]">&gt;&gt;</a>&nbsp;&nbsp;&nbsp;OSInit
</UL>

<P><STRONG><a name="[166]"></a>OS_InitEventList</STRONG> (Thumb, 74 bytes, Stack size 16 bytes, os_core.o(.text))
<BR><BR>[Stack]<UL><LI>Max Depth = 16<LI>Call Chain = OS_InitEventList
</UL>
<BR>[Calls]<UL><LI><a href="#[167]">&gt;&gt;</a>&nbsp;&nbsp;&nbsp;OS_MemClr
</UL>
<BR>[Called By]<UL><LI><a href="#[ae]">&gt;&gt;</a>&nbsp;&nbsp;&nbsp;OSInit
</UL>

<P><STRONG><a name="[168]"></a>OS_InitTCBList</STRONG> (Thumb, 106 bytes, Stack size 16 bytes, os_core.o(.text))
<BR><BR>[Stack]<UL><LI>Max Depth = 16<LI>Call Chain = OS_InitTCBList
</UL>
<BR>[Calls]<UL><LI><a href="#[167]">&gt;&gt;</a>&nbsp;&nbsp;&nbsp;OS_MemClr
</UL>
<BR>[Called By]<UL><LI><a href="#[ae]">&gt;&gt;</a>&nbsp;&nbsp;&nbsp;OSInit
</UL>

<P><STRONG><a name="[16b]"></a>OS_InitRdyList</STRONG> (Thumb, 44 bytes, Stack size 0 bytes, os_core.o(.text))
<BR><BR>[Called By]<UL><LI><a href="#[ae]">&gt;&gt;</a>&nbsp;&nbsp;&nbsp;OSInit
</UL>

<P><STRONG><a name="[16a]"></a>OS_InitMisc</STRONG> (Thumb, 44 bytes, Stack size 0 bytes, os_core.o(.text))
<BR><BR>[Called By]<UL><LI><a href="#[ae]">&gt;&gt;</a>&nbsp;&nbsp;&nbsp;OSInit
</UL>

<P><STRONG><a name="[16f]"></a>OS_SchedNew</STRONG> (Thumb, 26 bytes, Stack size 0 bytes, os_core.o(.text))
<BR><BR>[Called By]<UL><LI><a href="#[105]">&gt;&gt;</a>&nbsp;&nbsp;&nbsp;OSIntExit
<LI><a href="#[af]">&gt;&gt;</a>&nbsp;&nbsp;&nbsp;OSStart
<LI><a href="#[172]">&gt;&gt;</a>&nbsp;&nbsp;&nbsp;OS_Sched
</UL>

<P><STRONG><a name="[17e]"></a>OS_FlagTaskRdy</STRONG> (Thumb, 96 bytes, Stack size 20 bytes, os_flag.o(.text), UNUSED)
<BR><BR>[Calls]<UL><LI><a href="#[17f]">&gt;&gt;</a>&nbsp;&nbsp;&nbsp;OS_FlagUnlink
</UL>
<BR>[Called By]<UL><LI><a href="#[187]">&gt;&gt;</a>&nbsp;&nbsp;&nbsp;OSFlagPost
<LI><a href="#[180]">&gt;&gt;</a>&nbsp;&nbsp;&nbsp;OSFlagDel
</UL>

<P><STRONG><a name="[185]"></a>OS_FlagBlock</STRONG> (Thumb, 152 bytes, Stack size 20 bytes, os_flag.o(.text), UNUSED)
<BR><BR>[Called By]<UL><LI><a href="#[184]">&gt;&gt;</a>&nbsp;&nbsp;&nbsp;OSFlagPend
</UL>

<P><STRONG><a name="[207]"></a>_dadd1</STRONG> (Thumb, 0 bytes, Stack size unknown bytes, daddsub_clz.o(x$fpl$dadd), UNUSED)
<BR><BR>[Called By]<UL><LI><a href="#[206]">&gt;&gt;</a>&nbsp;&nbsp;&nbsp;_dsub
</UL>

<P><STRONG><a name="[1fa]"></a>_dsub1</STRONG> (Thumb, 0 bytes, Stack size unknown bytes, daddsub_clz.o(x$fpl$dsub), UNUSED)
<BR><BR>[Called By]<UL><LI><a href="#[1f9]">&gt;&gt;</a>&nbsp;&nbsp;&nbsp;_dadd
</UL>

<P><STRONG><a name="[1c2]"></a>_fp_digits</STRONG> (Thumb, 426 bytes, Stack size 96 bytes, _printf_fp_dec.o(.text))
<BR><BR>[Stack]<UL><LI>Max Depth = 216<LI>Call Chain = _fp_digits &rArr; _btod_etento &rArr; _btod_emul &rArr; _e2e
</UL>
<BR>[Calls]<UL><LI><a href="#[1c6]">&gt;&gt;</a>&nbsp;&nbsp;&nbsp;_btod_emul
<LI><a href="#[1c5]">&gt;&gt;</a>&nbsp;&nbsp;&nbsp;_btod_ediv
<LI><a href="#[1c4]">&gt;&gt;</a>&nbsp;&nbsp;&nbsp;_btod_d2e
<LI><a href="#[1c3]">&gt;&gt;</a>&nbsp;&nbsp;&nbsp;_btod_etento
<LI><a href="#[1c7]">&gt;&gt;</a>&nbsp;&nbsp;&nbsp;_ll_udiv10
</UL>
<BR>[Called By]<UL><LI><a href="#[1c8]">&gt;&gt;</a>&nbsp;&nbsp;&nbsp;_printf_fp_dec_real
</UL>

<P><STRONG><a name="[50]"></a>_printf_input_char</STRONG> (Thumb, 10 bytes, Stack size 0 bytes, _printf_char_common.o(.text))
<BR>[Address Reference Count : 1]<UL><LI> _printf_char_common.o(.text)
</UL>
<P><STRONG><a name="[1d1]"></a>_local_sscanf</STRONG> (Thumb, 60 bytes, Stack size 56 bytes, strtod.o(.text))
<BR><BR>[Stack]<UL><LI>Max Depth = 384<LI>Call Chain = _local_sscanf &rArr; _scanf_real &rArr; _scanf_really_real &rArr; _fp_value &rArr; _btod_etento &rArr; _btod_emul &rArr; _e2e
</UL>
<BR>[Calls]<UL><LI><a href="#[1d2]">&gt;&gt;</a>&nbsp;&nbsp;&nbsp;_scanf_real
</UL>
<BR>[Called By]<UL><LI><a href="#[1d3]">&gt;&gt;</a>&nbsp;&nbsp;&nbsp;__strtod_int
</UL>

<P><STRONG><a name="[1dd]"></a>_fp_value</STRONG> (Thumb, 504 bytes, Stack size 88 bytes, scanf_fp.o(.text))
<BR><BR>[Stack]<UL><LI>Max Depth = 208<LI>Call Chain = _fp_value &rArr; _btod_etento &rArr; _btod_emul &rArr; _e2e
</UL>
<BR>[Calls]<UL><LI><a href="#[1de]">&gt;&gt;</a>&nbsp;&nbsp;&nbsp;_btod_emuld
<LI><a href="#[1df]">&gt;&gt;</a>&nbsp;&nbsp;&nbsp;_btod_edivd
<LI><a href="#[1c3]">&gt;&gt;</a>&nbsp;&nbsp;&nbsp;_btod_etento
<LI><a href="#[1ba]">&gt;&gt;</a>&nbsp;&nbsp;&nbsp;__aeabi_errno_addr
</UL>
<BR>[Called By]<UL><LI><a href="#[1e0]">&gt;&gt;</a>&nbsp;&nbsp;&nbsp;_scanf_really_real
</UL>
<P>
<H3>
Undefined Global Symbols
</H3><HR></body></html>
