<html>
<body>
<pre>
<h1>礦ision Build Log</h1>
<h2>Project:</h2>
C:\Users\Administrator\Desktop\工作\新监控程序\sh-ucosii-shprotocol-fatffs-20times-2016-12-09-timeout\USER\UCOSII-1.uvproj
Project File Date:  04/25/2017

<h2>Output:</h2>
compiling gprs_sh.c...
..\HARDWARE\user_GPRS\gprs_sh.c(195): error:  #260-D: explicit type is missing ("int" assumed)
..\HARDWARE\user_GPRS\gprs_sh.c - 1 Error(s), 0 Warning(s).
compiling gprs_sh.c...
..\HARDWARE\user_GPRS\gprs_sh.c - 0 Error(s), 0 Warning(s).
Build target 'Target 1'
linking...
Program Size: Code=53836 RO-data=1212 RW-data=440 ZI-data=39304  
FromELF: creating hex file...
"UCOSII-1.axf" - 0 Error(s), 0 Warning(s).
Rebuild target 'Target 1'
compiling main.c...
compiling system_stm32f10x.c...
compiling stm32f10x_it.c...
compiling led.c...
compiling flash.c...
compiling gsm.c...
..\HARDWARE\GSM\gsm.c(23): warning:  #177-D: variable "b_vid" was declared but never referenced
compiling pressure.c...
compiling radix.c...
compiling SysTick.c...
compiling timer.c...
compiling usart.c...
compiling gprs_jiankong.c...
..\HARDWARE\user_GPRS\gprs_jiankong.c(58): warning:  #177-D: variable "err" was declared but never referenced
compiling gprs_sh.c...
compiling spi_flash.c...
compiling MAX31855.c...
compiling shh.c...
..\HARDWARE\shh\shh.c(7): warning:  #550-D: variable "s_send_count" was set but never used
compiling filter.c...
compiling hexstring.c...
compiling proto.c...
compiling lcd_rl.c...
compiling spi.c...
compiling MMC_SD.C...
compiling delay.c...
compiling sys.c...
compiling core_cm3.c...
assembling startup_stm32f10x_hd.s...
compiling misc.c...
compiling stm32f10x_fsmc.c...
compiling stm32f10x_gpio.c...
compiling stm32f10x_rcc.c...
compiling stm32f10x_usart.c...
compiling stm32f10x_exti.c...
compiling stm32f10x_tim.c...
compiling stm32f10x_flash.c...
compiling stm32f10x_spi.c...
compiling stm32f10x_adc.c...
compiling stm32f10x_dma.c...
compiling os_core.c...
compiling os_flag.c...
compiling os_mbox.c...
compiling os_mem.c...
compiling os_mutex.c...
compiling os_q.c...
compiling os_sem.c...
compiling os_task.c...
compiling os_time.c...
compiling os_tmr.c...
assembling os_cpu_a.asm...
compiling os_cpu_c.c...
compiling os_dbg.c...
compiling diskio.c...
compiling ff.c...
compiling exfuns.c...
compiling fattester.c...
compiling malloc.c...
linking...
Program Size: Code=53836 RO-data=1212 RW-data=440 ZI-data=39304  
FromELF: creating hex file...
"UCOSII-1.axf" - 0 Error(s), 3 Warning(s).
Load "C:\\Users\\Administrator\\Desktop\\工作\\新监控程序\\sh-ucosii-shprotocol-fatffs-20times-2016-12-09-timeout\\USER\\UCOSII-1.AXF" 
Erase Done.
Programming Done.
Verify OK.
Application running ...
Rebuild target 'Target 1'
compiling main.c...
compiling system_stm32f10x.c...
compiling stm32f10x_it.c...
compiling led.c...
compiling flash.c...
compiling gsm.c...
..\HARDWARE\GSM\gsm.c(23): warning:  #177-D: variable "b_vid" was declared but never referenced
compiling pressure.c...
compiling radix.c...
compiling SysTick.c...
compiling timer.c...
compiling usart.c...
compiling gprs_jiankong.c...
..\HARDWARE\user_GPRS\gprs_jiankong.c(58): warning:  #177-D: variable "err" was declared but never referenced
compiling gprs_sh.c...
compiling spi_flash.c...
compiling MAX31855.c...
compiling shh.c...
..\HARDWARE\shh\shh.c(7): warning:  #550-D: variable "s_send_count" was set but never used
compiling filter.c...
compiling hexstring.c...
compiling proto.c...
compiling lcd_rl.c...
compiling spi.c...
compiling MMC_SD.C...
compiling delay.c...
compiling sys.c...
compiling core_cm3.c...
assembling startup_stm32f10x_hd.s...
compiling misc.c...
compiling stm32f10x_fsmc.c...
compiling stm32f10x_gpio.c...
compiling stm32f10x_rcc.c...
compiling stm32f10x_usart.c...
compiling stm32f10x_exti.c...
compiling stm32f10x_tim.c...
compiling stm32f10x_flash.c...
compiling stm32f10x_spi.c...
compiling stm32f10x_adc.c...
compiling stm32f10x_dma.c...
compiling os_core.c...
compiling os_flag.c...
compiling os_mbox.c...
compiling os_mem.c...
compiling os_mutex.c...
compiling os_q.c...
compiling os_sem.c...
compiling os_task.c...
compiling os_time.c...
compiling os_tmr.c...
assembling os_cpu_a.asm...
compiling os_cpu_c.c...
compiling os_dbg.c...
compiling diskio.c...
compiling ff.c...
compiling exfuns.c...
compiling fattester.c...
compiling malloc.c...
linking...
Program Size: Code=53856 RO-data=1212 RW-data=440 ZI-data=39304  
FromELF: creating hex file...
"UCOSII-1.axf" - 0 Error(s), 3 Warning(s).
Load "C:\\Users\\Administrator\\Desktop\\工作\\新监控程序\\sh-ucosii-shprotocol-fatffs-20times-2016-12-09-timeout\\USER\\UCOSII-1.AXF" 
Erase Done.
Programming Done.
Verify OK.
Application running ...
compiling gprs_sh.c...
..\HARDWARE\user_GPRS\gprs_sh.c - 0 Error(s), 0 Warning(s).
Build target 'Target 1'
compiling main.c...
linking...
Program Size: Code=53840 RO-data=1212 RW-data=440 ZI-data=39304  
FromELF: creating hex file...
"UCOSII-1.axf" - 0 Error(s), 0 Warning(s).
Rebuild target 'Target 1'
compiling main.c...
compiling system_stm32f10x.c...
compiling stm32f10x_it.c...
compiling led.c...
compiling flash.c...
compiling gsm.c...
..\HARDWARE\GSM\gsm.c(23): warning:  #177-D: variable "b_vid" was declared but never referenced
compiling pressure.c...
compiling radix.c...
compiling SysTick.c...
compiling timer.c...
compiling usart.c...
compiling gprs_jiankong.c...
..\HARDWARE\user_GPRS\gprs_jiankong.c(58): warning:  #177-D: variable "err" was declared but never referenced
compiling gprs_sh.c...
compiling spi_flash.c...
compiling MAX31855.c...
compiling shh.c...
..\HARDWARE\shh\shh.c(7): warning:  #550-D: variable "s_send_count" was set but never used
compiling filter.c...
compiling hexstring.c...
compiling proto.c...
compiling lcd_rl.c...
compiling spi.c...
compiling MMC_SD.C...
compiling delay.c...
compiling sys.c...
compiling core_cm3.c...
assembling startup_stm32f10x_hd.s...
compiling misc.c...
compiling stm32f10x_fsmc.c...
compiling stm32f10x_gpio.c...
compiling stm32f10x_rcc.c...
compiling stm32f10x_usart.c...
compiling stm32f10x_exti.c...
compiling stm32f10x_tim.c...
compiling stm32f10x_flash.c...
compiling stm32f10x_spi.c...
compiling stm32f10x_adc.c...
compiling stm32f10x_dma.c...
compiling os_core.c...
compiling os_flag.c...
compiling os_mbox.c...
compiling os_mem.c...
compiling os_mutex.c...
compiling os_q.c...
compiling os_sem.c...
compiling os_task.c...
compiling os_time.c...
compiling os_tmr.c...
assembling os_cpu_a.asm...
compiling os_cpu_c.c...
compiling os_dbg.c...
compiling diskio.c...
compiling ff.c...
compiling exfuns.c...
compiling fattester.c...
compiling malloc.c...
linking...
Program Size: Code=53884 RO-data=1212 RW-data=440 ZI-data=39304  
FromELF: creating hex file...
"UCOSII-1.axf" - 0 Error(s), 3 Warning(s).
Load "C:\\Users\\Administrator\\Desktop\\工作\\新监控程序\\sh-ucosii-shprotocol-fatffs-20times-2016-12-09-timeout\\USER\\UCOSII-1.AXF" 
Erase Done.
Programming Done.
Verify OK.
Application running ...
compiling gprs_jiankong.c...
..\HARDWARE\user_GPRS\gprs_jiankong.c(58): warning:  #177-D: variable "err" was declared but never referenced
..\HARDWARE\user_GPRS\gprs_jiankong.c - 0 Error(s), 1 Warning(s).
Rebuild target 'Target 1'
compiling main.c...
compiling system_stm32f10x.c...
compiling stm32f10x_it.c...
compiling led.c...
compiling flash.c...
compiling gsm.c...
..\HARDWARE\GSM\gsm.c(23): warning:  #177-D: variable "b_vid" was declared but never referenced
compiling pressure.c...
compiling radix.c...
compiling SysTick.c...
compiling timer.c...
compiling usart.c...
compiling gprs_jiankong.c...
..\HARDWARE\user_GPRS\gprs_jiankong.c(58): warning:  #177-D: variable "err" was declared but never referenced
compiling gprs_sh.c...
compiling spi_flash.c...
compiling MAX31855.c...
compiling shh.c...
..\HARDWARE\shh\shh.c(7): warning:  #550-D: variable "s_send_count" was set but never used
compiling filter.c...
compiling hexstring.c...
compiling proto.c...
compiling lcd_rl.c...
compiling spi.c...
compiling MMC_SD.C...
compiling delay.c...
compiling sys.c...
compiling core_cm3.c...
assembling startup_stm32f10x_hd.s...
compiling misc.c...
compiling stm32f10x_fsmc.c...
compiling stm32f10x_gpio.c...
compiling stm32f10x_rcc.c...
compiling stm32f10x_usart.c...
compiling stm32f10x_exti.c...
compiling stm32f10x_tim.c...
compiling stm32f10x_flash.c...
compiling stm32f10x_spi.c...
compiling stm32f10x_adc.c...
compiling stm32f10x_dma.c...
compiling os_core.c...
compiling os_flag.c...
compiling os_mbox.c...
compiling os_mem.c...
compiling os_mutex.c...
compiling os_q.c...
compiling os_sem.c...
compiling os_task.c...
compiling os_time.c...
compiling os_tmr.c...
assembling os_cpu_a.asm...
compiling os_cpu_c.c...
compiling os_dbg.c...
compiling diskio.c...
compiling ff.c...
compiling exfuns.c...
compiling fattester.c...
compiling malloc.c...
linking...
Program Size: Code=53840 RO-data=1212 RW-data=440 ZI-data=39304  
FromELF: creating hex file...
"UCOSII-1.axf" - 0 Error(s), 3 Warning(s).
Load "C:\\Users\\Administrator\\Desktop\\工作\\新监控程序\\sh-ucosii-shprotocol-fatffs-20times-2016-12-09-timeout\\USER\\UCOSII-1.AXF" 
Erase Done.
Programming Done.
Verify OK.
Application running ...
Rebuild target 'Target 1'
compiling main.c...
compiling system_stm32f10x.c...
compiling stm32f10x_it.c...
compiling led.c...
compiling flash.c...
compiling gsm.c...
..\HARDWARE\GSM\gsm.c(23): warning:  #177-D: variable "b_vid" was declared but never referenced
compiling pressure.c...
compiling radix.c...
compiling SysTick.c...
compiling timer.c...
compiling usart.c...
compiling gprs_jiankong.c...
..\HARDWARE\user_GPRS\gprs_jiankong.c(58): warning:  #177-D: variable "err" was declared but never referenced
compiling gprs_sh.c...
compiling spi_flash.c...
compiling MAX31855.c...
compiling shh.c...
..\HARDWARE\shh\shh.c(7): warning:  #550-D: variable "s_send_count" was set but never used
compiling filter.c...
compiling hexstring.c...
compiling proto.c...
compiling lcd_rl.c...
compiling spi.c...
compiling MMC_SD.C...
compiling delay.c...
compiling sys.c...
compiling core_cm3.c...
assembling startup_stm32f10x_hd.s...
compiling misc.c...
compiling stm32f10x_fsmc.c...
compiling stm32f10x_gpio.c...
compiling stm32f10x_rcc.c...
compiling stm32f10x_usart.c...
compiling stm32f10x_exti.c...
compiling stm32f10x_tim.c...
compiling stm32f10x_flash.c...
compiling stm32f10x_spi.c...
compiling stm32f10x_adc.c...
compiling stm32f10x_dma.c...
compiling os_core.c...
compiling os_flag.c...
compiling os_mbox.c...
compiling os_mem.c...
compiling os_mutex.c...
compiling os_q.c...
compiling os_sem.c...
compiling os_task.c...
compiling os_time.c...
compiling os_tmr.c...
assembling os_cpu_a.asm...
compiling os_cpu_c.c...
compiling os_dbg.c...
compiling diskio.c...
compiling ff.c...
compiling exfuns.c...
compiling fattester.c...
compiling malloc.c...
linking...
Program Size: Code=53860 RO-data=1212 RW-data=440 ZI-data=39304  
FromELF: creating hex file...
"UCOSII-1.axf" - 0 Error(s), 3 Warning(s).
Load "C:\\Users\\Administrator\\Desktop\\工作\\新监控程序\\sh-ucosii-shprotocol-fatffs-20times-2016-12-09-timeout\\USER\\UCOSII-1.AXF" 
Erase Done.
Programming Done.
Verify OK.
Application running ...
compiling gprs_sh.c...
..\HARDWARE\user_GPRS\gprs_sh.c - 0 Error(s), 0 Warning(s).
Build target 'Target 1'
compiling main.c...
linking...
Program Size: Code=53828 RO-data=1212 RW-data=440 ZI-data=39304  
FromELF: creating hex file...
"UCOSII-1.axf" - 0 Error(s), 0 Warning(s).
Rebuild target 'Target 1'
compiling main.c...
compiling system_stm32f10x.c...
compiling stm32f10x_it.c...
compiling led.c...
compiling flash.c...
compiling gsm.c...
..\HARDWARE\GSM\gsm.c(23): warning:  #177-D: variable "b_vid" was declared but never referenced
compiling pressure.c...
compiling radix.c...
compiling SysTick.c...
compiling timer.c...
compiling usart.c...
compiling gprs_jiankong.c...
..\HARDWARE\user_GPRS\gprs_jiankong.c(58): warning:  #177-D: variable "err" was declared but never referenced
compiling gprs_sh.c...
compiling spi_flash.c...
compiling MAX31855.c...
compiling shh.c...
..\HARDWARE\shh\shh.c(7): warning:  #550-D: variable "s_send_count" was set but never used
compiling filter.c...
compiling hexstring.c...
compiling proto.c...
compiling lcd_rl.c...
compiling spi.c...
compiling MMC_SD.C...
compiling delay.c...
compiling sys.c...
compiling core_cm3.c...
assembling startup_stm32f10x_hd.s...
compiling misc.c...
compiling stm32f10x_fsmc.c...
compiling stm32f10x_gpio.c...
compiling stm32f10x_rcc.c...
compiling stm32f10x_usart.c...
compiling stm32f10x_exti.c...
compiling stm32f10x_tim.c...
compiling stm32f10x_flash.c...
compiling stm32f10x_spi.c...
compiling stm32f10x_adc.c...
compiling stm32f10x_dma.c...
compiling os_core.c...
compiling os_flag.c...
compiling os_mbox.c...
compiling os_mem.c...
compiling os_mutex.c...
compiling os_q.c...
compiling os_sem.c...
compiling os_task.c...
compiling os_time.c...
compiling os_tmr.c...
assembling os_cpu_a.asm...
compiling os_cpu_c.c...
compiling os_dbg.c...
compiling diskio.c...
compiling ff.c...
compiling exfuns.c...
compiling fattester.c...
compiling malloc.c...
linking...
Program Size: Code=53828 RO-data=1212 RW-data=440 ZI-data=39304  
FromELF: creating hex file...
"UCOSII-1.axf" - 0 Error(s), 3 Warning(s).
Load "C:\\Users\\Administrator\\Desktop\\工作\\新监控程序\\sh-ucosii-shprotocol-fatffs-20times-2016-12-09-timeout\\USER\\UCOSII-1.AXF" 
Erase Done.
Programming Done.
Verify OK.
Application running ...
Load "C:\\Users\\Administrator\\Desktop\\工作\\新监控程序\\sh-ucosii-shprotocol-fatffs-20times-2016-12-09-timeout\\USER\\UCOSII-1.AXF" 
Erase Done.
Programming Done.
Verify OK.
Application running ...
compiling gprs_sh.c...
..\HARDWARE\user_GPRS\gprs_sh.c - 0 Error(s), 0 Warning(s).
Build target 'Target 1'
linking...
Program Size: Code=53848 RO-data=1212 RW-data=440 ZI-data=39304  
FromELF: creating hex file...
"UCOSII-1.axf" - 0 Error(s), 0 Warning(s).
Rebuild target 'Target 1'
compiling main.c...
compiling system_stm32f10x.c...
compiling stm32f10x_it.c...
compiling led.c...
compiling flash.c...
compiling gsm.c...
..\HARDWARE\GSM\gsm.c(23): warning:  #177-D: variable "b_vid" was declared but never referenced
compiling pressure.c...
compiling radix.c...
compiling SysTick.c...
compiling timer.c...
compiling usart.c...
compiling gprs_jiankong.c...
..\HARDWARE\user_GPRS\gprs_jiankong.c(58): warning:  #177-D: variable "err" was declared but never referenced
compiling gprs_sh.c...
compiling spi_flash.c...
compiling MAX31855.c...
compiling shh.c...
..\HARDWARE\shh\shh.c(7): warning:  #550-D: variable "s_send_count" was set but never used
compiling filter.c...
compiling hexstring.c...
compiling proto.c...
compiling lcd_rl.c...
compiling spi.c...
compiling MMC_SD.C...
compiling delay.c...
compiling sys.c...
compiling core_cm3.c...
assembling startup_stm32f10x_hd.s...
compiling misc.c...
compiling stm32f10x_fsmc.c...
compiling stm32f10x_gpio.c...
compiling stm32f10x_rcc.c...
compiling stm32f10x_usart.c...
compiling stm32f10x_exti.c...
compiling stm32f10x_tim.c...
compiling stm32f10x_flash.c...
compiling stm32f10x_spi.c...
compiling stm32f10x_adc.c...
compiling stm32f10x_dma.c...
compiling os_core.c...
compiling os_flag.c...
compiling os_mbox.c...
compiling os_mem.c...
compiling os_mutex.c...
compiling os_q.c...
compiling os_sem.c...
compiling os_task.c...
compiling os_time.c...
compiling os_tmr.c...
assembling os_cpu_a.asm...
compiling os_cpu_c.c...
compiling os_dbg.c...
compiling diskio.c...
compiling ff.c...
compiling exfuns.c...
compiling fattester.c...
compiling malloc.c...
linking...
Program Size: Code=53848 RO-data=1212 RW-data=440 ZI-data=39304  
FromELF: creating hex file...
"UCOSII-1.axf" - 0 Error(s), 3 Warning(s).
Load "C:\\Users\\Administrator\\Desktop\\工作\\新监控程序\\sh-ucosii-shprotocol-fatffs-20times-2016-12-09-timeout\\USER\\UCOSII-1.AXF" 
Erase Done.
Programming Done.
Verify OK.
Application running ...
compiling gprs_sh.c...
..\HARDWARE\user_GPRS\gprs_sh.c - 0 Error(s), 0 Warning(s).
Build target 'Target 1'
compiling main.c...
linking...
Program Size: Code=53876 RO-data=1212 RW-data=440 ZI-data=39304  
FromELF: creating hex file...
"UCOSII-1.axf" - 0 Error(s), 0 Warning(s).
Rebuild target 'Target 1'
compiling main.c...
compiling system_stm32f10x.c...
compiling stm32f10x_it.c...
compiling led.c...
compiling flash.c...
compiling gsm.c...
..\HARDWARE\GSM\gsm.c(23): warning:  #177-D: variable "b_vid" was declared but never referenced
compiling pressure.c...
compiling radix.c...
compiling SysTick.c...
compiling timer.c...
compiling usart.c...
compiling gprs_jiankong.c...
..\HARDWARE\user_GPRS\gprs_jiankong.c(58): warning:  #177-D: variable "err" was declared but never referenced
compiling gprs_sh.c...
compiling spi_flash.c...
compiling MAX31855.c...
compiling shh.c...
..\HARDWARE\shh\shh.c(7): warning:  #550-D: variable "s_send_count" was set but never used
compiling filter.c...
compiling hexstring.c...
compiling proto.c...
compiling lcd_rl.c...
compiling spi.c...
compiling MMC_SD.C...
compiling delay.c...
compiling sys.c...
compiling core_cm3.c...
assembling startup_stm32f10x_hd.s...
compiling misc.c...
compiling stm32f10x_fsmc.c...
compiling stm32f10x_gpio.c...
compiling stm32f10x_rcc.c...
compiling stm32f10x_usart.c...
compiling stm32f10x_exti.c...
compiling stm32f10x_tim.c...
compiling stm32f10x_flash.c...
compiling stm32f10x_spi.c...
compiling stm32f10x_adc.c...
compiling stm32f10x_dma.c...
compiling os_core.c...
compiling os_flag.c...
compiling os_mbox.c...
compiling os_mem.c...
compiling os_mutex.c...
compiling os_q.c...
compiling os_sem.c...
compiling os_task.c...
compiling os_time.c...
compiling os_tmr.c...
assembling os_cpu_a.asm...
compiling os_cpu_c.c...
compiling os_dbg.c...
compiling diskio.c...
compiling ff.c...
compiling exfuns.c...
compiling fattester.c...
compiling malloc.c...
linking...
Program Size: Code=53876 RO-data=1212 RW-data=440 ZI-data=39304  
FromELF: creating hex file...
"UCOSII-1.axf" - 0 Error(s), 3 Warning(s).
Load "C:\\Users\\Administrator\\Desktop\\工作\\新监控程序\\sh-ucosii-shprotocol-fatffs-20times-2016-12-09-timeout\\USER\\UCOSII-1.AXF" 
Erase Done.
Programming Done.
Verify OK.
Application running ...
compiling gprs_sh.c...
..\HARDWARE\user_GPRS\gprs_sh.c - 0 Error(s), 0 Warning(s).
Rebuild target 'Target 1'
compiling main.c...
compiling system_stm32f10x.c...
compiling stm32f10x_it.c...
compiling led.c...
compiling flash.c...
compiling gsm.c...
..\HARDWARE\GSM\gsm.c(23): warning:  #177-D: variable "b_vid" was declared but never referenced
compiling pressure.c...
compiling radix.c...
compiling SysTick.c...
compiling timer.c...
compiling usart.c...
compiling gprs_jiankong.c...
..\HARDWARE\user_GPRS\gprs_jiankong.c(58): warning:  #177-D: variable "err" was declared but never referenced
compiling gprs_sh.c...
compiling spi_flash.c...
compiling MAX31855.c...
compiling shh.c...
..\HARDWARE\shh\shh.c(7): warning:  #550-D: variable "s_send_count" was set but never used
compiling filter.c...
compiling hexstring.c...
compiling proto.c...
compiling lcd_rl.c...
compiling spi.c...
compiling MMC_SD.C...
compiling delay.c...
compiling sys.c...
compiling core_cm3.c...
assembling startup_stm32f10x_hd.s...
compiling misc.c...
compiling stm32f10x_fsmc.c...
compiling stm32f10x_gpio.c...
compiling stm32f10x_rcc.c...
compiling stm32f10x_usart.c...
compiling stm32f10x_exti.c...
compiling stm32f10x_tim.c...
compiling stm32f10x_flash.c...
compiling stm32f10x_spi.c...
compiling stm32f10x_adc.c...
compiling stm32f10x_dma.c...
compiling os_core.c...
compiling os_flag.c...
compiling os_mbox.c...
compiling os_mem.c...
compiling os_mutex.c...
compiling os_q.c...
compiling os_sem.c...
compiling os_task.c...
compiling os_time.c...
compiling os_tmr.c...
assembling os_cpu_a.asm...
compiling os_cpu_c.c...
compiling os_dbg.c...
compiling diskio.c...
compiling ff.c...
compiling exfuns.c...
compiling fattester.c...
compiling malloc.c...
linking...
Program Size: Code=53876 RO-data=1212 RW-data=440 ZI-data=39304  
FromELF: creating hex file...
"UCOSII-1.axf" - 0 Error(s), 3 Warning(s).
Load "C:\\Users\\Administrator\\Desktop\\工作\\新监控程序\\sh-ucosii-shprotocol-fatffs-20times-2016-12-09-timeout\\USER\\UCOSII-1.AXF" 
Erase Done.
Programming Done.
Verify OK.
Application running ...
Rebuild target 'Target 1'
compiling main.c...
compiling system_stm32f10x.c...
compiling stm32f10x_it.c...
compiling led.c...
compiling flash.c...
compiling gsm.c...
..\HARDWARE\GSM\gsm.c(23): warning:  #177-D: variable "b_vid" was declared but never referenced
compiling pressure.c...
compiling radix.c...
compiling SysTick.c...
compiling timer.c...
compiling usart.c...
compiling gprs_jiankong.c...
..\HARDWARE\user_GPRS\gprs_jiankong.c(58): warning:  #177-D: variable "err" was declared but never referenced
compiling gprs_sh.c...
compiling spi_flash.c...
compiling MAX31855.c...
compiling shh.c...
..\HARDWARE\shh\shh.c(7): warning:  #550-D: variable "s_send_count" was set but never used
compiling filter.c...
compiling hexstring.c...
compiling proto.c...
compiling lcd_rl.c...
compiling spi.c...
compiling MMC_SD.C...
compiling delay.c...
compiling sys.c...
compiling core_cm3.c...
assembling startup_stm32f10x_hd.s...
compiling misc.c...
compiling stm32f10x_fsmc.c...
compiling stm32f10x_gpio.c...
compiling stm32f10x_rcc.c...
compiling stm32f10x_usart.c...
compiling stm32f10x_exti.c...
compiling stm32f10x_tim.c...
compiling stm32f10x_flash.c...
compiling stm32f10x_spi.c...
compiling stm32f10x_adc.c...
compiling stm32f10x_dma.c...
compiling os_core.c...
compiling os_flag.c...
compiling os_mbox.c...
compiling os_mem.c...
compiling os_mutex.c...
compiling os_q.c...
compiling os_sem.c...
compiling os_task.c...
compiling os_time.c...
compiling os_tmr.c...
assembling os_cpu_a.asm...
compiling os_cpu_c.c...
compiling os_dbg.c...
compiling diskio.c...
compiling ff.c...
compiling exfuns.c...
compiling fattester.c...
compiling malloc.c...
linking...
Program Size: Code=53892 RO-data=1212 RW-data=440 ZI-data=39304  
FromELF: creating hex file...
"UCOSII-1.axf" - 0 Error(s), 3 Warning(s).
Load "C:\\Users\\Administrator\\Desktop\\工作\\新监控程序\\sh-ucosii-shprotocol-fatffs-20times-2016-12-09-timeout\\USER\\UCOSII-1.AXF" 
Erase Done.
Programming Done.
Verify OK.
Application running ...
compiling gprs_sh.c...
..\HARDWARE\user_GPRS\gprs_sh.c - 0 Error(s), 0 Warning(s).
Build target 'Target 1'
linking...
Program Size: Code=53884 RO-data=1212 RW-data=440 ZI-data=39304  
FromELF: creating hex file...
"UCOSII-1.axf" - 0 Error(s), 0 Warning(s).
Rebuild target 'Target 1'
compiling main.c...
compiling system_stm32f10x.c...
compiling stm32f10x_it.c...
compiling led.c...
compiling flash.c...
compiling gsm.c...
..\HARDWARE\GSM\gsm.c(23): warning:  #177-D: variable "b_vid" was declared but never referenced
compiling pressure.c...
compiling radix.c...
compiling SysTick.c...
compiling timer.c...
compiling usart.c...
compiling gprs_jiankong.c...
..\HARDWARE\user_GPRS\gprs_jiankong.c(58): warning:  #177-D: variable "err" was declared but never referenced
compiling gprs_sh.c...
compiling spi_flash.c...
compiling MAX31855.c...
compiling shh.c...
..\HARDWARE\shh\shh.c(7): warning:  #550-D: variable "s_send_count" was set but never used
compiling filter.c...
compiling hexstring.c...
compiling proto.c...
compiling lcd_rl.c...
compiling spi.c...
compiling MMC_SD.C...
compiling delay.c...
compiling sys.c...
compiling core_cm3.c...
assembling startup_stm32f10x_hd.s...
compiling misc.c...
compiling stm32f10x_fsmc.c...
compiling stm32f10x_gpio.c...
compiling stm32f10x_rcc.c...
compiling stm32f10x_usart.c...
compiling stm32f10x_exti.c...
compiling stm32f10x_tim.c...
compiling stm32f10x_flash.c...
compiling stm32f10x_spi.c...
compiling stm32f10x_adc.c...
compiling stm32f10x_dma.c...
compiling os_core.c...
compiling os_flag.c...
compiling os_mbox.c...
compiling os_mem.c...
compiling os_mutex.c...
compiling os_q.c...
compiling os_sem.c...
compiling os_task.c...
compiling os_time.c...
compiling os_tmr.c...
assembling os_cpu_a.asm...
compiling os_cpu_c.c...
compiling os_dbg.c...
compiling diskio.c...
compiling ff.c...
compiling exfuns.c...
compiling fattester.c...
compiling malloc.c...
linking...
Program Size: Code=53884 RO-data=1212 RW-data=440 ZI-data=39304  
FromELF: creating hex file...
"UCOSII-1.axf" - 0 Error(s), 3 Warning(s).
Load "C:\\Users\\Administrator\\Desktop\\工作\\新监控程序\\sh-ucosii-shprotocol-fatffs-20times-2016-12-09-timeout\\USER\\UCOSII-1.AXF" 
Erase Done.
Programming Done.
Verify OK.
Application running ...
compiling gprs_sh.c...
..\HARDWARE\user_GPRS\gprs_sh.c - 0 Error(s), 0 Warning(s).
Build target 'Target 1'
linking...
Program Size: Code=53928 RO-data=1212 RW-data=440 ZI-data=39304  
FromELF: creating hex file...
"UCOSII-1.axf" - 0 Error(s), 0 Warning(s).
Rebuild target 'Target 1'
compiling main.c...
compiling system_stm32f10x.c...
compiling stm32f10x_it.c...
compiling led.c...
compiling flash.c...
compiling gsm.c...
..\HARDWARE\GSM\gsm.c(23): warning:  #177-D: variable "b_vid" was declared but never referenced
compiling pressure.c...
compiling radix.c...
compiling SysTick.c...
compiling timer.c...
compiling usart.c...
compiling gprs_jiankong.c...
..\HARDWARE\user_GPRS\gprs_jiankong.c(58): warning:  #177-D: variable "err" was declared but never referenced
compiling gprs_sh.c...
compiling spi_flash.c...
compiling MAX31855.c...
compiling shh.c...
..\HARDWARE\shh\shh.c(7): warning:  #550-D: variable "s_send_count" was set but never used
compiling filter.c...
compiling hexstring.c...
compiling proto.c...
compiling lcd_rl.c...
compiling spi.c...
compiling MMC_SD.C...
compiling delay.c...
compiling sys.c...
compiling core_cm3.c...
assembling startup_stm32f10x_hd.s...
compiling misc.c...
compiling stm32f10x_fsmc.c...
compiling stm32f10x_gpio.c...
compiling stm32f10x_rcc.c...
compiling stm32f10x_usart.c...
compiling stm32f10x_exti.c...
compiling stm32f10x_tim.c...
compiling stm32f10x_flash.c...
compiling stm32f10x_spi.c...
compiling stm32f10x_adc.c...
compiling stm32f10x_dma.c...
compiling os_core.c...
compiling os_flag.c...
compiling os_mbox.c...
compiling os_mem.c...
compiling os_mutex.c...
compiling os_q.c...
compiling os_sem.c...
compiling os_task.c...
compiling os_time.c...
compiling os_tmr.c...
assembling os_cpu_a.asm...
compiling os_cpu_c.c...
compiling os_dbg.c...
compiling diskio.c...
compiling ff.c...
compiling exfuns.c...
compiling fattester.c...
compiling malloc.c...
linking...
Program Size: Code=53928 RO-data=1212 RW-data=440 ZI-data=39304  
FromELF: creating hex file...
"UCOSII-1.axf" - 0 Error(s), 3 Warning(s).
Load "C:\\Users\\Administrator\\Desktop\\工作\\新监控程序\\sh-ucosii-shprotocol-fatffs-20times-2016-12-09-timeout\\USER\\UCOSII-1.AXF" 
Erase Done.
Programming Done.
Verify OK.
Application running ...
compiling gprs_sh.c...
..\HARDWARE\user_GPRS\gprs_sh.c(520): error:  #20: identifier "ret" is undefined
..\HARDWARE\user_GPRS\gprs_sh.c - 1 Error(s), 0 Warning(s).
Build target 'Target 1'
compiling gprs_sh.c...
..\HARDWARE\user_GPRS\gprs_sh.c(520): error:  #20: identifier "ret" is undefined
Target not created
compiling gprs_sh.c...
..\HARDWARE\user_GPRS\gprs_sh.c - 0 Error(s), 0 Warning(s).
Build target 'Target 1'
linking...
Program Size: Code=53948 RO-data=1212 RW-data=440 ZI-data=39304  
FromELF: creating hex file...
"UCOSII-1.axf" - 0 Error(s), 0 Warning(s).
compiling gprs_sh.c...
..\HARDWARE\user_GPRS\gprs_sh.c(517): warning:  #177-D: variable "ret" was declared but never referenced
..\HARDWARE\user_GPRS\gprs_sh.c(1899): error:  #20: identifier "ret" is undefined
..\HARDWARE\user_GPRS\gprs_sh.c - 1 Error(s), 1 Warning(s).
compiling gprs_sh.c...
..\HARDWARE\user_GPRS\gprs_sh.c(517): warning:  #177-D: variable "ret" was declared but never referenced
..\HARDWARE\user_GPRS\gprs_sh.c - 0 Error(s), 1 Warning(s).
compiling gprs_sh.c...
..\HARDWARE\user_GPRS\gprs_sh.c - 0 Error(s), 0 Warning(s).
Build target 'Target 1'
compiling main.c...
compiling gsm.c...
..\HARDWARE\GSM\gsm.c(23): warning:  #177-D: variable "b_vid" was declared but never referenced
compiling gprs_jiankong.c...
..\HARDWARE\user_GPRS\gprs_jiankong.c(58): warning:  #177-D: variable "err" was declared but never referenced
compiling filter.c...
linking...
Program Size: Code=53924 RO-data=1212 RW-data=440 ZI-data=39304  
FromELF: creating hex file...
"UCOSII-1.axf" - 0 Error(s), 2 Warning(s).
Rebuild target 'Target 1'
compiling main.c...
compiling system_stm32f10x.c...
compiling stm32f10x_it.c...
compiling led.c...
compiling flash.c...
compiling gsm.c...
..\HARDWARE\GSM\gsm.c(23): warning:  #177-D: variable "b_vid" was declared but never referenced
compiling pressure.c...
compiling radix.c...
compiling SysTick.c...
compiling timer.c...
compiling usart.c...
compiling gprs_jiankong.c...
..\HARDWARE\user_GPRS\gprs_jiankong.c(58): warning:  #177-D: variable "err" was declared but never referenced
compiling gprs_sh.c...
compiling spi_flash.c...
compiling MAX31855.c...
compiling shh.c...
..\HARDWARE\shh\shh.c(7): warning:  #550-D: variable "s_send_count" was set but never used
compiling filter.c...
compiling hexstring.c...
compiling proto.c...
compiling lcd_rl.c...
compiling spi.c...
compiling MMC_SD.C...
compiling delay.c...
compiling sys.c...
compiling core_cm3.c...
assembling startup_stm32f10x_hd.s...
compiling misc.c...
compiling stm32f10x_fsmc.c...
compiling stm32f10x_gpio.c...
compiling stm32f10x_rcc.c...
compiling stm32f10x_usart.c...
compiling stm32f10x_exti.c...
compiling stm32f10x_tim.c...
compiling stm32f10x_flash.c...
compiling stm32f10x_spi.c...
compiling stm32f10x_adc.c...
compiling stm32f10x_dma.c...
compiling os_core.c...
compiling os_flag.c...
compiling os_mbox.c...
compiling os_mem.c...
compiling os_mutex.c...
compiling os_q.c...
compiling os_sem.c...
compiling os_task.c...
compiling os_time.c...
compiling os_tmr.c...
assembling os_cpu_a.asm...
compiling os_cpu_c.c...
compiling os_dbg.c...
compiling diskio.c...
compiling ff.c...
compiling exfuns.c...
compiling fattester.c...
compiling malloc.c...
linking...
Program Size: Code=53924 RO-data=1212 RW-data=440 ZI-data=39304  
FromELF: creating hex file...
"UCOSII-1.axf" - 0 Error(s), 3 Warning(s).
Load "C:\\Users\\Administrator\\Desktop\\工作\\新监控程序\\sh-ucosii-shprotocol-fatffs-20times-2016-12-09-timeout\\USER\\UCOSII-1.AXF" 
Erase Done.
Programming Done.
Verify OK.
Application running ...
Load "C:\\Users\\Administrator\\Desktop\\工作\\新监控程序\\sh-ucosii-shprotocol-fatffs-20times-2016-12-09-timeout\\USER\\UCOSII-1.AXF" 
Erase Done.
Programming Done.
Verify OK.
Application running ...
