ARM Linker, 5.02 [Build 28] [MDK-ARM Standard]

==============================================================================

Section Cross References

    main.o(.text) refers to max31855.o(.text) for MAX31855_ReadData_1
    main.o(.text) refers to ffix.o(x$fpl$ffix) for __aeabi_f2iz
    main.o(.text) refers to radix.o(.text) for itoa
    main.o(.text) refers to pressure.o(.text) for get_pressure_1
    main.o(.text) refers to delay.o(.text) for delay_ms
    main.o(.text) refers to usart.o(.text) for CLR_Buf3
    main.o(.text) refers to lcd_rl.o(.text) for lcd_showdata
    main.o(.text) refers to gprs_jiankong.o(.text) for get_GPS_data
    main.o(.text) refers to filter.o(.text) for filter_platform
    main.o(.text) refers to os_sem.o(.text) for OSSemCreate
    main.o(.text) refers to os_core.o(.text) for OSStatInit
    main.o(.text) refers to os_cpu_a.o(.text) for OS_CPU_SR_Save
    main.o(.text) refers to os_task.o(.text) for OSTaskCreate
    main.o(.text) refers to timer.o(.text) for Timer2_Init_Config
    main.o(.text) refers to sys.o(.text) for NVIC_Configuration
    main.o(.text) refers to led.o(.text) for GPIO_Config
    main.o(.text) refers to gsm.o(.text) for sim808_init
    main.o(.text) refers to lcd_rl.o(.bss) for temp1
    main.o(.text) refers to main.o(.data) for sem_lcd
    main.o(.text) refers to timer.o(.data) for Data_miao
    main.o(.text) refers to main.o(.bss) for FILTER_TASK_STK
    system_stm32f10x.o(.text) refers to system_stm32f10x.o(.data) for SystemCoreClock
    led.o(.text) refers to stm32f10x_gpio.o(.text) for GPIO_ResetBits
    led.o(.text) refers to stm32f10x_rcc.o(.text) for RCC_APB2PeriphClockCmd
    flash.o(.text) refers to stm32f10x_flash.o(.text) for FLASH_ProgramHalfWord
    flash.o(.text) refers to flash.o(.bss) for STMFLASH_BUF
    gsm.o(.text) refers to usart.o(.text) for CLR_Buf2
    gsm.o(.text) refers to stm32f10x_usart.o(.text) for USART_GetFlagStatus
    gsm.o(.text) refers to strstr.o(.text) for strstr
    gsm.o(.text) refers to delay.o(.text) for delay_ms
    gsm.o(.text) refers to gprs_jiankong.o(.text) for GSM_gsminfo
    gsm.o(.text) refers to flash.o(.text) for STMFLASH_Read
    gsm.o(.text) refers to strlen.o(.text) for strlen
    gsm.o(.text) refers to timer.o(.data) for Times
    gsm.o(.text) refers to usart.o(.bss) for Uart2_Buf
    gsm.o(.text) refers to filter.o(.data) for cj_len
    gsm.o(.text) refers to filter.o(.bss) for cjip
    gsm.o(.text) refers to gprs_jiankong.o(.bss) for device_num
    pressure.o(.text) refers to _printf_pad.o(.text) for _printf_pre_padding
    pressure.o(.text) refers to _printf_percent.o(.ARM.Collect$$_printf_percent$$00000000) for _printf_percent
    pressure.o(.text) refers to _printf_f.o(.ARM.Collect$$_printf_percent$$00000003) for _printf_f
    pressure.o(.text) refers to printf1.o(x$fpl$printf1) for _printf_fp_dec
    pressure.o(.text) refers to stm32f10x_rcc.o(.text) for RCC_APB2PeriphClockCmd
    pressure.o(.text) refers to stm32f10x_gpio.o(.text) for GPIO_Init
    pressure.o(.text) refers to stm32f10x_adc.o(.text) for ADC_DeInit
    pressure.o(.text) refers to delay.o(.text) for delay_ms
    pressure.o(.text) refers to fflt_clz.o(x$fpl$ffltu) for __aeabi_ui2f
    pressure.o(.text) refers to f2d.o(x$fpl$f2d) for __aeabi_f2d
    pressure.o(.text) refers to dmul.o(x$fpl$dmul) for __aeabi_dmul
    pressure.o(.text) refers to d2f.o(x$fpl$d2f) for __aeabi_d2f
    pressure.o(.text) refers to fmul.o(x$fpl$fmul) for __aeabi_fmul
    pressure.o(.text) refers to __2sprintf.o(.text) for __2sprintf
    pressure.o(.text) refers to daddsub_clz.o(x$fpl$dsub) for __aeabi_dsub
    pressure.o(.text) refers to ddiv.o(x$fpl$ddiv) for __aeabi_ddiv
    pressure.o(.text) refers to ffixu.o(x$fpl$ffixu) for __aeabi_f2uiz
    pressure.o(.text) refers to dfixu.o(x$fpl$dfixu) for __aeabi_d2uiz
    radix.o(.text) refers to strlen.o(.text) for strlen
    radix.o(.text) refers to rt_memcpy_w.o(.text) for __aeabi_memcpy4
    systick.o(.text) refers to system_stm32f10x.o(.data) for SystemCoreClock
    systick.o(.text) refers to systick.o(.data) for SysTickDelayTime
    timer.o(.text) refers to stm32f10x_rcc.o(.text) for RCC_APB1PeriphClockCmd
    timer.o(.text) refers to stm32f10x_tim.o(.text) for TIM_TimeBaseInit
    timer.o(.text) refers to misc.o(.text) for NVIC_Init
    timer.o(.text) refers to led.o(.text) for LED4_ON
    timer.o(.text) refers to timer.o(.data) for flag
    timer.o(.text) refers to usart.o(.data) for USART_RX_STA
    usart.o(.text) refers (Special) to use_no_semi_2.o(.text) for __use_no_semihosting
    usart.o(.text) refers to stm32f10x_rcc.o(.text) for RCC_APB2PeriphClockCmd
    usart.o(.text) refers to stm32f10x_gpio.o(.text) for GPIO_Init
    usart.o(.text) refers to misc.o(.text) for NVIC_Init
    usart.o(.text) refers to stm32f10x_usart.o(.text) for USART_Init
    usart.o(.text) refers to os_core.o(.text) for OSIntEnter
    usart.o(.text) refers to usart.o(.data) for USART_RX_STA
[...]
    USART_DeInit                             0x08003fe1   Thumb Code   134  stm32f10x_usart.o(.text)
    USART_Init                               0x08004067   Thumb Code   210  stm32f10x_usart.o(.text)
    USART_StructInit                         0x08004139   Thumb Code    24  stm32f10x_usart.o(.text)
    USART_ClockInit                          0x08004151   Thumb Code    34  stm32f10x_usart.o(.text)
    USART_ClockStructInit                    0x08004173   Thumb Code    12  stm32f10x_usart.o(.text)
    USART_Cmd                                0x0800417f   Thumb Code    24  stm32f10x_usart.o(.text)
    USART_ITConfig                           0x08004197   Thumb Code    74  stm32f10x_usart.o(.text)
    USART_DMACmd                             0x080041e1   Thumb Code    18  stm32f10x_usart.o(.text)
    USART_SetAddress                         0x080041f3   Thumb Code    18  stm32f10x_usart.o(.text)
    USART_WakeUpConfig                       0x08004205   Thumb Code    18  stm32f10x_usart.o(.text)
    USART_ReceiverWakeUpCmd                  0x08004217   Thumb Code    24  stm32f10x_usart.o(.text)
    USART_LINBreakDetectLengthConfig         0x0800422f   Thumb Code    18  stm32f10x_usart.o(.text)
    USART_LINCmd                             0x08004241   Thumb Code    24  stm32f10x_usart.o(.text)
    USART_SendData                           0x08004259   Thumb Code     8  stm32f10x_usart.o(.text)
    USART_ReceiveData                        0x08004261   Thumb Code    10  stm32f10x_usart.o(.text)
    USART_SendBreak                          0x0800426b   Thumb Code    10  stm32f10x_usart.o(.text)
    USART_SetGuardTime                       0x08004275   Thumb Code    16  stm32f10x_usart.o(.text)
    USART_SetPrescaler                       0x08004285   Thumb Code    16  stm32f10x_usart.o(.text)
    USART_SmartCardCmd                       0x08004295   Thumb Code    24  stm32f10x_usart.o(.text)
    USART_SmartCardNACKCmd                   0x080042ad   Thumb Code    24  stm32f10x_usart.o(.text)
    USART_HalfDuplexCmd                      0x080042c5   Thumb Code    24  stm32f10x_usart.o(.text)
    USART_OverSampling8Cmd                   0x080042dd   Thumb Code    22  stm32f10x_usart.o(.text)
    USART_OneBitMethodCmd                    0x080042f3   Thumb Code    24  stm32f10x_usart.o(.text)
    USART_IrDAConfig                         0x0800430b   Thumb Code    18  stm32f10x_usart.o(.text)
    USART_IrDACmd                            0x0800431d   Thumb Code    24  stm32f10x_usart.o(.text)
    USART_GetFlagStatus                      0x08004335   Thumb Code    26  stm32f10x_usart.o(.text)
    USART_ClearFlag                          0x0800434f   Thumb Code    18  stm32f10x_usart.o(.text)
    USART_GetITStatus                        0x08004361   Thumb Code    84  stm32f10x_usart.o(.text)
    USART_ClearITPendingBit                  0x080043b5   Thumb Code    52  stm32f10x_usart.o(.text)
    TIM_DeInit                               0x080043e9   Thumb Code   424  stm32f10x_tim.o(.text)
    TIM_TimeBaseInit                         0x08004591   Thumb Code   122  stm32f10x_tim.o(.text)
    TIM_OC1Init                              0x0800460b   Thumb Code   132  stm32f10x_tim.o(.text)
    TIM_OC2Init                              0x0800468f   Thumb Code   154  stm32f10x_tim.o(.text)
    TIM_OC3Init                              0x08004729   Thumb Code   150  stm32f10x_tim.o(.text)
    TIM_OC4Init                              0x080047bf   Thumb Code   182  stm32f10x_tim.o(.text)
    TIM_SetIC4Prescaler                      0x08004875   Thumb Code    26  stm32f10x_tim.o(.text)
    TIM_SetIC3Prescaler                      0x08004911   Thumb Code    18  stm32f10x_tim.o(.text)
    TIM_SetIC2Prescaler                      0x0800499d   Thumb Code    26  stm32f10x_tim.o(.text)
    TIM_SetIC1Prescaler                      0x08004a39   Thumb Code    18  stm32f10x_tim.o(.text)
    TIM_ICInit                               0x08004ab7   Thumb Code   150  stm32f10x_tim.o(.text)
    TIM_PWMIConfig                           0x08004b4d   Thumb Code   124  stm32f10x_tim.o(.text)
    TIM_BDTRConfig                           0x08004bc9   Thumb Code    32  stm32f10x_tim.o(.text)
    TIM_TimeBaseStructInit                   0x08004be9   Thumb Code    18  stm32f10x_tim.o(.text)
    TIM_OCStructInit                         0x08004bfb   Thumb Code    20  stm32f10x_tim.o(.text)
    TIM_ICStructInit                         0x08004c0f   Thumb Code    18  stm32f10x_tim.o(.text)
    TIM_BDTRStructInit                       0x08004c21   Thumb Code    40  stm32f10x_tim.o(.text)
    TIM_Cmd                                  0x08004c49   Thumb Code    24  stm32f10x_tim.o(.text)
    TIM_CtrlPWMOutputs                       0x08004c61   Thumb Code    30  stm32f10x_tim.o(.text)
    TIM_ITConfig                             0x08004c7f   Thumb Code    18  stm32f10x_tim.o(.text)
    TIM_GenerateEvent                        0x08004c91   Thumb Code     4  stm32f10x_tim.o(.text)
    TIM_DMAConfig                            0x08004c95   Thumb Code    10  stm32f10x_tim.o(.text)
    TIM_DMACmd                               0x08004c9f   Thumb Code    18  stm32f10x_tim.o(.text)
    TIM_InternalClockConfig                  0x08004cb1   Thumb Code    12  stm32f10x_tim.o(.text)
    TIM_SelectInputTrigger                   0x08004cbd   Thumb Code    18  stm32f10x_tim.o(.text)
    TIM_ITRxExternalClockConfig              0x08004ccf   Thumb Code    24  stm32f10x_tim.o(.text)
    TIM_TIxExternalClockConfig               0x08004ce7   Thumb Code    62  stm32f10x_tim.o(.text)
    TIM_ETRConfig                            0x08004d25   Thumb Code    28  stm32f10x_tim.o(.text)
    TIM_ETRClockMode1Config                  0x08004d41   Thumb Code    54  stm32f10x_tim.o(.text)
    TIM_ETRClockMode2Config                  0x08004d77   Thumb Code    32  stm32f10x_tim.o(.text)
    TIM_PrescalerConfig                      0x08004d97   Thumb Code     6  stm32f10x_tim.o(.text)
    TIM_CounterModeConfig                    0x08004d9d   Thumb Code    18  stm32f10x_tim.o(.text)
    TIM_EncoderInterfaceConfig               0x08004daf   Thumb Code    66  stm32f10x_tim.o(.text)
    TIM_ForcedOC1Config                      0x08004df1   Thumb Code    18  stm32f10x_tim.o(.text)
    TIM_ForcedOC2Config                      0x08004e03   Thumb Code    26  stm32f10x_tim.o(.text)
    TIM_ForcedOC3Config                      0x08004e1d   Thumb Code    18  stm32f10x_tim.o(.text)
    TIM_ForcedOC4Config                      0x08004e2f   Thumb Code    26  stm32f10x_tim.o(.text)
    TIM_ARRPreloadConfig                     0x08004e49   Thumb Code    24  stm32f10x_tim.o(.text)
    TIM_SelectCOM                            0x08004e61   Thumb Code    24  stm32f10x_tim.o(.text)
    TIM_SelectCCDMA                          0x08004e79   Thumb Code    24  stm32f10x_tim.o(.text)
    TIM_CCPreloadControl                     0x08004e91   Thumb Code    24  stm32f10x_tim.o(.text)
    TIM_OC1PreloadConfig                     0x08004ea9   Thumb Code    18  stm32f10x_tim.o(.text)
    TIM_OC2PreloadConfig                     0x08004ebb   Thumb Code    26  stm32f10x_tim.o(.text)
    TIM_OC3PreloadConfig                     0x08004ed5   Thumb Code    18  stm32f10x_tim.o(.text)
    TIM_OC4PreloadConfig                     0x08004ee7   Thumb Code    26  stm32f10x_tim.o(.text)
    TIM_OC1FastConfig                        0x08004f01   Thumb Code    18  stm32f10x_tim.o(.text)
    TIM_OC2FastConfig                        0x08004f13   Thumb Code    26  stm32f10x_tim.o(.text)
    TIM_OC3FastConfig                        0x08004f2d   Thumb Code    18  stm32f10x_tim.o(.text)
    TIM_OC4FastConfig                        0x08004f3f   Thumb Code    26  stm32f10x_tim.o(.text)
    TIM_ClearOC1Ref                          0x08004f59   Thumb Code    18  stm32f10x_tim.o(.text)
    TIM_ClearOC2Ref                          0x08004f6b   Thumb Code    24  stm32f10x_tim.o(.text)
    TIM_ClearOC3Ref                          0x08004f83   Thumb Code    18  stm32f10x_tim.o(.text)
    TIM_ClearOC4Ref                          0x08004f95   Thumb Code    24  stm32f10x_tim.o(.text)
    TIM_OC1PolarityConfig                    0x08004fad   Thumb Code    18  stm32f10x_tim.o(.text)
    TIM_OC1NPolarityConfig                   0x08004fbf   Thumb Code    18  stm32f10x_tim.o(.text)
    TIM_OC2PolarityConfig                    0x08004fd1   Thumb Code    26  stm32f10x_tim.o(.text)
    TIM_OC2NPolarityConfig                   0x08004feb   Thumb Code    26  stm32f10x_tim.o(.text)
    TIM_OC3PolarityConfig                    0x08005005   Thumb Code    26  stm32f10x_tim.o(.text)
    TIM_OC3NPolarityConfig                   0x0800501f   Thumb Code    26  stm32f10x_tim.o(.text)
    TIM_OC4PolarityConfig                    0x08005039   Thumb Code    26  stm32f10x_tim.o(.text)
    TIM_CCxCmd                               0x08005053   Thumb Code    30  stm32f10x_tim.o(.text)
    TIM_CCxNCmd                              0x08005071   Thumb Code    30  stm32f10x_tim.o(.text)
    TIM_SelectOCxM                           0x0800508f   Thumb Code    82  stm32f10x_tim.o(.text)
    TIM_UpdateDisableConfig                  0x080050e1   Thumb Code    24  stm32f10x_tim.o(.text)
    TIM_UpdateRequestConfig                  0x080050f9   Thumb Code    24  stm32f10x_tim.o(.text)
    TIM_SelectHallSensor                     0x08005111   Thumb Code    24  stm32f10x_tim.o(.text)
    TIM_SelectOnePulseMode                   0x08005129   Thumb Code    18  stm32f10x_tim.o(.text)
    TIM_SelectOutputTrigger                  0x0800513b   Thumb Code    18  stm32f10x_tim.o(.text)
    TIM_SelectSlaveMode                      0x0800514d   Thumb Code    18  stm32f10x_tim.o(.text)
    TIM_SelectMasterSlaveMode                0x0800515f   Thumb Code    18  stm32f10x_tim.o(.text)
    TIM_SetCounter                           0x08005171   Thumb Code     4  stm32f10x_tim.o(.text)
    TIM_SetAutoreload                        0x08005175   Thumb Code     4  stm32f10x_tim.o(.text)
    TIM_SetCompare1                          0x08005179   Thumb Code     4  stm32f10x_tim.o(.text)
    TIM_SetCompare2                          0x0800517d   Thumb Code     4  stm32f10x_tim.o(.text)
    TIM_SetCompare3                          0x08005181   Thumb Code     4  stm32f10x_tim.o(.text)
    TIM_SetCompare4                          0x08005185   Thumb Code     6  stm32f10x_tim.o(.text)
    TIM_SetClockDivision                     0x0800518b   Thumb Code    18  stm32f10x_tim.o(.text)
    TIM_GetCapture1                          0x0800519d   Thumb Code     6  stm32f10x_tim.o(.text)
    TIM_GetCapture2                          0x080051a3   Thumb Code     6  stm32f10x_tim.o(.text)
    TIM_GetCapture3                          0x080051a9   Thumb Code     6  stm32f10x_tim.o(.text)
    TIM_GetCapture4                          0x080051af   Thumb Code     8  stm32f10x_tim.o(.text)
    TIM_GetCounter                           0x080051b7   Thumb Code     6  stm32f10x_tim.o(.text)
    TIM_GetPrescaler                         0x080051bd   Thumb Code     6  stm32f10x_tim.o(.text)
    TIM_GetFlagStatus                        0x080051c3   Thumb Code    18  stm32f10x_tim.o(.text)
    TIM_ClearFlag                            0x080051d5   Thumb Code     6  stm32f10x_tim.o(.text)
    TIM_GetITStatus                          0x080051db   Thumb Code    34  stm32f10x_tim.o(.text)
    TIM_ClearITPendingBit                    0x080051fd   Thumb Code     6  stm32f10x_tim.o(.text)
    FLASH_SetLatency                         0x08005205   Thumb Code    18  stm32f10x_flash.o(.text)
    FLASH_HalfCycleAccessCmd                 0x08005217   Thumb Code    22  stm32f10x_flash.o(.text)
    FLASH_PrefetchBufferCmd                  0x0800522d   Thumb Code    22  stm32f10x_flash.o(.text)
    FLASH_Unlock                             0x08005243   Thumb Code    12  stm32f10x_flash.o(.text)
    FLASH_UnlockBank1                        0x0800524f   Thumb Code    12  stm32f10x_flash.o(.text)
    FLASH_Lock                               0x0800525b   Thumb Code    14  stm32f10x_flash.o(.text)
    FLASH_LockBank1                          0x08005269   Thumb Code    14  stm32f10x_flash.o(.text)
    FLASH_GetBank1Status                     0x08005277   Thumb Code    48  stm32f10x_flash.o(.text)
    FLASH_WaitForLastOperation               0x080052a7   Thumb Code    38  stm32f10x_flash.o(.text)
    FLASH_ErasePage                          0x080052cd   Thumb Code    72  stm32f10x_flash.o(.text)
    FLASH_EraseAllPages                      0x08005315   Thumb Code    68  stm32f10x_flash.o(.text)
    FLASH_WaitForLastBank1Operation          0x08005359   Thumb Code    38  stm32f10x_flash.o(.text)
    FLASH_EraseAllBank1Pages                 0x0800537f   Thumb Code    68  stm32f10x_flash.o(.text)
    FLASH_GetReadOutProtectionStatus         0x080053c3   Thumb Code    20  stm32f10x_flash.o(.text)
    FLASH_EraseOptionBytes                   0x080053d7   Thumb Code   150  stm32f10x_flash.o(.text)
    FLASH_ProgramWord                        0x0800546d   Thumb Code    96  stm32f10x_flash.o(.text)
    FLASH_ProgramHalfWord                    0x080054cd   Thumb Code    60  stm32f10x_flash.o(.text)
    FLASH_ProgramOptionByteData              0x08005509   Thumb Code    72  stm32f10x_flash.o(.text)
    FLASH_EnableWriteProtection              0x08005551   Thumb Code   200  stm32f10x_flash.o(.text)
    FLASH_ReadOutProtection                  0x08005619   Thumb Code   156  stm32f10x_flash.o(.text)
    FLASH_UserOptionByteConfig               0x080056b5   Thumb Code    88  stm32f10x_flash.o(.text)
    FLASH_GetUserOptionByte                  0x0800570d   Thumb Code     8  stm32f10x_flash.o(.text)
    FLASH_GetWriteProtectionOptionByte       0x08005715   Thumb Code     6  stm32f10x_flash.o(.text)
    FLASH_GetPrefetchBufferStatus            0x0800571b   Thumb Code    20  stm32f10x_flash.o(.text)
    FLASH_ITConfig                           0x0800572f   Thumb Code    26  stm32f10x_flash.o(.text)
    FLASH_GetFlagStatus                      0x08005749   Thumb Code    42  stm32f10x_flash.o(.text)
    FLASH_ClearFlag                          0x08005773   Thumb Code     6  stm32f10x_flash.o(.text)
    FLASH_GetStatus                          0x08005779   Thumb Code    48  stm32f10x_flash.o(.text)
    ADC_DeInit                               0x080057b9   Thumb Code    78  stm32f10x_adc.o(.text)
    ADC_Init                                 0x08005807   Thumb Code    70  stm32f10x_adc.o(.text)
    ADC_StructInit                           0x0800584d   Thumb Code    18  stm32f10x_adc.o(.text)
    ADC_Cmd                                  0x0800585f   Thumb Code    22  stm32f10x_adc.o(.text)
    ADC_DMACmd                               0x08005875   Thumb Code    22  stm32f10x_adc.o(.text)
    ADC_ITConfig                             0x0800588b   Thumb Code    24  stm32f10x_adc.o(.text)
    ADC_ResetCalibration                     0x080058a3   Thumb Code    10  stm32f10x_adc.o(.text)
    ADC_GetResetCalibrationStatus            0x080058ad   Thumb Code    20  stm32f10x_adc.o(.text)
    ADC_StartCalibration                     0x080058c1   Thumb Code    10  stm32f10x_adc.o(.text)
    ADC_GetCalibrationStatus                 0x080058cb   Thumb Code    20  stm32f10x_adc.o(.text)
    ADC_SoftwareStartConvCmd                 0x080058df   Thumb Code    22  stm32f10x_adc.o(.text)
    ADC_GetSoftwareStartConvStatus           0x080058f5   Thumb Code    20  stm32f10x_adc.o(.text)
    ADC_DiscModeChannelCountConfig           0x08005909   Thumb Code    24  stm32f10x_adc.o(.text)
    ADC_DiscModeCmd                          0x08005921   Thumb Code    22  stm32f10x_adc.o(.text)
    ADC_RegularChannelConfig                 0x08005937   Thumb Code   184  stm32f10x_adc.o(.text)
    ADC_ExternalTrigConvCmd                  0x080059ef   Thumb Code    22  stm32f10x_adc.o(.text)
    ADC_GetConversionValue                   0x08005a05   Thumb Code     8  stm32f10x_adc.o(.text)
    ADC_GetDualModeConversionValue           0x08005a0d   Thumb Code     8  stm32f10x_adc.o(.text)
    ADC_AutoInjectedConvCmd                  0x08005a15   Thumb Code    22  stm32f10x_adc.o(.text)
    ADC_InjectedDiscModeCmd                  0x08005a2b   Thumb Code    22  stm32f10x_adc.o(.text)
    ADC_ExternalTrigInjectedConvConfig       0x08005a41   Thumb Code    16  stm32f10x_adc.o(.text)
    ADC_ExternalTrigInjectedConvCmd          0x08005a51   Thumb Code    22  stm32f10x_adc.o(.text)
    ADC_SoftwareStartInjectedConvCmd         0x08005a67   Thumb Code    22  stm32f10x_adc.o(.text)
    ADC_GetSoftwareStartInjectedConvCmdStatus 0x08005a7d   Thumb Code    20  stm32f10x_adc.o(.text)
    ADC_InjectedChannelConfig                0x08005a91   Thumb Code   130  stm32f10x_adc.o(.text)
    ADC_InjectedSequencerLengthConfig        0x08005b13   Thumb Code    24  stm32f10x_adc.o(.text)
    ADC_SetInjectedOffset                    0x08005b2b   Thumb Code    12  stm32f10x_adc.o(.text)
    ADC_GetInjectedConversionValue           0x08005b37   Thumb Code    18  stm32f10x_adc.o(.text)
    ADC_AnalogWatchdogCmd                    0x08005b49   Thumb Code    16  stm32f10x_adc.o(.text)
    ADC_AnalogWatchdogThresholdsConfig       0x08005b59   Thumb Code     6  stm32f10x_adc.o(.text)
    ADC_AnalogWatchdogSingleChannelConfig    0x08005b5f   Thumb Code    16  stm32f10x_adc.o(.text)
    ADC_TempSensorVrefintCmd                 0x08005b6f   Thumb Code    38  stm32f10x_adc.o(.text)
    ADC_GetFlagStatus                        0x08005b95   Thumb Code    44  stm32f10x_adc.o(.text)
    ADC_ClearFlag                            0x08005bc1   Thumb Code     6  stm32f10x_adc.o(.text)
    ADC_GetITStatus                          0x08005bc7   Thumb Code    36  stm32f10x_adc.o(.text)
    ADC_ClearITPendingBit                    0x08005beb   Thumb Code    10  stm32f10x_adc.o(.text)
    OS_TaskStatStkChk                        0x08005bf5   Thumb Code    54  os_core.o(.text)
    OS_TaskStat                              0x08005c2b   Thumb Code   116  os_core.o(.text)
    OS_TaskIdle                              0x08005cd3   Thumb Code    34  os_core.o(.text)
    OS_MemClr                                0x08005d29   Thumb Code    18  os_core.o(.text)
    OSInit                                   0x08005e47   Thumb Code    44  os_core.o(.text)
    OSIntEnter                               0x08005e73   Thumb Code    28  os_core.o(.text)
    OSIntExit                                0x08005ea9   Thumb Code   112  os_core.o(.text)
    OSSchedLock                              0x08005f19   Thumb Code    50  os_core.o(.text)
    OS_Sched                                 0x08005f4b   Thumb Code    88  os_core.o(.text)
    OSSchedUnlock                            0x08005fa3   Thumb Code   238  os_core.o(.text)
    OSStart                                  0x08006091   Thumb Code    48  os_core.o(.text)
    OSStatInit                               0x080060c1   Thumb Code    62  os_core.o(.text)
    OSTimeTick                               0x080060ff   Thumb Code   218  os_core.o(.text)
    OSVersion                                0x080061d9   Thumb Code     6  os_core.o(.text)
    OS_Dummy                                 0x080061df   Thumb Code     2  os_core.o(.text)
    OS_EventTaskRemove                       0x080061e1   Thumb Code    42  os_core.o(.text)
    OS_EventTaskRdy                          0x0800620b   Thumb Code   118  os_core.o(.text)
    OS_EventTaskWait                         0x08006281   Thumb Code   112  os_core.o(.text)
    OS_EventWaitListInit                     0x080062f1   Thumb Code    28  os_core.o(.text)
    OS_MemCopy                               0x0800630d   Thumb Code    20  os_core.o(.text)
    OS_StrLen                                0x08006321   Thumb Code    20  os_core.o(.text)
    OS_TCBInit                               0x08006335   Thumb Code   294  os_core.o(.text)
    OSFlagAccept                             0x080064a1   Thumb Code   252  os_flag.o(.text)
    OSFlagCreate                             0x0800659d   Thumb Code    86  os_flag.o(.text)
    OS_FlagUnlink                            0x080065f3   Thumb Code    36  os_flag.o(.text)
    OSFlagDel                                0x08006677   Thumb Code   214  os_flag.o(.text)
    OSFlagNameGet                            0x0800674d   Thumb Code    80  os_flag.o(.text)
    OSFlagNameSet                            0x0800679d   Thumb Code    66  os_flag.o(.text)
    OSFlagPend                               0x08006877   Thumb Code   614  os_flag.o(.text)
    OSFlagPendGetFlagsRdy                    0x08006add   Thumb Code    26  os_flag.o(.text)
    OSFlagPost                               0x08006af7   Thumb Code   312  os_flag.o(.text)
    OSFlagQuery                              0x08006c2f   Thumb Code    48  os_flag.o(.text)
    OS_FlagInit                              0x08006c5f   Thumb Code    78  os_flag.o(.text)
    OSQAccept                                0x08006cb9   Thumb Code    88  os_q.o(.text)
    OSQCreate                                0x08006d11   Thumb Code   140  os_q.o(.text)
    OSQDel                                   0x08006d9d   Thumb Code   236  os_q.o(.text)
    OSQFlush                                 0x08006e89   Thumb Code    36  os_q.o(.text)
    OSQPend                                  0x08006ead   Thumb Code   272  os_q.o(.text)
    OSQPendAbort                             0x08006fbd   Thumb Code   128  os_q.o(.text)
    OSQPost                                  0x0800703d   Thumb Code   114  os_q.o(.text)
    OSQPostFront                             0x080070af   Thumb Code   136  os_q.o(.text)
    OSQPostOpt                               0x08007137   Thumb Code   182  os_q.o(.text)
    OSQQuery                                 0x080071ed   Thumb Code    98  os_q.o(.text)
    OS_QInit                                 0x0800724f   Thumb Code    72  os_q.o(.text)
    OSSemAccept                              0x080072a1   Thumb Code    42  os_sem.o(.text)
    OSSemCreate                              0x080072cb   Thumb Code    68  os_sem.o(.text)
    OSSemDel                                 0x0800730f   Thumb Code   200  os_sem.o(.text)
    OSSemPend                                0x080073d7   Thumb Code   222  os_sem.o(.text)
    OSSemPendAbort                           0x080074b5   Thumb Code   128  os_sem.o(.text)
    OSSemPost                                0x08007535   Thumb Code    88  os_sem.o(.text)
    OSSemQuery                               0x0800758d   Thumb Code    76  os_sem.o(.text)
    OSSemSet                                 0x080075d9   Thumb Code    66  os_sem.o(.text)
    OSTaskChangePrio                         0x0800762d   Thumb Code   310  os_task.o(.text)
    OSTaskCreate                             0x08007763   Thumb Code   148  os_task.o(.text)
    OS_TaskStkClr                            0x080077f7   Thumb Code    26  os_task.o(.text)
    OSTaskCreateExt                          0x08007811   Thumb Code   170  os_task.o(.text)
    OSTaskDel                                0x080078bb   Thumb Code   294  os_task.o(.text)
    OSTaskDelReq                             0x080079e1   Thumb Code   146  os_task.o(.text)
    OSTaskNameGet                            0x08007a73   Thumb Code   114  os_task.o(.text)
    OSTaskNameSet                            0x08007ae5   Thumb Code    98  os_task.o(.text)
    OSTaskResume                             0x08007b47   Thumb Code   160  os_task.o(.text)
    OSTaskStkChk                             0x08007be7   Thumb Code   132  os_task.o(.text)
    OSTaskSuspend                            0x08007c6b   Thumb Code   152  os_task.o(.text)
    OSTaskQuery                              0x08007d03   Thumb Code    82  os_task.o(.text)
    OSTaskRegGet                             0x08007d55   Thumb Code    60  os_task.o(.text)
    OSTaskRegSet                             0x08007d91   Thumb Code    62  os_task.o(.text)
    OS_TaskReturn                            0x08007dcf   Thumb Code    18  os_task.o(.text)
    OSTimeDly                                0x08007df9   Thumb Code   100  os_time.o(.text)
    OSTimeDlyHMSM                            0x08007e5d   Thumb Code    86  os_time.o(.text)
    OSTimeDlyResume                          0x08007eb3   Thumb Code   176  os_time.o(.text)
    OSTimeGet                                0x08007f63   Thumb Code    24  os_time.o(.text)
    OSTimeSet                                0x08007f7b   Thumb Code    24  os_time.o(.text)
    OS_CPU_SR_Save                           0x08007fb1   Thumb Code     0  os_cpu_a.o(.text)
    OS_CPU_SR_Restore                        0x08007fb9   Thumb Code     0  os_cpu_a.o(.text)
    OSStartHighRdy                           0x08007fbf   Thumb Code     0  os_cpu_a.o(.text)
    OSCtxSw                                  0x08007fe1   Thumb Code     0  os_cpu_a.o(.text)
    OSIntCtxSw                               0x08007fef   Thumb Code     0  os_cpu_a.o(.text)
    PendSV_Handler                           0x08007fff   Thumb Code     0  os_cpu_a.o(.text)
    OSInitHookBegin                          0x08008065   Thumb Code     2  os_cpu_c.o(.text)
    OSInitHookEnd                            0x08008067   Thumb Code     2  os_cpu_c.o(.text)
    OSTaskCreateHook                         0x08008069   Thumb Code     2  os_cpu_c.o(.text)
    OSTaskDelHook                            0x0800806b   Thumb Code     2  os_cpu_c.o(.text)
    OSTaskIdleHook                           0x0800806d   Thumb Code     2  os_cpu_c.o(.text)
    OSTaskStatHook                           0x0800806f   Thumb Code     2  os_cpu_c.o(.text)
    OSTaskStkInit                            0x08008071   Thumb Code   154  os_cpu_c.o(.text)
    OSTaskSwHook                             0x0800810b   Thumb Code     2  os_cpu_c.o(.text)
    OSTCBInitHook                            0x0800810d   Thumb Code     2  os_cpu_c.o(.text)
    OSTimeTickHook                           0x0800810f   Thumb Code     2  os_cpu_c.o(.text)
    OSTaskReturnHook                         0x08008111   Thumb Code     2  os_cpu_c.o(.text)
    __use_no_semihosting                     0x08008113   Thumb Code     2  use_no_semi_2.o(.text)
    __aeabi_llsl                             0x08008115   Thumb Code     0  llshl.o(.text)
    _ll_shift_l                              0x08008115   Thumb Code    38  llshl.o(.text)
    printf                                   0x0800813d   Thumb Code    20  printf.o(.text)
    __2printf                                0x08008155   Thumb Code    20  __2printf.o(.text)
    __2sprintf                               0x0800816d   Thumb Code    38  __2sprintf.o(.text)
    _printf_pre_padding                      0x08008199   Thumb Code    46  _printf_pad.o(.text)
    _printf_post_padding                     0x080081c7   Thumb Code    36  _printf_pad.o(.text)
    _printf_str                              0x080081eb   Thumb Code    82  _printf_str.o(.text)
    _printf_int_dec                          0x0800823d   Thumb Code   102  _printf_dec.o(.text)
    __printf                                 0x080082b5   Thumb Code   390  __printf_flags_ss_wp.o(.text)
    atoi                                     0x08008441   Thumb Code    26  atoi.o(.text)
    strtok                                   0x0800845d   Thumb Code     6  strtok.o(.text)
    strstr                                   0x08008469   Thumb Code    36  strstr.o(.text)
    strcpy                                   0x0800848d   Thumb Code    72  strcpy.o(.text)
    strlen                                   0x080084d5   Thumb Code    62  strlen.o(.text)
    strcat                                   0x08008513   Thumb Code    24  strcat.o(.text)
    __aeabi_memcpy                           0x0800852b   Thumb Code     0  rt_memcpy_v6.o(.text)
    __rt_memcpy                              0x0800852b   Thumb Code   138  rt_memcpy_v6.o(.text)
    _memcpy_lastbytes                        0x08008591   Thumb Code     0  rt_memcpy_v6.o(.text)
    __aeabi_memcpy4                          0x080085b5   Thumb Code     0  rt_memcpy_w.o(.text)
    __aeabi_memcpy8                          0x080085b5   Thumb Code     0  rt_memcpy_w.o(.text)
    __rt_memcpy_w                            0x080085b5   Thumb Code   100  rt_memcpy_w.o(.text)
    _memcpy_lastbytes_aligned                0x080085fd   Thumb Code     0  rt_memcpy_w.o(.text)
    __aeabi_memclr                           0x08008619   Thumb Code     0  rt_memclr.o(.text)
    __rt_memclr                              0x08008619   Thumb Code    68  rt_memclr.o(.text)
    _memset                                  0x0800861d   Thumb Code     0  rt_memclr.o(.text)
    __aeabi_memclr4                          0x0800865d   Thumb Code     0  rt_memclr_w.o(.text)
    __aeabi_memclr8                          0x0800865d   Thumb Code     0  rt_memclr_w.o(.text)
    __rt_memclr_w                            0x0800865d   Thumb Code    78  rt_memclr_w.o(.text)
    _memset_w                                0x08008661   Thumb Code     0  rt_memclr_w.o(.text)
    strcmp                                   0x080086ad   Thumb Code   128  strcmpv7m.o(.text)
    __use_two_region_memory                  0x0800872d   Thumb Code     2  heapauxi.o(.text)
    __rt_heap_escrow$2region                 0x0800872f   Thumb Code     2  heapauxi.o(.text)
    __rt_heap_expand$2region                 0x08008731   Thumb Code     2  heapauxi.o(.text)
    __I$use$semihosting                      0x08008733   Thumb Code     0  use_no_semi.o(.text)
    __use_no_semihosting_swi                 0x08008733   Thumb Code     2  use_no_semi.o(.text)
    __aeabi_errno_addr                       0x08008735   Thumb Code     8  rt_errno_addr_intlibspace.o(.text)
    __errno$intlibspace                      0x08008735   Thumb Code     0  rt_errno_addr_intlibspace.o(.text)
    __rt_errno_addr$intlibspace              0x08008735   Thumb Code     0  rt_errno_addr_intlibspace.o(.text)
    __read_errno                             0x0800873d   Thumb Code    10  _rserrno.o(.text)
    __set_errno                              0x08008747   Thumb Code    12  _rserrno.o(.text)
    _printf_truncate_signed                  0x08008753   Thumb Code    18  _printf_truncate.o(.text)
    _printf_truncate_unsigned                0x08008765   Thumb Code    18  _printf_truncate.o(.text)
    _printf_int_common                       0x08008777   Thumb Code   184  _printf_intcommon.o(.text)
    _printf_charcount                        0x0800882f   Thumb Code    42  _printf_charcount.o(.text)
    __lib_sel_fp_printf                      0x08008859   Thumb Code     2  _printf_fp_dec.o(.text)
    _printf_fp_dec_real                      0x08008a05   Thumb Code   628  _printf_fp_dec.o(.text)
    _printf_char_common                      0x08008c83   Thumb Code    32  _printf_char_common.o(.text)
    _sputc                                   0x08008ca9   Thumb Code    10  _sputc.o(.text)
    _printf_cs_common                        0x08008cb3   Thumb Code    20  _printf_char.o(.text)
    _printf_char                             0x08008cc7   Thumb Code    16  _printf_char.o(.text)
    _printf_string                           0x08008cd7   Thumb Code     8  _printf_char.o(.text)
    _printf_char_file                        0x08008ce1   Thumb Code    32  _printf_char_file.o(.text)
    _printf_wctomb                           0x08008d05   Thumb Code   182  _printf_wctomb.o(.text)
    _printf_longlong_dec                     0x08008dc1   Thumb Code   104  _printf_longlong_dec.o(.text)
    _printf_longlong_oct                     0x08008e39   Thumb Code    76  _printf_oct_int_ll.o(.text)
    _printf_int_oct                          0x08008e85   Thumb Code    24  _printf_oct_int_ll.o(.text)
    _printf_ll_oct                           0x08008e9d   Thumb Code    12  _printf_oct_int_ll.o(.text)
    _printf_longlong_hex                     0x08008eb1   Thumb Code    92  _printf_hex_int_ll_ptr.o(.text)
    _printf_int_hex                          0x08008f0d   Thumb Code    28  _printf_hex_int_ll_ptr.o(.text)
    _printf_ll_hex                           0x08008f29   Thumb Code    12  _printf_hex_int_ll_ptr.o(.text)
    _printf_hex_ptr                          0x08008f35   Thumb Code    18  _printf_hex_int_ll_ptr.o(.text)
    __strtod_int                             0x08008f89   Thumb Code    88  strtod.o(.text)
    strtol                                   0x08008fed   Thumb Code   112  strtol.o(.text)
    __strtok_internal                        0x0800905d   Thumb Code    64  strtok_int.o(.text)
    __user_libspace                          0x080090a1   Thumb Code     8  libspace.o(.text)
    __user_perproc_libspace                  0x080090a1   Thumb Code     0  libspace.o(.text)
    __user_perthread_libspace                0x080090a1   Thumb Code     0  libspace.o(.text)
    __rt_ctype_table                         0x080090a9   Thumb Code    16  rt_ctype_table.o(.text)
    __rt_locale                              0x080090b9   Thumb Code     8  rt_locale_intlibspace.o(.text)
    _ll_udiv10                               0x080090c1   Thumb Code   138  lludiv10.o(.text)
    isspace                                  0x0800914b   Thumb Code    18  isspace.o(.text)
    _printf_fp_hex_real                      0x0800915d   Thumb Code   762  _printf_fp_hex.o(.text)
    _printf_fp_infnan                        0x08009461   Thumb Code   112  _printf_fp_infnan.o(.text)
    _printf_lcs_common                       0x080094e1   Thumb Code    20  _printf_wchar.o(.text)
    _printf_wchar                            0x080094f5   Thumb Code    16  _printf_wchar.o(.text)
    _printf_wstring                          0x08009505   Thumb Code     8  _printf_wchar.o(.text)
    _sgetc                                   0x0800950d   Thumb Code    30  _sgetc.o(.text)
    _sbackspace                              0x0800952b   Thumb Code    34  _sgetc.o(.text)
    _strtoul                                 0x0800954d   Thumb Code   158  _strtoul.o(.text)
    _btod_etento                             0x080095ed   Thumb Code   222  bigflt0.o(.text)
    ferror                                   0x080096d1   Thumb Code     8  ferror.o(.text)
    _wcrtomb                                 0x080096d9   Thumb Code    64  _wcrtomb.o(.text)
    strcspn                                  0x08009719   Thumb Code    32  strcspn.o(.text)
    strspn                                   0x08009739   Thumb Code    28  strspn.o(.text)
    __user_setup_stackheap                   0x08009755   Thumb Code    74  sys_stackheap_outer.o(.text)
    _chval                                   0x0800979f   Thumb Code    28  _chval.o(.text)
    _scanf_really_real                       0x080099b5   Thumb Code   672  scanf_fp.o(.text)
    exit                                     0x08009c61   Thumb Code    12  exit.o(.text)
    _scanf_really_hex_real                   0x08009c6d   Thumb Code   776  scanf_hexfp.o(.text)
    _scanf_really_infnan                     0x08009f81   Thumb Code   298  scanf_infnan.o(.text)
    _btod_d2e                                0x0800a0bd   Thumb Code    62  btod.o(CL$$btod_d2e)
    _d2e_denorm_low                          0x0800a0fb   Thumb Code    70  btod.o(CL$$btod_d2e_denorm_low)
    _d2e_norm_op1                            0x0800a141   Thumb Code    96  btod.o(CL$$btod_d2e_norm_op1)
    __btod_div_common                        0x0800a1a1   Thumb Code   696  btod.o(CL$$btod_div_common)
    _e2d                                     0x0800a4d9   Thumb Code    80  btod.o(CL$$btod_e2d)
    _e2e                                     0x0800a52d   Thumb Code   198  btod.o(CL$$btod_e2e)
    _btod_ediv                               0x0800a5f3   Thumb Code    40  btod.o(CL$$btod_ediv)
    _btod_edivd                              0x0800a61b   Thumb Code    40  btod.o(CL$$btod_edivd)
    _btod_emul                               0x0800a643   Thumb Code    40  btod.o(CL$$btod_emul)
    _btod_emuld                              0x0800a66b   Thumb Code    40  btod.o(CL$$btod_emuld)
    __btod_mult_common                       0x0800a693   Thumb Code   580  btod.o(CL$$btod_mult_common)
    __ARM_fpclassify                         0x0800a8d7   Thumb Code    40  fpclassify.o(i.__ARM_fpclassify)
    __mathlib_dbl_underflow                  0x0800a901   Thumb Code    10  dunder.o(i.__mathlib_dbl_underflow)
    __mathlib_narrow                         0x0800a911   Thumb Code    16  narrow.o(i.__mathlib_narrow)
    __mathlib_tofloat                        0x0800a921   Thumb Code   132  narrow.o(i.__mathlib_tofloat)
    __support_ldexp                          0x0800a9a9   Thumb Code    22  ldexp.o(i.__support_ldexp)
    _is_digit                                0x0800a9bf   Thumb Code    14  __printf_wp.o(i._is_digit)
    atof                                     0x0800a9cd   Thumb Code    42  atof.o(i.atof)
    frexp                                    0x0800a9f9   Thumb Code    80  frexp.o(i.frexp)
    ldexp                                    0x0800aa51   Thumb Code   126  ldexp.o(i.ldexp)
    _get_lc_numeric                          0x0800aad1   Thumb Code    44  lc_numeric_c.o(locale$$code)
    _get_lc_ctype                            0x0800aafd   Thumb Code    44  lc_ctype_c.o(locale$$code)
    __aeabi_d2f                              0x0800ab29   Thumb Code     0  d2f.o(x$fpl$d2f)
    _d2f                                     0x0800ab29   Thumb Code    98  d2f.o(x$fpl$d2f)
    __aeabi_dadd                             0x0800ab8d   Thumb Code     0  daddsub_clz.o(x$fpl$dadd)
    _dadd                                    0x0800ab8d   Thumb Code   332  daddsub_clz.o(x$fpl$dadd)
    __fpl_dcheck_NaN1                        0x0800acdd   Thumb Code    10  dcheck1.o(x$fpl$dcheck1)
    __fpl_dcmp_Inf                           0x0800aced   Thumb Code    24  dcmpi.o(x$fpl$dcmpinf)
    __aeabi_ddiv                             0x0800ad05   Thumb Code     0  ddiv.o(x$fpl$ddiv)
    _ddiv                                    0x0800ad05   Thumb Code   552  ddiv.o(x$fpl$ddiv)
    __aeabi_cdcmpeq                          0x0800afb5   Thumb Code     0  deqf.o(x$fpl$deqf)
    _dcmpeq                                  0x0800afb5   Thumb Code   120  deqf.o(x$fpl$deqf)
    __aeabi_d2uiz                            0x0800b02d   Thumb Code     0  dfixu.o(x$fpl$dfixu)
    _dfixu                                   0x0800b02d   Thumb Code    90  dfixu.o(x$fpl$dfixu)
    __aeabi_i2d                              0x0800b087   Thumb Code     0  dflt_clz.o(x$fpl$dflt)
    _dflt                                    0x0800b087   Thumb Code    46  dflt_clz.o(x$fpl$dflt)
    __aeabi_cdcmple                          0x0800b0b5   Thumb Code     0  dleqf.o(x$fpl$dleqf)
    _dcmple                                  0x0800b0b5   Thumb Code   120  dleqf.o(x$fpl$dleqf)
    __fpl_dcmple_InfNaN                      0x0800b117   Thumb Code     0  dleqf.o(x$fpl$dleqf)
    __aeabi_dmul                             0x0800b12d   Thumb Code     0  dmul.o(x$fpl$dmul)
    _dmul                                    0x0800b12d   Thumb Code   332  dmul.o(x$fpl$dmul)
    __fpl_dnaninf                            0x0800b281   Thumb Code   156  dnaninf.o(x$fpl$dnaninf)
    __fpl_dretinf                            0x0800b31d   Thumb Code    12  dretinf.o(x$fpl$dretinf)
    __aeabi_cdrcmple                         0x0800b329   Thumb Code     0  drleqf.o(x$fpl$drleqf)
    _drcmple                                 0x0800b329   Thumb Code   108  drleqf.o(x$fpl$drleqf)
    __aeabi_dsub                             0x0800b395   Thumb Code     0  daddsub_clz.o(x$fpl$dsub)
    _dsub                                    0x0800b395   Thumb Code   464  daddsub_clz.o(x$fpl$dsub)
    __aeabi_f2d                              0x0800b569   Thumb Code     0  f2d.o(x$fpl$f2d)
    _f2d                                     0x0800b569   Thumb Code    86  f2d.o(x$fpl$f2d)
    __aeabi_f2iz                             0x0800b5c1   Thumb Code     0  ffix.o(x$fpl$ffix)
    _ffix                                    0x0800b5c1   Thumb Code    54  ffix.o(x$fpl$ffix)
    __aeabi_f2uiz                            0x0800b5f9   Thumb Code     0  ffixu.o(x$fpl$ffixu)
    _ffixu                                   0x0800b5f9   Thumb Code    62  ffixu.o(x$fpl$ffixu)
    __aeabi_ui2f                             0x0800b639   Thumb Code     0  fflt_clz.o(x$fpl$ffltu)
    _ffltu                                   0x0800b639   Thumb Code    38  fflt_clz.o(x$fpl$ffltu)
    __aeabi_fmul                             0x0800b661   Thumb Code     0  fmul.o(x$fpl$fmul)
    _fmul                                    0x0800b661   Thumb Code   258  fmul.o(x$fpl$fmul)
    __fpl_fnaninf                            0x0800b763   Thumb Code   140  fnaninf.o(x$fpl$fnaninf)
    __fpl_fretinf                            0x0800b7ef   Thumb Code    10  fretinf.o(x$fpl$fretinf)
    _printf_fp_dec                           0x0800b7f9   Thumb Code     4  printf1.o(x$fpl$printf1)
    _printf_fp_hex                           0x0800b7fd   Thumb Code     4  printf2.o(x$fpl$printf2)
    __fpl_return_NaN                         0x0800b801   Thumb Code   100  retnan.o(x$fpl$retnan)
    __ARM_scalbn                             0x0800b865   Thumb Code    92  scalbn.o(x$fpl$scalbn)
    _scanf_real                              0x0800b8c1   Thumb Code     4  scanf1.o(x$fpl$scanf1)
    _scanf_hex_real                          0x0800b8c5   Thumb Code     4  scanf2.o(x$fpl$scanf2)
    _scanf_infnan                            0x0800b8c9   Thumb Code     4  scanf2.o(x$fpl$scanf2)
    __fpl_cmpreturn                          0x0800b8cd   Thumb Code    48  trapv.o(x$fpl$trapveneer)
    OSUnMapTbl                               0x0800b8fc   Data         256  os_core.o(.constdata)
    __I$use$fp                               0x0800b8fc   Number         0  usenofp.o(x$fpl$usenofp)
    Region$$Table$$Base                      0x0800bafc   Number         0  anon$$obj.o(Region$$Table)
    Region$$Table$$Limit                     0x0800bb1c   Number         0  anon$$obj.o(Region$$Table)
    __aeabi_HUGE_VAL                         0x0800bb1c   Data           0  fpconst.o(c$$dinf)
    __aeabi_HUGE_VALL                        0x0800bb1c   Data           0  fpconst.o(c$$dinf)
    __aeabi_INFINITY                         0x0800bb1c   Data           0  fpconst.o(c$$dinf)
    __dInf                                   0x0800bb1c   Data           0  fpconst.o(c$$dinf)
    __huge_val                               0x0800bb1c   Data           0  fpconst.o(c$$dinf)
    __ctype                                  0x0800bb4d   Data           0  lc_ctype_c.o(locale$$data)
    sem_lcd                                  0x20000000   Data           4  main.o(.data)
    SystemCoreClock                          0x20000004   Data           4  system_stm32f10x.o(.data)
    AHBPrescTable                            0x20000008   Data          16  system_stm32f10x.o(.data)
    shijian                                  0x20000018   Data           1  timer.o(.data)
    Times                                    0x2000001a   Data           2  timer.o(.data)
    Time_UART1                               0x2000001c   Data           1  timer.o(.data)
    Time_UART2                               0x2000001d   Data           1  timer.o(.data)
    Time_UART3                               0x2000001e   Data           1  timer.o(.data)
    Time_miao                                0x20000020   Data           4  timer.o(.data)
    Gps_time                                 0x20000024   Data           1  timer.o(.data)
    Gps_flag                                 0x20000025   Data           1  timer.o(.data)
    Conn_miao                                0x20000026   Data           1  timer.o(.data)
    Data_miao                                0x20000027   Data           1  timer.o(.data)
    Time_fac                                 0x20000028   Data           1  timer.o(.data)
    Time_filter                              0x20000029   Data           1  timer.o(.data)
    Order_miao                               0x2000002a   Data           1  timer.o(.data)
    Reconn_miao                              0x2000002b   Data           1  timer.o(.data)
    Timer0_start                             0x2000002c   Data           1  timer.o(.data)
    Uart2_Start                              0x2000002d   Data           1  timer.o(.data)
    Uart2_End                                0x2000002e   Data           1  timer.o(.data)
    Uart3_Start                              0x2000002f   Data           1  timer.o(.data)
    Uart3_End                                0x20000030   Data           1  timer.o(.data)
    USART_RX_STA                             0x20000034   Data           2  usart.o(.data)
    USART_RX_STA2                            0x20000036   Data           2  usart.o(.data)
    First_Int3                               0x20000038   Data           1  usart.o(.data)
    First_Int                                0x20000039   Data           1  usart.o(.data)
    __stdout                                 0x2000003c   Data           4  usart.o(.data)
    len                                      0x20000040   Data           2  gprs_jiankong.o(.data)
    ip_length                                0x20000042   Data           1  gprs_jiankong.o(.data)
    hex_year                                 0x20000043   Data           2  gprs_jiankong.o(.data)
    hex_month                                0x20000045   Data           2  gprs_jiankong.o(.data)
    hex_date                                 0x20000047   Data           2  gprs_jiankong.o(.data)
    hex_hour                                 0x20000049   Data           2  gprs_jiankong.o(.data)
    hex_min                                  0x2000004b   Data           2  gprs_jiankong.o(.data)
    hex_sec                                  0x2000004d   Data           2  gprs_jiankong.o(.data)
    year_t                                   0x2000004f   Data           2  gprs_jiankong.o(.data)
    month_t                                  0x20000051   Data           2  gprs_jiankong.o(.data)
    date_t                                   0x20000053   Data           2  gprs_jiankong.o(.data)
    hour_t                                   0x20000055   Data           2  gprs_jiankong.o(.data)
    min_t                                    0x20000057   Data           2  gprs_jiankong.o(.data)
    sec_t                                    0x20000059   Data           2  gprs_jiankong.o(.data)
    SCV_BIT                                  0x2000005c   Data           1  max31855.o(.data)
    SCG_BIT                                  0x2000005d   Data           1  max31855.o(.data)
    OC_BIT                                   0x2000005e   Data           1  max31855.o(.data)
    FAULT                                    0x2000005f   Data           1  max31855.o(.data)
    tmprtr                                   0x20000060   Data           4  max31855.o(.data)
    ntrnl_tmprtr                             0x20000064   Data           4  max31855.o(.data)
    tmprtr_m                                 0x20000068   Data           4  max31855.o(.data)
    ntrnl_tmprtr_m                           0x2000006c   Data           4  max31855.o(.data)
    tmprtr_b                                 0x20000070   Data           4  max31855.o(.data)
    ntrnl_tmprtr_b                           0x20000074   Data           4  max31855.o(.data)
    cj_len                                   0x20000078   Data           2  filter.o(.data)
    id_len                                   0x2000007a   Data           2  filter.o(.data)
    gps_course                               0x2000007c   Data           5  filter.o(.data)
    OSCtxSwCtr                               0x200000ac   Data           4  os_core.o(.data)
    OSEventFreeList                          0x200000b0   Data           4  os_core.o(.data)
    OSFlagFreeList                           0x200000b4   Data           4  os_core.o(.data)
    OSCPUUsage                               0x200000b8   Data           1  os_core.o(.data)
    OSIdleCtrMax                             0x200000bc   Data           4  os_core.o(.data)
    OSIdleCtrRun                             0x200000c0   Data           4  os_core.o(.data)
    OSStatRdy                                0x200000c4   Data           1  os_core.o(.data)
    OSIntNesting                             0x200000c5   Data           1  os_core.o(.data)
    OSLockNesting                            0x200000c6   Data           1  os_core.o(.data)
    OSPrioCur                                0x200000c7   Data           1  os_core.o(.data)
    OSPrioHighRdy                            0x200000c8   Data           1  os_core.o(.data)
    OSRdyGrp                                 0x200000c9   Data           1  os_core.o(.data)
    OSRdyTbl                                 0x200000ca   Data           8  os_core.o(.data)
    OSRunning                                0x200000d2   Data           1  os_core.o(.data)
    OSTaskCtr                                0x200000d3   Data           1  os_core.o(.data)
    OSIdleCtr                                0x200000d4   Data           4  os_core.o(.data)
    OSTCBCur                                 0x200000d8   Data           4  os_core.o(.data)
    OSTCBFreeList                            0x200000dc   Data           4  os_core.o(.data)
    OSTCBHighRdy                             0x200000e0   Data           4  os_core.o(.data)
    OSTCBList                                0x200000e4   Data           4  os_core.o(.data)
    OSTickStepState                          0x200000e8   Data           1  os_core.o(.data)
    OSQFreeList                              0x200000ec   Data           4  os_core.o(.data)
    OSTime                                   0x200000f0   Data           4  os_core.o(.data)
    START_TASK_STK                           0x200000f8   Data         256  main.o(.bss)
    LCD_TASK_STK                             0x200001f8   Data         512  main.o(.bss)
    DATA_TASK_STK                            0x200003f8   Data        1024  main.o(.bss)
    FILTER_TASK_STK                          0x200007f8   Data        2048  main.o(.bss)
    STMFLASH_BUF                             0x20000ff8   Data        1024  flash.o(.bss)
    USART_RX_BUF                             0x200013f8   Data         200  usart.o(.bss)
    USART_RX_BUF2                            0x200014c0   Data         200  usart.o(.bss)
    Uart1_Buf                                0x20001588   Data         128  usart.o(.bss)
    Uart2_Buf                                0x20001608   Data         256  usart.o(.bss)
    Uart3_Buf                                0x20001708   Data         128  usart.o(.bss)
    device_num                               0x20001788   Data          20  gprs_jiankong.o(.bss)
    phone_num                                0x2000179c   Data          20  gprs_jiankong.o(.bss)
    ip_data                                  0x200017b0   Data          20  gprs_jiankong.o(.bss)
    ip                                       0x200017c4   Data          30  gprs_jiankong.o(.bss)
    port                                     0x200017e2   Data          20  gprs_jiankong.o(.bss)
    filter_buf                               0x200017f6   Data         128  filter.o(.bss)
    cjip                                     0x20001876   Data          60  filter.o(.bss)
    gps_time                                 0x200018b2   Data          15  filter.o(.bss)
    gps_longitude                            0x200018c1   Data          10  filter.o(.bss)
    gps_latitude                             0x200018cb   Data          10  filter.o(.bss)
    gps_speed                                0x200018d5   Data          10  filter.o(.bss)
    press1                                   0x200018df   Data          10  lcd_rl.o(.bss)
    press2                                   0x200018e9   Data          10  lcd_rl.o(.bss)
    press3                                   0x200018f3   Data          10  lcd_rl.o(.bss)
    temp1                                    0x200018fd   Data          10  lcd_rl.o(.bss)
    temp2                                    0x20001907   Data          10  lcd_rl.o(.bss)
    temp3                                    0x20001911   Data          10  lcd_rl.o(.bss)
    OSEventTbl                               0x2000191c   Data         200  os_core.o(.bss)
    OSFlagTbl                                0x200019e4   Data          80  os_core.o(.bss)
    OSTaskStatStk                            0x20001a34   Data         512  os_core.o(.bss)
    OSTaskIdleStk                            0x20001c34   Data         512  os_core.o(.bss)
    OSTCBPrioTbl                             0x20001e34   Data         256  os_core.o(.bss)
    OSTCBTbl                                 0x20001f34   Data        1008  os_core.o(.bss)
    OSQTbl                                   0x20002324   Data         120  os_core.o(.bss)
    __libspace_start                         0x2000239c   Data          96  libspace.o(.bss)
    __temporary_stack_top$libspace           0x200023fc   Data           0  libspace.o(.bss)



==============================================================================

Memory Map of the image

  Image Entry point : 0x08000131

  Load Region LR_IROM1 (Base: 0x08000000, Size: 0x0000bd48, Max: 0x00020000, ABSOLUTE)

    Execution Region ER_IROM1 (Base: 0x08000000, Size: 0x0000bc50, Max: 0x00020000, ABSOLUTE)

    Base Addr    Size         Type   Attr      Idx    E Section Name        Object

    0x08000000   0x00000130   Data   RO          705    RESET               startup_stm32f10x_hd.o
    0x08000130   0x00000008   Code   RO         1083  * !!!main             c_w.l(__main.o)
    0x08000138   0x00000034   Code   RO         1550    !!!scatter          c_w.l(__scatter.o)
    0x0800016c   0x0000001a   Code   RO         1552    !!handler_copy      c_w.l(__scatter_copy.o)
    0x08000186   0x00000002   PAD
    0x08000188   0x0000001c   Code   RO         1554    !!handler_zi        c_w.l(__scatter_zi.o)
    0x080001a4   0x00000000   Code   RO         1051    .ARM.Collect$$_printf_percent$$00000000  c_w.l(_printf_percent.o)
    0x080001a4   0x00000006   Code   RO         1192    .ARM.Collect$$_printf_percent$$00000001  c_w.l(_printf_n.o)
    0x080001aa   0x00000006   Code   RO         1194    .ARM.Collect$$_printf_percent$$00000002  c_w.l(_printf_p.o)
    0x080001b0   0x00000006   Code   RO         1050    .ARM.Collect$$_printf_percent$$00000003  c_w.l(_printf_f.o)
    0x080001b6   0x00000006   Code   RO         1197    .ARM.Collect$$_printf_percent$$00000004  c_w.l(_printf_e.o)
    0x080001bc   0x00000006   Code   RO         1198    .ARM.Collect$$_printf_percent$$00000005  c_w.l(_printf_g.o)
    0x080001c2   0x00000006   Code   RO         1199    .ARM.Collect$$_printf_percent$$00000006  c_w.l(_printf_a.o)
    0x080001c8   0x0000000a   Code   RO         1204    .ARM.Collect$$_printf_percent$$00000007  c_w.l(_printf_ll.o)
    0x080001d2   0x00000006   Code   RO         1048    .ARM.Collect$$_printf_percent$$00000008  c_w.l(_printf_i.o)
    0x080001d8   0x00000006   Code   RO         1049    .ARM.Collect$$_printf_percent$$00000009  c_w.l(_printf_d.o)
    0x080001de   0x00000006   Code   RO         1196    .ARM.Collect$$_printf_percent$$0000000A  c_w.l(_printf_u.o)
    0x080001e4   0x00000006   Code   RO         1195    .ARM.Collect$$_printf_percent$$0000000B  c_w.l(_printf_o.o)
    0x080001ea   0x00000006   Code   RO         1193    .ARM.Collect$$_printf_percent$$0000000C  c_w.l(_printf_x.o)
    0x080001f0   0x00000006   Code   RO         1201    .ARM.Collect$$_printf_percent$$0000000D  c_w.l(_printf_lli.o)
    0x080001f6   0x00000006   Code   RO         1202    .ARM.Collect$$_printf_percent$$0000000E  c_w.l(_printf_lld.o)
    0x080001fc   0x00000006   Code   RO         1203    .ARM.Collect$$_printf_percent$$0000000F  c_w.l(_printf_llu.o)
    0x08000202   0x00000006   Code   RO         1208    .ARM.Collect$$_printf_percent$$00000010  c_w.l(_printf_llo.o)
    0x08000208   0x00000006   Code   RO         1209    .ARM.Collect$$_printf_percent$$00000011  c_w.l(_printf_llx.o)
    0x0800020e   0x0000000a   Code   RO         1205    .ARM.Collect$$_printf_percent$$00000012  c_w.l(_printf_l.o)
    0x08000218   0x00000006   Code   RO         1191    .ARM.Collect$$_printf_percent$$00000013  c_w.l(_printf_c.o)
    0x0800021e   0x00000006   Code   RO         1047    .ARM.Collect$$_printf_percent$$00000014  c_w.l(_printf_s.o)
    0x08000224   0x00000006   Code   RO         1206    .ARM.Collect$$_printf_percent$$00000015  c_w.l(_printf_lc.o)
    0x0800022a   0x00000006   Code   RO         1207    .ARM.Collect$$_printf_percent$$00000016  c_w.l(_printf_ls.o)
    0x08000230   0x00000004   Code   RO         1200    .ARM.Collect$$_printf_percent$$00000017  c_w.l(_printf_percent_end.o)
    0x08000234   0x00000002   Code   RO         1348    .ARM.Collect$$libinit$$00000000  c_w.l(libinit.o)
    0x08000236   0x00000000   Code   RO         1350    .ARM.Collect$$libinit$$00000002  c_w.l(libinit2.o)
    0x08000236   0x00000000   Code   RO         1353    .ARM.Collect$$libinit$$00000008  c_w.l(libinit2.o)
    0x08000236   0x00000000   Code   RO         1355    .ARM.Collect$$libinit$$0000000A  c_w.l(libinit2.o)
    0x08000236   0x00000000   Code   RO         1357    .ARM.Collect$$libinit$$0000000C  c_w.l(libinit2.o)
    0x08000236   0x00000006   Code   RO         1358    .ARM.Collect$$libinit$$0000000D  c_w.l(libinit2.o)
    0x0800023c   0x00000000   Code   RO         1360    .ARM.Collect$$libinit$$0000000F  c_w.l(libinit2.o)
    0x0800023c   0x0000000c   Code   RO         1361    .ARM.Collect$$libinit$$00000010  c_w.l(libinit2.o)
    0x08000248   0x00000000   Code   RO         1362    .ARM.Collect$$libinit$$00000011  c_w.l(libinit2.o)
    0x08000248   0x00000000   Code   RO         1364    .ARM.Collect$$libinit$$00000013  c_w.l(libinit2.o)
    0x08000248   0x0000000a   Code   RO         1365    .ARM.Collect$$libinit$$00000014  c_w.l(libinit2.o)
    0x08000252   0x00000000   Code   RO         1366    .ARM.Collect$$libinit$$00000015  c_w.l(libinit2.o)
    0x08000252   0x00000000   Code   RO         1368    .ARM.Collect$$libinit$$00000017  c_w.l(libinit2.o)
    0x08000252   0x00000000   Code   RO         1370    .ARM.Collect$$libinit$$00000019  c_w.l(libinit2.o)
    0x08000252   0x00000000   Code   RO         1372    .ARM.Collect$$libinit$$0000001B  c_w.l(libinit2.o)
    0x08000252   0x00000000   Code   RO         1374    .ARM.Collect$$libinit$$0000001D  c_w.l(libinit2.o)
    0x08000252   0x00000000   Code   RO         1376    .ARM.Collect$$libinit$$0000001F  c_w.l(libinit2.o)
    0x08000252   0x00000000   Code   RO         1378    .ARM.Collect$$libinit$$00000021  c_w.l(libinit2.o)
    0x08000252   0x00000000   Code   RO         1380    .ARM.Collect$$libinit$$00000023  c_w.l(libinit2.o)
    0x08000252   0x00000000   Code   RO         1384    .ARM.Collect$$libinit$$0000002A  c_w.l(libinit2.o)
    0x08000252   0x00000000   Code   RO         1386    .ARM.Collect$$libinit$$0000002C  c_w.l(libinit2.o)
    0x08000252   0x00000000   Code   RO         1388    .ARM.Collect$$libinit$$0000002E  c_w.l(libinit2.o)
    0x08000252   0x00000000   Code   RO         1390    .ARM.Collect$$libinit$$00000030  c_w.l(libinit2.o)
    0x08000252   0x00000002   Code   RO         1391    .ARM.Collect$$libinit$$00000031  c_w.l(libinit2.o)
    0x08000254   0x00000002   Code   RO         1474    .ARM.Collect$$libshutdown$$00000000  c_w.l(libshutdown.o)
    0x08000256   0x00000000   Code   RO         1502    .ARM.Collect$$libshutdown$$00000003  c_w.l(libshutdown2.o)
    0x08000256   0x00000000   Code   RO         1505    .ARM.Collect$$libshutdown$$00000006  c_w.l(libshutdown2.o)
    0x08000256   0x00000000   Code   RO         1508    .ARM.Collect$$libshutdown$$00000009  c_w.l(libshutdown2.o)
    0x08000256   0x00000000   Code   RO         1510    .ARM.Collect$$libshutdown$$0000000B  c_w.l(libshutdown2.o)
    0x08000256   0x00000000   Code   RO         1513    .ARM.Collect$$libshutdown$$0000000E  c_w.l(libshutdown2.o)
    0x08000256   0x00000002   Code   RO         1514    .ARM.Collect$$libshutdown$$0000000F  c_w.l(libshutdown2.o)
    0x08000258   0x00000000   Code   RO         1135    .ARM.Collect$$rtentry$$00000000  c_w.l(rtentry.o)
    0x08000258   0x00000000   Code   RO         1235    .ARM.Collect$$rtentry$$00000002  c_w.l(rtentry2.o)
    0x08000258   0x00000006   Code   RO         1247    .ARM.Collect$$rtentry$$00000004  c_w.l(rtentry4.o)
    0x0800025e   0x00000000   Code   RO         1237    .ARM.Collect$$rtentry$$00000009  c_w.l(rtentry2.o)
    0x0800025e   0x00000004   Code   RO         1238    .ARM.Collect$$rtentry$$0000000A  c_w.l(rtentry2.o)
    0x08000262   0x00000000   Code   RO         1240    .ARM.Collect$$rtentry$$0000000C  c_w.l(rtentry2.o)
    0x08000262   0x00000008   Code   RO         1241    .ARM.Collect$$rtentry$$0000000D  c_w.l(rtentry2.o)
    0x0800026a   0x00000002   Code   RO         1392    .ARM.Collect$$rtexit$$00000000  c_w.l(rtexit.o)
    0x0800026c   0x00000000   Code   RO         1440    .ARM.Collect$$rtexit$$00000002  c_w.l(rtexit2.o)
    0x0800026c   0x00000004   Code   RO         1441    .ARM.Collect$$rtexit$$00000003  c_w.l(rtexit2.o)
    0x08000270   0x00000006   Code   RO         1442    .ARM.Collect$$rtexit$$00000004  c_w.l(rtexit2.o)
    0x08000276   0x00000002   PAD
    0x08000278   0x000001a8   Code   RO            1    .text               main.o
    0x08000420   0x000001c8   Code   RO          132    .text               system_stm32f10x.o
    0x080005e8   0x00000016   Code   RO          163    .text               stm32f10x_it.o
    0x080005fe   0x00000002   PAD
    0x08000600   0x000000b0   Code   RO          182    .text               led.o
    0x080006b0   0x00000144   Code   RO          194    .text               flash.o
    0x080007f4   0x000003a4   Code   RO          215    .text               gsm.o
    0x08000b98   0x000002ac   Code   RO          234    .text               pressure.o
    0x08000e44   0x000003d8   Code   RO          253    .text               radix.o
    0x0800121c   0x00000190   Code   RO          283    .text               timer.o
    0x080013ac   0x000004d0   Code   RO          305    .text               usart.o
    0x0800187c   0x00000e70   Code   RO          332    .text               gprs_jiankong.o
    0x080026ec   0x00000408   Code   RO          411    .text               max31855.o
    0x08002af4   0x00000788   Code   RO          443    .text               filter.o
    0x0800327c   0x00000158   Code   RO          481    .text               proto.o
    0x080033d4   0x0000027c   Code   RO          495    .text               lcd_rl.o
    0x08003650   0x000000f4   Code   RO          666    .text               delay.o
    0x08003744   0x0000008c   Code   RO          680    .text               sys.o
    0x080037d0   0x00000040   Code   RO          706    .text               startup_stm32f10x_hd.o
    0x08003810   0x000000dc   Code   RO          710    .text               misc.o
    0x080038ec   0x00000358   Code   RO          737    .text               stm32f10x_gpio.o
    0x08003c44   0x0000039c   Code   RO          749    .text               stm32f10x_rcc.o
    0x08003fe0   0x00000408   Code   RO          763    .text               stm32f10x_usart.o
    0x080043e8   0x00000e1a   Code   RO          790    .text               stm32f10x_tim.o
    0x08005202   0x00000002   PAD
    0x08005204   0x000005b4   Code   RO          802    .text               stm32f10x_flash.o
    0x080057b8   0x0000043c   Code   RO          826    .text               stm32f10x_adc.o
    0x08005bf4   0x000008ac   Code   RO          853    .text               os_core.o
    0x080064a0   0x00000818   Code   RO          873    .text               os_flag.o
    0x08006cb8   0x000005e8   Code   RO          915    .text               os_q.o
    0x080072a0   0x0000038c   Code   RO          927    .text               os_sem.o
    0x0800762c   0x000007cc   Code   RO          939    .text               os_task.o
    0x08007df8   0x000001b8   Code   RO          951    .text               os_time.o
    0x08007fb0   0x000000b4   Code   RO          969    .text               os_cpu_a.o
    0x08008064   0x000000ae   Code   RO          972    .text               os_cpu_c.o
    0x08008112   0x00000002   Code   RO         1005    .text               c_w.l(use_no_semi_2.o)
    0x08008114   0x00000026   Code   RO         1007    .text               c_w.l(llshl.o)
    0x0800813a   0x00000002   PAD
    0x0800813c   0x00000018   Code   RO         1009    .text               c_w.l(printf.o)
    0x08008154   0x00000018   Code   RO         1011    .text               c_w.l(__2printf.o)
    0x0800816c   0x0000002c   Code   RO         1013    .text               c_w.l(__2sprintf.o)
    0x08008198   0x00000052   Code   RO         1021    .text               c_w.l(_printf_pad.o)
    0x080081ea   0x00000052   Code   RO         1023    .text               c_w.l(_printf_str.o)
    0x0800823c   0x00000078   Code   RO         1025    .text               c_w.l(_printf_dec.o)
    0x080082b4   0x0000018c   Code   RO         1044    .text               c_w.l(__printf_flags_ss_wp.o)
    0x08008440   0x0000001a   Code   RO         1052    .text               c_w.l(atoi.o)
    0x0800845a   0x00000002   PAD
    0x0800845c   0x0000000c   Code   RO         1054    .text               c_w.l(strtok.o)
    0x08008468   0x00000024   Code   RO         1057    .text               c_w.l(strstr.o)
    0x0800848c   0x00000048   Code   RO         1061    .text               c_w.l(strcpy.o)
    0x080084d4   0x0000003e   Code   RO         1063    .text               c_w.l(strlen.o)
    0x08008512   0x00000018   Code   RO         1065    .text               c_w.l(strcat.o)
    0x0800852a   0x0000008a   Code   RO         1067    .text               c_w.l(rt_memcpy_v6.o)
    0x080085b4   0x00000064   Code   RO         1069    .text               c_w.l(rt_memcpy_w.o)
    0x08008618   0x00000044   Code   RO         1073    .text               c_w.l(rt_memclr.o)
    0x0800865c   0x0000004e   Code   RO         1075    .text               c_w.l(rt_memclr_w.o)
    0x080086aa   0x00000002   PAD
    0x080086ac   0x00000080   Code   RO         1079    .text               c_w.l(strcmpv7m.o)
    0x0800872c   0x00000006   Code   RO         1081    .text               c_w.l(heapauxi.o)
    0x08008732   0x00000002   Code   RO         1133    .text               c_w.l(use_no_semi.o)
    0x08008734   0x00000008   Code   RO         1139    .text               c_w.l(rt_errno_addr_intlibspace.o)
    0x0800873c   0x00000016   Code   RO         1141    .text               c_w.l(_rserrno.o)
    0x08008752   0x00000024   Code   RO         1143    .text               c_w.l(_printf_truncate.o)
    0x08008776   0x000000b8   Code   RO         1145    .text               c_w.l(_printf_intcommon.o)
    0x0800882e   0x0000002a   Code   RO         1147    .text               c_w.l(_printf_charcount.o)
    0x08008858   0x00000420   Code   RO         1149    .text               c_w.l(_printf_fp_dec.o)
    0x08008c78   0x00000030   Code   RO         1151    .text               c_w.l(_printf_char_common.o)
    0x08008ca8   0x0000000a   Code   RO         1153    .text               c_w.l(_sputc.o)
    0x08008cb2   0x0000002c   Code   RO         1155    .text               c_w.l(_printf_char.o)
    0x08008cde   0x00000002   PAD
    0x08008ce0   0x00000024   Code   RO         1157    .text               c_w.l(_printf_char_file.o)
    0x08008d04   0x000000bc   Code   RO         1159    .text               c_w.l(_printf_wctomb.o)
    0x08008dc0   0x00000078   Code   RO         1162    .text               c_w.l(_printf_longlong_dec.o)
    0x08008e38   0x00000078   Code   RO         1168    .text               c_w.l(_printf_oct_int_ll.o)
    0x08008eb0   0x0000009c   Code   RO         1188    .text               c_w.l(_printf_hex_int_ll_ptr.o)
    0x08008f4c   0x000000a0   Code   RO         1210    .text               c_w.l(strtod.o)
    0x08008fec   0x00000070   Code   RO         1212    .text               c_w.l(strtol.o)
    0x0800905c   0x00000044   Code   RO         1214    .text               c_w.l(strtok_int.o)
    0x080090a0   0x00000008   Code   RO         1231    .text               c_w.l(libspace.o)
    0x080090a8   0x00000010   Code   RO         1249    .text               c_w.l(rt_ctype_table.o)
    0x080090b8   0x00000008   Code   RO         1254    .text               c_w.l(rt_locale_intlibspace.o)
    0x080090c0   0x0000008a   Code   RO         1256    .text               c_w.l(lludiv10.o)
    0x0800914a   0x00000012   Code   RO         1258    .text               c_w.l(isspace.o)
    0x0800915c   0x00000304   Code   RO         1260    .text               c_w.l(_printf_fp_hex.o)
    0x08009460   0x00000080   Code   RO         1263    .text               c_w.l(_printf_fp_infnan.o)
    0x080094e0   0x0000002c   Code   RO         1267    .text               c_w.l(_printf_wchar.o)
    0x0800950c   0x00000040   Code   RO         1269    .text               c_w.l(_sgetc.o)
    0x0800954c   0x0000009e   Code   RO         1271    .text               c_w.l(_strtoul.o)
    0x080095ea   0x00000002   PAD
    0x080095ec   0x000000e4   Code   RO         1273    .text               c_w.l(bigflt0.o)
    0x080096d0   0x00000008   Code   RO         1298    .text               c_w.l(ferror.o)
    0x080096d8   0x00000040   Code   RO         1302    .text               c_w.l(_wcrtomb.o)
    0x08009718   0x00000020   Code   RO         1310    .text               c_w.l(strcspn.o)
    0x08009738   0x0000001c   Code   RO         1312    .text               c_w.l(strspn.o)
    0x08009754   0x0000004a   Code   RO         1320    .text               c_w.l(sys_stackheap_outer.o)
    0x0800979e   0x0000001c   Code   RO         1322    .text               c_w.l(_chval.o)
    0x080097ba   0x00000002   PAD
    0x080097bc   0x000004a4   Code   RO         1324    .text               c_w.l(scanf_fp.o)
    0x08009c60   0x0000000c   Code   RO         1341    .text               c_w.l(exit.o)
    0x08009c6c   0x00000314   Code   RO         1448    .text               c_w.l(scanf_hexfp.o)
    0x08009f80   0x0000013c   Code   RO         1450    .text               c_w.l(scanf_infnan.o)
    0x0800a0bc   0x0000003e   Code   RO         1276    CL$$btod_d2e        c_w.l(btod.o)
    0x0800a0fa   0x00000046   Code   RO         1278    CL$$btod_d2e_denorm_low  c_w.l(btod.o)
    0x0800a140   0x00000060   Code   RO         1277    CL$$btod_d2e_norm_op1  c_w.l(btod.o)
    0x0800a1a0   0x00000338   Code   RO         1286    CL$$btod_div_common  c_w.l(btod.o)
    0x0800a4d8   0x00000054   Code   RO         1284    CL$$btod_e2d        c_w.l(btod.o)
    0x0800a52c   0x000000c6   Code   RO         1283    CL$$btod_e2e        c_w.l(btod.o)
    0x0800a5f2   0x00000028   Code   RO         1280    CL$$btod_ediv       c_w.l(btod.o)
    0x0800a61a   0x00000028   Code   RO         1282    CL$$btod_edivd      c_w.l(btod.o)
    0x0800a642   0x00000028   Code   RO         1279    CL$$btod_emul       c_w.l(btod.o)
    0x0800a66a   0x00000028   Code   RO         1281    CL$$btod_emuld      c_w.l(btod.o)
    0x0800a692   0x00000244   Code   RO         1285    CL$$btod_mult_common  c_w.l(btod.o)
    0x0800a8d6   0x00000028   Code   RO         1318    i.__ARM_fpclassify  m_ws.l(fpclassify.o)
    0x0800a8fe   0x00000002   PAD
    0x0800a900   0x00000010   Code   RO         1517    i.__mathlib_dbl_underflow  m_ws.l(dunder.o)
    0x0800a910   0x00000010   Code   RO         1433    i.__mathlib_narrow  m_ws.l(narrow.o)
    0x0800a920   0x00000088   Code   RO         1434    i.__mathlib_tofloat  m_ws.l(narrow.o)
    0x0800a9a8   0x00000016   Code   RO         1482    i.__support_ldexp   m_ws.l(ldexp.o)
    0x0800a9be   0x0000000e   Code   RO         1037    i._is_digit         c_w.l(__printf_wp.o)
    0x0800a9cc   0x0000002a   Code   RO         1130    i.atof              m_ws.l(atof.o)
    0x0800a9f6   0x00000002   PAD
    0x0800a9f8   0x00000058   Code   RO         1461    i.frexp             m_ws.l(frexp.o)
    0x0800aa50   0x0000007e   Code   RO         1483    i.ldexp             m_ws.l(ldexp.o)
    0x0800aace   0x00000002   PAD
    0x0800aad0   0x0000002c   Code   RO         1305    locale$$code        c_w.l(lc_numeric_c.o)
    0x0800aafc   0x0000002c   Code   RO         1336    locale$$code        c_w.l(lc_ctype_c.o)
    0x0800ab28   0x00000062   Code   RO         1085    x$fpl$d2f           fz_ws.l(d2f.o)
    0x0800ab8a   0x00000002   PAD
    0x0800ab8c   0x00000150   Code   RO         1087    x$fpl$dadd          fz_ws.l(daddsub_clz.o)
    0x0800acdc   0x00000010   Code   RO         1515    x$fpl$dcheck1       fz_ws.l(dcheck1.o)
    0x0800acec   0x00000018   Code   RO         1475    x$fpl$dcmpinf       fz_ws.l(dcmpi.o)
    0x0800ad04   0x000002b0   Code   RO         1094    x$fpl$ddiv          fz_ws.l(ddiv.o)
    0x0800afb4   0x00000078   Code   RO         1456    x$fpl$deqf          fz_ws.l(deqf.o)
    0x0800b02c   0x0000005a   Code   RO         1097    x$fpl$dfixu         fz_ws.l(dfixu.o)
    0x0800b086   0x0000002e   Code   RO         1102    x$fpl$dflt          fz_ws.l(dflt_clz.o)
    0x0800b0b4   0x00000078   Code   RO         1477    x$fpl$dleqf         fz_ws.l(dleqf.o)
    0x0800b12c   0x00000154   Code   RO         1107    x$fpl$dmul          fz_ws.l(dmul.o)
    0x0800b280   0x0000009c   Code   RO         1216    x$fpl$dnaninf       fz_ws.l(dnaninf.o)
    0x0800b31c   0x0000000c   Code   RO         1218    x$fpl$dretinf       fz_ws.l(dretinf.o)
    0x0800b328   0x0000006c   Code   RO         1458    x$fpl$drleqf        fz_ws.l(drleqf.o)
    0x0800b394   0x000001d4   Code   RO         1089    x$fpl$dsub          fz_ws.l(daddsub_clz.o)
    0x0800b568   0x00000056   Code   RO         1109    x$fpl$f2d           fz_ws.l(f2d.o)
    0x0800b5be   0x00000002   PAD
    0x0800b5c0   0x00000036   Code   RO         1111    x$fpl$ffix          fz_ws.l(ffix.o)
    0x0800b5f6   0x00000002   PAD
    0x0800b5f8   0x0000003e   Code   RO         1115    x$fpl$ffixu         fz_ws.l(ffixu.o)
    0x0800b636   0x00000002   PAD
    0x0800b638   0x00000026   Code   RO         1119    x$fpl$ffltu         fz_ws.l(fflt_clz.o)
    0x0800b65e   0x00000002   PAD
    0x0800b660   0x00000102   Code   RO         1125    x$fpl$fmul          fz_ws.l(fmul.o)
    0x0800b762   0x0000008c   Code   RO         1220    x$fpl$fnaninf       fz_ws.l(fnaninf.o)
    0x0800b7ee   0x0000000a   Code   RO         1222    x$fpl$fretinf       fz_ws.l(fretinf.o)
    0x0800b7f8   0x00000004   Code   RO         1127    x$fpl$printf1       fz_ws.l(printf1.o)
    0x0800b7fc   0x00000004   Code   RO         1224    x$fpl$printf2       fz_ws.l(printf2.o)
    0x0800b800   0x00000064   Code   RO         1524    x$fpl$retnan        fz_ws.l(retnan.o)
    0x0800b864   0x0000005c   Code   RO         1479    x$fpl$scalbn        fz_ws.l(scalbn.o)
    0x0800b8c0   0x00000004   Code   RO         1316    x$fpl$scanf1        fz_ws.l(scanf1.o)
    0x0800b8c4   0x00000008   Code   RO         1427    x$fpl$scanf2        fz_ws.l(scanf2.o)
    0x0800b8cc   0x00000030   Code   RO         1530    x$fpl$trapveneer    fz_ws.l(trapv.o)
    0x0800b8fc   0x00000000   Code   RO         1230    x$fpl$usenofp       fz_ws.l(usenofp.o)
    0x0800b8fc   0x00000100   Data   RO          855    .constdata          os_core.o
    0x0800b9fc   0x00000011   Data   RO         1045    .constdata          c_w.l(__printf_flags_ss_wp.o)
    0x0800ba0d   0x00000003   PAD
    0x0800ba10   0x00000008   Data   RO         1160    .constdata          c_w.l(_printf_wctomb.o)
    0x0800ba18   0x00000028   Data   RO         1189    .constdata          c_w.l(_printf_hex_int_ll_ptr.o)
    0x0800ba40   0x00000026   Data   RO         1261    .constdata          c_w.l(_printf_fp_hex.o)
    0x0800ba66   0x00000002   PAD
    0x0800ba68   0x00000094   Data   RO         1274    .constdata          c_w.l(bigflt0.o)
    0x0800bafc   0x00000020   Data   RO         1548    Region$$Table       anon$$obj.o
    0x0800bb1c   0x00000008   Data   RO         1422    c$$dinf             fz_ws.l(fpconst.o)
    0x0800bb24   0x0000001c   Data   RO         1304    locale$$data        c_w.l(lc_numeric_c.o)
    0x0800bb40   0x00000110   Data   RO         1335    locale$$data        c_w.l(lc_ctype_c.o)


    Execution Region RW_IRAM1 (Base: 0x20000000, Size: 0x00002a00, Max: 0x00005000, ABSOLUTE)

    Base Addr    Size         Type   Attr      Idx    E Section Name        Object

    0x20000000   0x00000004   Data   RW            3    .data               main.o
    0x20000004   0x00000014   Data   RW          133    .data               system_stm32f10x.o
    0x20000018   0x0000001a   Data   RW          284    .data               timer.o
    0x20000032   0x00000002   PAD
    0x20000034   0x0000000c   Data   RW          307    .data               usart.o
    0x20000040   0x0000001b   Data   RW          334    .data               gprs_jiankong.o
    0x2000005b   0x00000001   PAD
    0x2000005c   0x0000001c   Data   RW          412    .data               max31855.o
    0x20000078   0x00000009   Data   RW          445    .data               filter.o
    0x20000081   0x00000003   PAD
    0x20000084   0x0000000c   Data   RW          482    .data               proto.o
    0x20000090   0x00000004   Data   RW          497    .data               lcd_rl.o
    0x20000094   0x00000004   Data   RW          667    .data               delay.o
    0x20000098   0x00000014   Data   RW          750    .data               stm32f10x_rcc.o
    0x200000ac   0x00000048   Data   RW          856    .data               os_core.o
    0x200000f4   0x00000004   Data   RW         1055    .data               c_w.l(strtok.o)
    0x200000f8   0x00000f00   Zero   RW            2    .bss                main.o
    0x20000ff8   0x00000400   Zero   RW          195    .bss                flash.o
    0x200013f8   0x00000390   Zero   RW          306    .bss                usart.o
    0x20001788   0x0000006e   Zero   RW          333    .bss                gprs_jiankong.o
    0x200017f6   0x000000e9   Zero   RW          444    .bss                filter.o
    0x200018df   0x0000003c   Zero   RW          496    .bss                lcd_rl.o
    0x2000191b   0x00000001   PAD
    0x2000191c   0x00000a80   Zero   RW          854    .bss                os_core.o
    0x2000239c   0x00000060   Zero   RW         1232    .bss                c_w.l(libspace.o)
    0x200023fc   0x00000004   PAD
    0x20002400   0x00000200   Zero   RW          704    HEAP                startup_stm32f10x_hd.o
    0x20002600   0x00000400   Zero   RW          703    STACK               startup_stm32f10x_hd.o


==============================================================================

Image component sizes


      Code (inc. data)   RO Data    RW Data    ZI Data      Debug   Object Name

         0          0          0          0          0         32   core_cm3.o
       244         20          0          4          0       1255   delay.o
      1928        566          0          9        233       2931   filter.o
       324          8          0          0       1024       8814   flash.o
      3696       1068          0         27        110       5172   gprs_jiankong.o
       932        352          0          0          0       2319   gsm.o
       636         36          0          4         60       3764   lcd_rl.o
       176          4          0          0          0       1557   led.o
       424         74          0          4       3840     243662   main.o
      1032         64          0         28          0       2566   max31855.o
       220         20          0          0          0       1757   misc.o
      2220        220        256         72       2688      14743   os_core.o
       180         36          0          0          0        292   os_cpu_a.o
       174          0          0          0          0      10310   os_cpu_c.o
      2072         40          0          0          0       6724   os_flag.o
      1512         30          0          0          0       5469   os_q.o
       908         18          0          0          0       3810   os_sem.o
      1996         70          0          0          0       7373   os_task.o
       440         30          0          0          0       1750   os_time.o
       684         44          0          0          0      10888   pressure.o
       344         14          0         12          0       1958   proto.o
       984         22          0          0          0       4333   radix.o
        64         26        304          0       1536        760   startup_stm32f10x_hd.o
      1084         26          0          0          0      10769   stm32f10x_adc.o
      1460         32          0          0          0       7974   stm32f10x_flash.o
       856         40          0          0          0       5601   stm32f10x_gpio.o
        22          0          0          0          0        975   stm32f10x_it.o
       924         44          0         20          0       8748   stm32f10x_rcc.o
      3610         88          0          0          0      22088   stm32f10x_tim.o
      1032         22          0          0          0       8328   stm32f10x_usart.o
       140          0          0          0          0        549   sys.o
       456         36          0         20          0       1679   system_stm32f10x.o
       400         56          0         26          0      22071   timer.o
      1232         64          0         12        912       6723   usart.o

    ----------------------------------------------------------------------
     32410       3170        592        244      10404     437744   Object Totals
         0          0         32          0          0          0   (incl. Generated)
         4          0          0          6          1          0   (incl. Padding)

    ----------------------------------------------------------------------

      Code (inc. data)   RO Data    RW Data    ZI Data      Debug   Library Member Name

        24          4          0          0          0         84   __2printf.o
        44          6          0          0          0         84   __2sprintf.o
         8          0          0          0          0         68   __main.o
       396          6         17          0          0         92   __printf_flags_ss_wp.o
        14          0          0          0          0         68   __printf_wp.o
        52          8          0          0          0          0   __scatter.o
        26          0          0          0          0          0   __scatter_copy.o
        28          0          0          0          0          0   __scatter_zi.o
        28          0          0          0          0         68   _chval.o
         6          0          0          0          0          0   _printf_a.o
         6          0          0          0          0          0   _printf_c.o
        44          0          0          0          0        108   _printf_char.o
        48          6          0          0          0         96   _printf_char_common.o
        36          4          0          0          0         80   _printf_char_file.o
        42          0          0          0          0         68   _printf_charcount.o
         6          0          0          0          0          0   _printf_d.o
       120         18          0          0          0         92   _printf_dec.o
         6          0          0          0          0          0   _printf_e.o
         6          0          0          0          0          0   _printf_f.o
      1056          0          0          0          0        212   _printf_fp_dec.o
       772         10         38          0          0        100   _printf_fp_hex.o
       128         16          0          0          0         84   _printf_fp_infnan.o
         6          0          0          0          0          0   _printf_g.o
       156          6         40          0          0        160   _printf_hex_int_ll_ptr.o
         6          0          0          0          0          0   _printf_i.o
       184          0          0          0          0         88   _printf_intcommon.o
        10          0          0          0          0          0   _printf_l.o
         6          0          0          0          0          0   _printf_lc.o
        10          0          0          0          0          0   _printf_ll.o
         6          0          0          0          0          0   _printf_lld.o
         6          0          0          0          0          0   _printf_lli.o
         6          0          0          0          0          0   _printf_llo.o
         6          0          0          0          0          0   _printf_llu.o
         6          0          0          0          0          0   _printf_llx.o
       120         16          0          0          0         92   _printf_longlong_dec.o
         6          0          0          0          0          0   _printf_ls.o
         6          0          0          0          0          0   _printf_n.o
         6          0          0          0          0          0   _printf_o.o
       120          8          0          0          0        124   _printf_oct_int_ll.o
         6          0          0          0          0          0   _printf_p.o
        82          0          0          0          0        108   _printf_pad.o
         0          0          0          0          0          0   _printf_percent.o
         4          0          0          0          0          0   _printf_percent_end.o
         6          0          0          0          0          0   _printf_s.o
        82          0          0          0          0         80   _printf_str.o
        36          0          0          0          0         84   _printf_truncate.o
         6          0          0          0          0          0   _printf_u.o
        44          0          0          0          0        108   _printf_wchar.o
       188          6          8          0          0         92   _printf_wctomb.o
         6          0          0          0          0          0   _printf_x.o
        22          0          0          0          0        100   _rserrno.o
        64          0          0          0          0         84   _sgetc.o
        10          0          0          0          0         68   _sputc.o
       158          0          0          0          0         92   _strtoul.o
        64          0          0          0          0         92   _wcrtomb.o
        26          0          0          0          0         80   atoi.o
       228          6        148          0          0         96   bigflt0.o
      2074        132          0          0          0        940   btod.o
        12          0          0          0          0         72   exit.o
         8          0          0          0          0         68   ferror.o
         6          0          0          0          0        152   heapauxi.o
        18          0          0          0          0         76   isspace.o
        44         10        272          0          0         76   lc_ctype_c.o
        44         10         28          0          0         76   lc_numeric_c.o
         2          0          0          0          0          0   libinit.o
        30          0          0          0          0          0   libinit2.o
         2          0          0          0          0          0   libshutdown.o
         2          0          0          0          0          0   libshutdown2.o
         8          4          0          0         96         68   libspace.o
        38          0          0          0          0         68   llshl.o
       138          0          0          0          0         80   lludiv10.o
        24          4          0          0          0         84   printf.o
        16          4          0          0          0         76   rt_ctype_table.o
         8          4          0          0          0         68   rt_errno_addr_intlibspace.o
         8          4          0          0          0         68   rt_locale_intlibspace.o
        68          0          0          0          0         68   rt_memclr.o
        78          0          0          0          0         80   rt_memclr_w.o
       138          0          0          0          0         68   rt_memcpy_v6.o
       100          0          0          0          0         80   rt_memcpy_w.o
         0          0          0          0          0          0   rtentry.o
        12          0          0          0          0          0   rtentry2.o
         6          0          0          0          0          0   rtentry4.o
         2          0          0          0          0          0   rtexit.o
        10          0          0          0          0          0   rtexit2.o
      1188         12          0          0          0        144   scanf_fp.o
       788         12          0          0          0         96   scanf_hexfp.o
       316         18          0          0          0         96   scanf_infnan.o
        24          0          0          0          0         68   strcat.o
       128          0          0          0          0         68   strcmpv7m.o
        72          0          0          0          0         80   strcpy.o
        32          0          0          0          0         80   strcspn.o
        62          0          0          0          0         76   strlen.o
        28          0          0          0          0         80   strspn.o
        36          0          0          0          0         80   strstr.o
       160         12          0          0          0        120   strtod.o
        12          6          0          4          0         68   strtok.o
        68          4          0          0          0         84   strtok_int.o
       112          0          0          0          0         88   strtol.o
        74          0          0          0          0         80   sys_stackheap_outer.o
         2          0          0          0          0         68   use_no_semi.o
         2          0          0          0          0         68   use_no_semi_2.o
        98          4          0          0          0         92   d2f.o
       804         16          0          0          0        280   daddsub_clz.o
        16          4          0          0          0         68   dcheck1.o
        24          0          0          0          0         68   dcmpi.o
       688        140          0          0          0        212   ddiv.o
       120          4          0          0          0         92   deqf.o
        90          4          0          0          0         92   dfixu.o
        46          0          0          0          0         68   dflt_clz.o
       120          4          0          0          0         92   dleqf.o
       340         12          0          0          0        104   dmul.o
       156          4          0          0          0         92   dnaninf.o
        12          0          0          0          0         68   dretinf.o
       108          0          0          0          0         80   drleqf.o
        86          4          0          0          0         84   f2d.o
        54          4          0          0          0         84   ffix.o
        62          4          0          0          0         84   ffixu.o
        38          0          0          0          0         68   fflt_clz.o
       258          4          0          0          0         84   fmul.o
       140          4          0          0          0         84   fnaninf.o
         0          0          8          0          0          0   fpconst.o
        10          0          0          0          0         68   fretinf.o
         4          0          0          0          0         68   printf1.o
         4          0          0          0          0         68   printf2.o
       100          0          0          0          0         68   retnan.o
        92          0          0          0          0         68   scalbn.o
         4          0          0          0          0         68   scanf1.o
         8          0          0          0          0         84   scanf2.o
        48          0          0          0          0         68   trapv.o
         0          0          0          0          0          0   usenofp.o
        42          0          0          0          0         84   atof.o
        16          6          0          0          0         68   dunder.o
        40          0          0          0          0         68   fpclassify.o
        88          8          0          0          0         76   frexp.o
       148          0          0          0          0        160   ldexp.o
       152          4          0          0          0        160   narrow.o

    ----------------------------------------------------------------------
     14642        586        564          4        100       9636   Library Totals
        32          0          5          0          4          0   (incl. Padding)

    ----------------------------------------------------------------------

      Code (inc. data)   RO Data    RW Data    ZI Data      Debug   Library Name

     10594        356        551          4         96       6564   c_w.l
      3530        212          8          0          0       2456   fz_ws.l
       486         18          0          0          0        616   m_ws.l

    ----------------------------------------------------------------------
     14642        586        564          4        100       9636   Library Totals

    ----------------------------------------------------------------------

==============================================================================


      Code (inc. data)   RO Data    RW Data    ZI Data      Debug   

     47052       3756       1156        248      10504     438800   Grand Totals
     47052       3756       1156        248      10504     438800   ELF Image Totals
     47052       3756       1156        248          0          0   ROM Totals

==============================================================================

    Total RO  Size (Code + RO Data)                48208 (  47.08kB)
    Total RW  Size (RW Data + ZI Data)             10752 (  10.50kB)
    Total ROM Size (Code + RO Data + RW Data)      48456 (  47.32kB)

==============================================================================

